"use strict";(self.webpackChunkmy_website=self.webpackChunkmy_website||[]).push([[2103],{1544:(n,e,i)=>{i.r(e),i.d(e,{assets:()=>c,contentTitle:()=>o,default:()=>l,frontMatter:()=>r,metadata:()=>a,toc:()=>d});var t=i(85893),s=i(11151);const r={sidebar_position:2},o="\u5f00\u53d1\u73af\u5883\u642d\u5efa",a={id:"D1s-CVBS/part6/DevelopmentEnvironmentSetup",title:"\u5f00\u53d1\u73af\u5883\u642d\u5efa",description:"\u83b7\u53d6TinaSDK\u6e90\u7801",source:"@site/docs/D1s-CVBS/part6/02-DevelopmentEnvironmentSetup.md",sourceDirName:"D1s-CVBS/part6",slug:"/D1s-CVBS/part6/DevelopmentEnvironmentSetup",permalink:"/docs/D1s-CVBS/part6/DevelopmentEnvironmentSetup",draft:!1,unlisted:!1,editUrl:"https://github.com/100askTeam/linuxboard-docs/tree/main/docs/D1s-CVBS/part6/02-DevelopmentEnvironmentSetup.md",tags:[],version:"current",sidebarPosition:2,frontMatter:{sidebar_position:2},sidebar:"d1scvbsSidebar",previous:{title:"Tina-SDK\u5f00\u53d1",permalink:"/docs/category/tina-sdk\u5f00\u53d1-4"},next:{title:"\u79fb\u690dwifi\u6a21\u5757XR829",permalink:"/docs/D1s-CVBS/part6/TransplantingWiFiModuleXR829IntoD1s"}},c={},d=[{value:"\u83b7\u53d6TinaSDK\u6e90\u7801",id:"\u83b7\u53d6tinasdk\u6e90\u7801",level:2},{value:"\u7f16\u8bd1\u51fa\u56fa\u4ef6",id:"\u7f16\u8bd1\u51fa\u56fa\u4ef6",level:2},{value:"\u70e7\u5f55\u56fa\u4ef6",id:"\u70e7\u5f55\u56fa\u4ef6",level:2}];function u(n){const e={a:"a",code:"code",h1:"h1",h2:"h2",img:"img",p:"p",pre:"pre",strong:"strong",...(0,s.a)(),...n.components};return(0,t.jsxs)(t.Fragment,{children:[(0,t.jsx)(e.h1,{id:"\u5f00\u53d1\u73af\u5883\u642d\u5efa",children:"\u5f00\u53d1\u73af\u5883\u642d\u5efa"}),"\n",(0,t.jsx)(e.h2,{id:"\u83b7\u53d6tinasdk\u6e90\u7801",children:"\u83b7\u53d6TinaSDK\u6e90\u7801"}),"\n",(0,t.jsxs)(e.p,{children:["Tina-SDKV2.0\u6e90\u7801\u7f51\u76d8\u94fe\u63a5\uff1a",(0,t.jsx)(e.a,{href:"https://pan.baidu.com/s/13uKlqDXImmMl9cgKc41tZg?pwd=qcw7",children:"https://pan.baidu.com/s/13uKlqDXImmMl9cgKc41tZg?pwd=qcw7"})]}),"\n",(0,t.jsxs)(e.p,{children:["D1s-CVBS\u5f00\u53d1\u677f\u6269\u5c55\u8865\u4e01\uff1a",(0,t.jsx)(e.a,{href:"https://github.com/DongshanPI/D1s-CVBS_TinaSDK",children:"https://github.com/DongshanPI/D1s-CVBS_TinaSDK"})]}),"\n",(0,t.jsx)(e.p,{children:"\u4e0a\u4f20\u5230ubuntu\uff0c\u521b\u5efa\u6587\u4ef6\u5939\u7528\u6765\u4fdd\u5b58\u6e90\u7801\uff1a"}),"\n",(0,t.jsx)(e.pre,{children:(0,t.jsx)(e.code,{className:"language-bash",children:"ubuntu@ubuntu1804:~$ mkdir Tina_SDK\nubuntu@ubuntu1804:~$ cd Tina_SDK/\nubuntu@ubuntu1804:~/Tina_SDK$ tree -L 1\n.\n\u251c\u2500\u2500 tina-d1-h.tar.bz2.00\n\u251c\u2500\u2500 tina-d1-h.tar.bz2.01\n\u251c\u2500\u2500 tina-d1-h.tar.bz2.02\n\u251c\u2500\u2500 tina-d1-h.tar.bz2.03\n\u251c\u2500\u2500 tina-d1-h.tar.bz2.04\n\u251c\u2500\u2500 tina-d1-h.tar.bz2.05\n\u251c\u2500\u2500 tina-d1-h.tar.bz2.06\n\u251c\u2500\u2500 tina-d1-h.tar.bz2.07\n\u2514\u2500\u2500 tina-d1-h.tar.bz2.08\n\n0 directories, 9 files\n"})}),"\n",(0,t.jsx)(e.p,{children:"\u67e5\u770b\u6240\u6709\u6587\u4ef6MD5\u6821\u9a8c\u503c\uff1a"}),"\n",(0,t.jsx)(e.pre,{children:(0,t.jsx)(e.code,{className:"language-bash",children:"ubuntu@ubuntu1804:~/Tina_SDK$ md5sum tina-d1-h.tar.bz2.*\ne755bae00cd76afc3fb276b4e3fd86ba  tina-d1-h.tar.bz2.00\ncb60ecfdb51c624ff3cbd7b24552866f  tina-d1-h.tar.bz2.01\n54e56a4cf1cef46ca0a94b85ea1d33a1  tina-d1-h.tar.bz2.02\n4988fa08827c0f7af2dc170145e24b26  tina-d1-h.tar.bz2.03\na0463bcf8e73db27b5ecafaac593a919  tina-d1-h.tar.bz2.04\na87382ca16a8c12b3a94f1cad99ce77e  tina-d1-h.tar.bz2.05\n5973530baa3b282108351818641c27fd  tina-d1-h.tar.bz2.06\nccd63e1d16534b364a101d2d44416261  tina-d1-h.tar.bz2.07\ne0d72713565f4424ea43c07e15a38139  tina-d1-h.tar.bz2.08\n"})}),"\n",(0,t.jsx)(e.p,{children:"\u786e\u4fdd\u6821\u9a8c\u503c\u5bf9\u4e0a\u3002\u5426\u5219\u9700\u8981\u91cd\u65b0\u4e0a\u4f20\u3002"}),"\n",(0,t.jsx)(e.p,{children:"\u89e3\u538b\u6e90\u7801\uff1a"}),"\n",(0,t.jsx)(e.pre,{children:(0,t.jsx)(e.code,{className:"language-bash",children:"ubuntu@ubuntu1804:~/Tina_SDK$ cat tina-d1-h.tar.bz2.* | tar -jxv\n"})}),"\n",(0,t.jsx)(e.p,{children:"\u7b49\u5f85\u4e00\u6bb5\u65f6\u95f4\uff0c\u5373\u53ef\u89e3\u538b\u5b8c\u6210\u3002"}),"\n",(0,t.jsx)(e.pre,{children:(0,t.jsx)(e.code,{className:"language-bash",children:"ubuntu@ubuntu1804:~/Tina_SDK$ tree -L 1\n.\n\u251c\u2500\u2500 tina-d1-h\n\u251c\u2500\u2500 tina-d1-h.tar.bz2.00\n\u251c\u2500\u2500 tina-d1-h.tar.bz2.01\n\u251c\u2500\u2500 tina-d1-h.tar.bz2.02\n\u251c\u2500\u2500 tina-d1-h.tar.bz2.03\n\u251c\u2500\u2500 tina-d1-h.tar.bz2.04\n\u251c\u2500\u2500 tina-d1-h.tar.bz2.05\n\u251c\u2500\u2500 tina-d1-h.tar.bz2.06\n\u251c\u2500\u2500 tina-d1-h.tar.bz2.07\n\u2514\u2500\u2500 tina-d1-h.tar.bz2.08\n\n1 directory, 9 files\nubuntu@ubuntu1804:~/Tina_SDK$ mv tina-d1-h ../\n"})}),"\n",(0,t.jsx)(e.p,{children:"\u83b7\u53d6\u6269\u5c55\u652f\u6301\u4ed3\u5e93\uff0c\u7136\u540e\u52a0\u4ee5\u5e94\u7528\uff1a"}),"\n",(0,t.jsx)(e.pre,{children:(0,t.jsx)(e.code,{className:"language-bash",children:"ubuntu@ubuntu1804:~$ git clone https://github.com/DongshanPI/D1s-CVBS_TinaSDK.git\nubuntu@ubuntu1804:~$ cd D1s-CVBS_TinaSDK\nubuntu@ubuntu1804:~/D1s-CVBS_TinaSDK$ git submodule update --init\nubuntu@ubuntu1804:~/D1s-CVBS_TinaSDK$ cp ./* -rfvd ~/tina-d1-h\n"})}),"\n",(0,t.jsx)(e.p,{children:"\u7f16\u8bd1\u56fa\u4ef6\u4e4b\u524d\uff0c\u5148\u5b89\u88c5\u4e00\u4e9b\u4f9d\u8d56\uff0c\u5426\u5219\u7f16\u8bd1\u4f1a\u62a5\u9519\uff1a"}),"\n",(0,t.jsx)(e.pre,{children:(0,t.jsx)(e.code,{className:"language-bash",children:"sudo apt-get install build-essential subversion git libncurses5-dev zlib1g-dev gawk flex quilt libssl-dev xsltproc libxml-parser-perl mercurial bzr ecj cvs unzip lib32z1 lib32z1-dev lib32stdc++6 libstdc++6 libc6:i386 libstdc++6:i386 lib32ncurses5 lib32z1 -y\n"})}),"\n",(0,t.jsx)(e.h2,{id:"\u7f16\u8bd1\u51fa\u56fa\u4ef6",children:"\u7f16\u8bd1\u51fa\u56fa\u4ef6"}),"\n",(0,t.jsxs)(e.p,{children:["\u8fdb\u5165\u6e90\u7801\u76ee\u5f55\uff0c\u6267\u884c",(0,t.jsx)(e.code,{children:"source build/envsetup.sh"}),"\u3001",(0,t.jsx)(e.code,{children:"lunch"}),"\u4e4b\u540e\uff0c\u9009\u62e9",(0,t.jsx)(e.code,{children:"3"}),"\uff1a"]}),"\n",(0,t.jsx)(e.pre,{children:(0,t.jsx)(e.code,{className:"language-bash",children:"ubuntu@ubuntu1804:~/tina-d1-h$ source build/envsetup.sh \nSetup env done! Please run lunch next.\nubuntu@ubuntu1804:~/tina-d1-h$ lunch\n\nYou're building on Linux\n\nLunch menu... pick a combo:\n     1. d1-h_nezha_min-tina\n     2. d1-h_nezha-tina\n     3. d1s_cvbs-tina\n     4. d1s_nezha-tina\n     5. t113_100ask_devkit-tina\n     6. t113_100ask-tina\n\nWhich would you like? [Default t113_100ask_devkit]: 3\n============================================\nTINA_BUILD_TOP=/home/ubuntu/tina-d1-h\nTINA_TARGET_ARCH=riscv\nTARGET_PRODUCT=d1s_cvbs\nTARGET_PLATFORM=d1s\nTARGET_BOARD=d1s-cvbs\nTARGET_PLAN=cvbs\nTARGET_BUILD_VARIANT=tina\nTARGET_BUILD_TYPE=release\nTARGET_KERNEL_VERSION=5.4\nTARGET_UBOOT=u-boot-2018\nTARGET_CHIP=sun20iw1p1\n============================================\nclean buildserver\n[1] 121700\nubuntu@ubuntu1804:~/tina-d1-h$\n"})}),"\n",(0,t.jsxs)(e.p,{children:["\u63a5\u7740",(0,t.jsx)(e.code,{children:"make"}),"\u7f16\u8bd1\u3001",(0,t.jsx)(e.code,{children:"pack"}),"\u6253\u5305\uff1a"]}),"\n",(0,t.jsx)(e.pre,{children:(0,t.jsx)(e.code,{className:"language-bash",children:"ubuntu@ubuntu1804:~/tina-d1-h$ make\n...\nmake[5]: Leaving directory '/home/ubuntu/tina-d1-h/target/allwinner/generic/image'\nmake[4]: Leaving directory '/home/ubuntu/tina-d1-h/target/allwinner/d1s-cvbs'\nmake[3]: Leaving directory '/home/ubuntu/tina-d1-h/target/allwinner'\nmake[2]: Leaving directory '/home/ubuntu/tina-d1-h'\nexport MAKEFLAGS= ;make -w -r package/index\nmake[2]: Entering directory '/home/ubuntu/tina-d1-h'\nGenerating package index...\nSigning key has not been configured\nmake[2]: Leaving directory '/home/ubuntu/tina-d1-h'\nmake[1]: Leaving directory '/home/ubuntu/tina-d1-h'\n[2]+  Done                    $T/tools/build/buildserver --path $T 2> /dev/null 1>&2\n\n#### make completed successfully (26:53 (mm:ss)) ####\nubuntu@ubuntu1804:~/tina-d1-h$ pack\n--==========--\nPACK_CHIP         sun20iw1p1\nPACK_PLATFORM     tina\nPACK_BOARD        d1s-cvbs\nPACK_KERN        \nPACK_DEBUG        uart3\nPACK_SIG          none\nPACK_SECURE       none\nPACK_MODE         normal\nPACK_FUNC         android\nPACK_PROGRAMMER   none\nPACK_TAR_IMAGE    none\nPACK_TOPDIR       /home/ubuntu/tina-d1-h\n--==========--\nNo kernel param, parse it from d1s\ncopying tools file\ncopying configs file\nstorage_type value is 5\nrm /home/ubuntu/tina-d1-h/out/d1s-cvbs/image/sys_partition_nor.fex\nrm /home/ubuntu/tina-d1-h/out/d1s-cvbs/image/image_nor.cfg\ncopying boot resource\n\nLZMA 4.65 : Igor Pavlov : Public domain : 2009-02-03\ncopying boot file\nmake user resource for : /home/ubuntu/tina-d1-h/out/d1s-cvbs/image/sys_partition.fex\nhandle partition user-res\nno user resource partitions\nAPP_PART_DOWNLOAD_FILE = /home/ubuntu/tina-d1-h/out/d1s-cvbs/image/app.fex\nNeed size of filesystem\nno data resource partitions\ndon't build dtbo ...\nupdate_chip\npack boot package\nGetPrivateProfileSection read to end\ncontent_count=3\nLICHEE_REDUNDANT_ENV_SIZE config in BoardConfig.mk\n--mkenvimage create redundant env data!--\n---redundant env data size 0x20000---\npacking for tina linux\nnormal\nmbr count = 4\n\npartitation file Path=/home/ubuntu/tina-d1-h/out/d1s-cvbs/image/sys_partition.bin\nmbr_name file Path=/home/ubuntu/tina-d1-h/out/d1s-cvbs/image/sunxi_mbr.fex\ndownload_name file Path=/home/ubuntu/tina-d1-h/out/d1s-cvbs/image/dlinfo.fex\n\nmbr size = 16384\nmbr magic softw411\ndisk name=boot-resource\ndisk name=env\ndisk name=env-redund\ndisk name=boot\ndisk name=rootfs\ndisk name=recovery\ndisk name=rootfs_data\nthis is not a partition key\nupdate_for_part_info 0\ncrc 0 = 8b52d09e\ncrc 1 = 1eef81c3\ncrc 2 = 7b597465\ncrc 3 = eee42538\ngpt_head->header_crc32 = 0x33ca0f56\nGPT----part num 8---\ngpt_entry: 128\ngpt_header: 92\nGPT:boot-resource: 12000         121f7       \nGPT:env         : 121f8         123ef       \nGPT:env-redund  : 123f0         125e7       \nGPT:boot        : 125e8         175e7       \nGPT:rootfs      : 175e8         233e7       \nGPT:recovery    : 233e8         28b67       \nGPT:rootfs_data : 28b68         2b367       \nGPT:UDISK       : 2b368         ffffffde    \nupdate gpt file ok\nupdate mbr file ok\ntemp = 20\nmbr count = 4 total_sectors = 15269888 logic_offset = 40960\n\npartitation file Path=/home/ubuntu/tina-d1-h/out/d1s-cvbs/image/sys_partition.bin\nmbr_name file Path=/home/ubuntu/tina-d1-h/out/d1s-cvbs/image/sunxi_mbr.fex\ndownload_name file Path=/home/ubuntu/tina-d1-h/out/d1s-cvbs/image/dlinfo.fex\n\nmbr size = 16384\nmbr magic softw411\ndisk name=boot-resource\ndisk name=env\ndisk name=env-redund\ndisk name=boot\ndisk name=rootfs\ndisk name=recovery\ndisk name=rootfs_data\nthis is not a partition key\nupdate_for_part_info 0\ncrc 0 = 8b52d09e\ncrc 1 = 1eef81c3\ncrc 2 = 7b597465\ncrc 3 = eee42538\ngpt_head->header_crc32 = 0xa9cea6c4\nGPT----part num 8---\ngpt_entry: 128\ngpt_header: 92\nGPT:boot-resource: 12000         121f7       \nGPT:env         : 121f8         123ef       \nGPT:env-redund  : 123f0         125e7       \nGPT:boot        : 125e8         175e7       \nGPT:rootfs      : 175e8         233e7       \nGPT:recovery    : 233e8         28b67       \nGPT:rootfs_data : 28b68         2b367       \nGPT:UDISK       : 2b368         e8ffde      \nupdate gpt file ok\nupdate mbr file ok\n====================================\nshow \"sys_partition_for_dragon.fex\" message\n------------------------------------\n  [mbr]\n  mbr_size  : 16384 Kbyte\n------------------------------------\n  partition_name  : boot-resource\n  partition_size  : 504\n  downloadfile  : boot-resource.fex\n  boot-resource.fex size : 80K byte\n------------------------------------\n  partition_name  : env\n  partition_size  : 504\n  downloadfile  : env.fex\n  env.fex size : 128K byte\n------------------------------------\n  partition_name  : env-redund\n  partition_size  : 504\n  downloadfile  : env.fex\n  env.fex size : 128K byte\n------------------------------------\n  partition_name  : boot\n  partition_size  : 20480\n  downloadfile  : boot.fex\n  boot.fex -> /home/ubuntu/tina-d1-h/out/d1s-cvbs/boot.img\n  boot.img size : 7.3M byte\n------------------------------------\n  partition_name  : rootfs\n  partition_size  : 48640\n  downloadfile  : rootfs.fex\n  rootfs.fex -> /home/ubuntu/tina-d1-h/out/d1s-cvbs/rootfs.img\n  rootfs.img size : 9.2M byte\n------------------------------------\n  partition_name  : recovery\n  partition_size  : 22400\n  ;downloadfile  : recovery.fex\n  recovery.fex size : 24 byte\n------------------------------------\n  partition_name  : rootfs_data\n  partition_size  : 10240\n------------------------------------\n/home/ubuntu/tina-d1-h/out/host/bin/\n/home/ubuntu/tina-d1-h/out/d1s-cvbs/image\nBegin Parse sys_partion.fex\nAdd partion boot-resource.fex BOOT-RESOURCE_FEX\nAdd partion very boot-resource.fex BOOT-RESOURCE_FEX\nFilePath: boot-resource.fex\nFileLength=14000Add partion env.fex ENV_FEX000000000\nAdd partion very env.fex ENV_FEX000000000\nFilePath: env.fex\nFileLength=20000Add partion env.fex ENV_FEX000000000\nAdd partion very env.fex ENV_FEX000000000\nFilePath: env.fex\nFileLength=20000Add partion boot.fex BOOT_FEX00000000\nAdd partion very boot.fex BOOT_FEX00000000\nFilePath: boot.fex\nFileLength=74c000Add partion rootfs.fex ROOTFS_FEX000000\nAdd partion very rootfs.fex ROOTFS_FEX000000\nFilePath: rootfs.fex\nFileLength=920000BuildImg 0\nDragon execute image.cfg SUCCESS !\n----------image is for nand/emmc----------\n----------image is at----------\n\n/home/ubuntu/tina-d1-h/out/d1s-cvbs/tina_d1s-cvbs_uart3.img\n\npack finish\nubuntu@ubuntu1804:~/tina-d1-h$\n"})}),"\n",(0,t.jsxs)(e.p,{children:["\u6253\u5305\u6210\u529f\u540e\uff0c\u955c\u50cf\u6587\u4ef6\u4fdd\u5b58\u5728",(0,t.jsx)(e.code,{children:"tina-d1-h/out/d1s-cvbs/tina_d1s-cvbs_uart3.img"})]}),"\n",(0,t.jsx)(e.h2,{id:"\u70e7\u5f55\u56fa\u4ef6",children:"\u70e7\u5f55\u56fa\u4ef6"}),"\n",(0,t.jsxs)(e.p,{children:["\u628a\u955c\u50cf\u6587\u4ef6\u4f20\u5230PC\u7aef\uff0c\u6253\u5f00\u5168\u5fd7\u7ebf\u5237\u5de5\u5177 ",(0,t.jsx)(e.strong,{children:"AllwinnertechPhoeniSuit"}),"\uff0c\u627e\u5230",(0,t.jsx)(e.strong,{children:"PhoenixSuit.exe"})," \uff0c\u53cc\u51fb\u8fd0\u884c\uff1a"]}),"\n",(0,t.jsx)(e.p,{children:(0,t.jsx)(e.img,{alt:"image-20240709111952653",src:i(79786).Z+"",width:"800",height:"600"})}),"\n",(0,t.jsxs)(e.p,{children:["\u9009\u62e9",(0,t.jsx)(e.code,{children:"\u4e00\u952e\u5237\u673a"}),":"]}),"\n",(0,t.jsx)(e.p,{children:(0,t.jsx)(e.img,{alt:"image-20240709112026606",src:i(76858).Z+"",width:"800",height:"600"})}),"\n",(0,t.jsx)(e.p,{children:"\u627e\u5230\u955c\u50cf\u8def\u5f84\uff0c\u9009\u62e9\u5168\u76d8\u64e6\u9664\u5347\u7ea7\uff1a"}),"\n",(0,t.jsx)(e.p,{children:(0,t.jsx)(e.img,{alt:"image-20240715141718927",src:i(25303).Z+"",width:"800",height:"600"})}),"\n",(0,t.jsxs)(e.p,{children:["\u9009\u62e9\u597d\u4e4b\u540e\uff0c\u4e0d\u9700\u8981\u5176\u4ed6\u754c\u9762\u64cd\u4f5c\uff0c\u8fd9\u65f6\u62ff\u8d77\u5df2\u7ecf\u8fde\u63a5\u597d\u7684\u5f00\u53d1\u677f\uff0c\u5148\u6309\u4f4f ",(0,t.jsx)(e.strong,{children:"FEL"})," \u70e7\u5199\u6a21\u5f0f\u6309\u952e\uff0c\u4e4b\u540e\u6309\u4e00\u4e0b ",(0,t.jsx)(e.strong,{children:"RESET"})," \u7cfb\u7edf\u590d\u4f4d\u952e\uff0c\u5c31\u53ef\u4ee5\u81ea\u52a8\u8fdb\u5165\u70e7\u5199\u6a21\u5f0f\u5e76\u5f00\u59cb\u70e7\u5199\u3002"]}),"\n",(0,t.jsx)(e.p,{children:(0,t.jsx)(e.img,{alt:"image-20240709112322292",src:i(21665).Z+"",width:"800",height:"600"})}),"\n",(0,t.jsx)(e.p,{children:"\u4e32\u53e3\u6253\u5370\u4fe1\u606f\uff0c\u5982\u4e0b\uff1a"}),"\n",(0,t.jsx)(e.pre,{children:(0,t.jsx)(e.code,{className:"language-bash",children:"[53]HELLO! BOOT0 is starting!\n[56]BOOT0 commit : 88480af-dirty\n[59]set pll start\n[61]periph0 has been enabled\n[64]set pll end\n[65][pmu]: bus read error\n[68]board init ok\n[70]ZQ value = 0x2e\n[72]get_pmu_exist() = -1\n[74]DRAM BOOT DRIVE INFO: V0.33\n[77]DRAM CLK = 528 MHz\n[79]DRAM Type = 2 (2:DDR2,3:DDR3)\n[82]DRAMC read ODT  off.\n[84]DRAM ODT off.\n[86]ddr_efuse_type: 0xa\n[89]DRAM SIZE =64 M\n[91]dram_tpr4:0x0\n[92]PLL_DDR_CTRL_REG:0xf8002b00\n[95]DRAM_CLK_REG:0xc0000000\n[98][TIMING DEBUG] MR2= 0x0\n[102]DRAM simple test OK.\n[105]dram size =64\n[106]spinand UBOOT_START_BLK_NUM 8 UBOOT_LAST_BLK_NUM 32\n[111]block from 8 to 32\n[169]Check is correct.\n[171]dma 0x301c8 int is not used yet\n[174]dma 0x301c8 int is free, you do not need to free it again\n[180]Entry_name        = opensbi\n[183]Entry_name        = u-boot\n[187]Entry_name        = dtb\n\u2592190]Jump to second Boot.\n\nU-Boot 2018.05-g24521d6-dirty (Jul 14 2024 - 23:47:14 -0400) Allwinner Technology\n\n[00.200]DRAM:  64 MiB\n[00.202]Relocation Offset is: 01ee7000\n[00.206]secure enable bit: 0\n[00.210]CPU=720 MHz,PLL6=600 Mhz,AHB=200 Mhz, APB1=100Mhz  MBus=300Mhz\n[00.216]flash init start\n[00.218]workmode = 0,storage type = 0\nsspi->base_addr = 0x4025000, the SPI control register:\n[VER] 0x4025000 = 0x00010001, [GCR] 0x4025004 = 0x00000083, [TCR] 0x4025008 = 0x00000184\n[ICR] 0x4025010 = 0x00000f00, [ISR] 0x4025014 = 0x00000032, [FCR] 0x4025018 = 0x00200020\n[FSR] 0x402501c = 0x00000000, [WCR] 0x4025020 = 0x00000000, [CCR] 0x4025024 = 0x00000002\n[SDC] 0x4025028 = 0x00002000, [BCR] 0x4025030 = 0x00000000, [TCR] 0x4025034 = 0x00000000\n[BCC] 0x4025038 = 0x20000000, [DMA] 0x4025088 = 0x000000e5\n\n[00.267]sunxi-spinand-phy: not detect any munufacture from id table\n[00.273]sunxi-spinand-phy: get spi-nand Model from fdt fail\n[00.279]sunxi-spinand-phy: get phy info from fdt fail\n\ndevice nand0 <nand>, # parts = 4\n #: name                size            offset          mask_flags\n 0: boot0               0x00100000      0x00000000      1\n 1: uboot               0x00300000      0x00100000      1\n 2: secure_storage      0x00100000      0x00400000      1\n 3: sys                 0x07b00000      0x00500000      0\n\nactive partition: nand0,0 - (boot0) 0x00100000 @ 0x00000000\n\ndefaults:\nmtdids  : nand0=nand\nmtdparts: mtdparts=nand:1024k@0(boot0)ro,3072k@1048576(uboot)ro,1024k@4194304(secure_storage)ro,-(sys)\n[00.397]ubi0: attaching mtd4\n[00.496]ubi0: scanning is finished\n[00.503]ubi0: attached mtd4 (name \"sys\", size 123 MiB)\n[00.508]ubi0: PEB size: 262144 bytes (256 KiB), LEB size: 258048 bytes\n[00.514]ubi0: min./max. I/O unit sizes: 4096/4096, sub-page size 2048\n[00.520]ubi0: VID header offset: 2048 (aligned 2048), data offset: 4096\n[00.527]ubi0: good PEBs: 492, bad PEBs: 0, corrupted PEBs: 0\n[00.532]ubi0: user volume: 9, internal volumes: 1, max. volumes count: 128\n[00.539]ubi0: max/mean erase counter: 2/1, WL threshold: 4096, image sequence number: 0\n[00.546]ubi0: available PEBs: 0, total reserved PEBs: 492, PEBs reserved for bad PEB handling: 20\n[00.555]sunxi flash init ok\n[00.558]line:703 init_clocks\n[00.561]drv_disp_init\nrequest pwm success, pwm7:pwm7:0x2000c00.\n[00.582]drv_disp_init finish\n[00.584]boot_gui_init:start\n[00.588]set disp.dev2_output_type fail. using defval=0\n[00.595]boot_gui_init:finish\npartno erro : can't find partition bootloader\n54 bytes read in 0 ms\n[00.727]bmp_name=bootlogo.bmp size 38454\n38454 bytes read in 3 ms (12.2 MiB/s)\n[00.776]LCD open finish\n[00.857]Loading Environment from SUNXI_FLASH... OK\n[00.880]out of usb burn from boot: not need burn key\n[00.886]Item0 (Map) magic is bad\npartno erro : can't find partition private\n[00.915]update bootcmd\n[00.927]change working_fdt 0x42aa6da0 to 0x42a86da0\nNo reserved memory region found in source FDT\n[00.961]update dts\nnoncached_alloc(): addr = 0x42ca5080\nnoncached_alloc(): addr = 0x42ca50c0\nnoncached_alloc(): addr = 0x42ca5100\nnoncached_alloc(): addr = 0x42ca5940\ngeth_sys_init:634: get node 'gmac0' error\ngeth_sys_init fail!\n[00.981]Board Net Initialization Failed\n[00.985]No ethernet found.\nHit any key to stop autoboot:  0\n[02.377]no vendor_boot partition is found\nAndroid's image name: d1s-cvbs\nDetect comp none\n[02.395]\nStarting kernel ...\n\n\u2592** 17 printk messages dropped **\nDentry cache hash table entries: 8192 (order: 4, 65536 bytes, linear)\nInode-cache hash table entries: 4096 (order: 3, 32768 bytes, linear)\nSorting __ex_table...\nmem auto-init: stack:off, heap alloc:off, heap free:off\nMemory: 55032K/65536K available (4775K kernel code, 427K rwdata, 1864K rodata, 152K init, 240K bss, 10504K reserved, 0K cma-reserved)\nSLUB: HWalign=64, Order=0-3, MinObjects=0, CPUs=1, Nodes=1\nrcu: Preemptible hierarchical RCU implementation.\n        Tasks RCU enabled.\nrcu: RCU calculated value of scheduler-enlistment delay is 10 jiffies.\nNR_IRQS: 0, nr_irqs: 0, preallocated irqs: 0\nplic: mapped 200 interrupts with 1 handlers for 2 contexts.\nriscv_timer_init_dt: Registering clocksource cpuid [0] hartid [0]\nclocksource: riscv_clocksource: mask: 0xffffffffffffffff max_cycles: 0x588fe9dc0, max_idle_ns: 440795202592 ns\nsched_clock: 64 bits at 24MHz, resolution 41ns, wraps every 4398046511097ns\nriscv_timer_clockevent depends on broadcast, but no broadcast function available\nclocksource: timer: mask: 0xffffffff max_cycles: 0xffffffff, max_idle_ns: 79635851949 ns\nCalibrating delay loop (skipped), value calculated using timer frequency.. 48.00 BogoMIPS (lpj=240000)\npid_max: default: 32768 minimum: 301\nMount-cache hash table entries: 512 (order: 0, 4096 bytes, linear)\nMountpoint-cache hash table entries: 512 (order: 0, 4096 bytes, linear)\nASID allocator initialised with 65536 entries\nrcu: Hierarchical SRCU implementation.\ndevtmpfs: initialized\nrandom: get_random_u32 called from bucket_table_alloc.isra.27+0xfe/0x120 with crng_init=0\nclocksource: jiffies: mask: 0xffffffff max_cycles: 0xffffffff, max_idle_ns: 19112604462750000 ns\nfutex hash table entries: 256 (order: 0, 6144 bytes, linear)\npinctrl core: initialized pinctrl subsystem\nNET: Registered protocol family 16\nDMA: preallocated 256 KiB pool for atomic allocations\ncpuidle: using governor menu\nrtc_ccu: sunxi ccu init OK\nclock: sunxi ccu init OK\nclock: sunxi ccu init OK\niommu: Default domain type: Translated\nsunxi iommu: irq = 4\nSCSI subsystem initialized\nusbcore: registered new interface driver usbfs\nusbcore: registered new interface driver hub\nusbcore: registered new device driver usb\nmc: Linux media interface: v0.10\nvideodev: Linux video capture interface: v2.00\nAdvanced Linux Sound Architecture Driver Initialized.\nBluetooth: Core ver 2.22\nNET: Registered protocol family 31\nBluetooth: HCI device and connection manager initialized\nBluetooth: HCI socket layer initialized\nBluetooth: L2CAP socket layer initialized\nBluetooth: SCO socket layer initialized\npwm module init!\ng2d 5410000.g2d: Adding to iommu group 0\nG2D: rcq version initialized.major:251\nclocksource: Switched to clocksource riscv_clocksource\nsun8iw20-pinctrl 2000000.pinctrl: initialized sunXi PIO driver\nNET: Registered protocol family 2\ntcp_listen_portaddr_hash hash table entries: 256 (order: 0, 4096 bytes, linear)\nTCP established hash table entries: 512 (order: 0, 4096 bytes, linear)\nTCP bind hash table entries: 512 (order: 0, 4096 bytes, linear)\nTCP: Hash tables configured (established 512 bind 512)\nUDP hash table entries: 256 (order: 1, 8192 bytes, linear)\nUDP-Lite hash table entries: 256 (order: 1, 8192 bytes, linear)\nNET: Registered protocol family 1\nsun8iw20-pinctrl 2000000.pinctrl: 2000000.pinctrl supply vcc-pc not found, using dummy regulator\nspi spi0: spi0 supply spi not found, using dummy regulator\nsunxi_spi_resource_get()2151 - [spi0] SPI MASTER MODE\nsunxi_spi_resource_get()2189 - Failed to get sample mode\nsunxi_spi_resource_get()2194 - Failed to get sample delay\nsunxi_spi_resource_get()2198 - sample_mode:-1431633921 sample_delay:-1431633921\nsunxi_spi_clk_init()2240 - [spi0] mclk 100000000\nsunxi_spi_probe()2653 - [spi0]: driver probe succeed, base ffffffd004058000, irq 31\nworkingset: timestamp_bits=62 max_order=14 bucket_order=0\nsquashfs: version 4.0 (2009/01/31) Phillip Lougher\nntfs: driver 2.1.32 [Flags: R/W].\nio scheduler mq-deadline registered\nio scheduler kyber registered\n[DISP]disp_module_init\ndisp 5000000.disp: Adding to iommu group 0\n[DISP] parser_disp_init_para,line:1430:\nof_property_read fb0_width fail\n[DISP] disp_init,line:2386:\nsmooth display screen:0 type:1 mode:4\ndisp 5000000.disp: 5000000.disp supply vcc-lcd not found, using dummy regulator\ndisp 5000000.disp: 5000000.disp supply vcc-pd not found, using dummy regulator\ndisplay_fb_request,fb_id:0\nFreeing logo buffer memory: 1500K\ndisp_al_manager_apply ouput_type:1\n[DISP] lcd_clk_config,line:732:\ndisp 0, clk: pll(306000000),clk(306000000),dclk(51000000) dsi_rate(306000000)\n     clk real:pll(300000000),clk(300000000),dclk(50000000) dsi_rate(0)\nsun8iw20-pinctrl 2000000.pinctrl: 2000000.pinctrl supply vcc-pd not found, using dummy regulator\n[DISP]disp_module_init finish\nsunxi_sid_init()551 - insmod ok\npwm-regulator: supplied by regulator-dummy\nuart uart0: get regulator failed\nuart uart0: uart0 supply uart not found, using dummy regulator\nuart0: ttyS0 at MMIO 0x2500000 (irq = 18, base_baud = 1500000) is a SUNXI\nsun8iw20-pinctrl 2000000.pinctrl: 2000000.pinctrl supply vcc-pb not found, using dummy regulator\nuart uart3: get regulator failed\nuart uart3: uart3 supply uart not found, using dummy regulator\nuart3: ttyS3 at MMIO 0x2500c00 (irq = 21, base_baud = 1500000) is a SUNXI\nsw_console_setup()1808 - console setup baud 115200 parity n bits 8, flow n\nprintk: console [ttyS3] enabled\nmisc dump reg init\nsun8iw20-pinctrl 2000000.pinctrl: 2000000.pinctrl supply vcc-pg not found, using dummy regulator\nsunxi-rfkill soc@3000000:rfkill@0: module version: v1.0.9\nsunxi-rfkill soc@3000000:rfkill@0: get gpio chip_en failed\nsunxi-rfkill soc@3000000:rfkill@0: get gpio power_en failed\nsunxi-rfkill soc@3000000:rfkill@0: wlan_busnum (1)\nsunxi-rfkill soc@3000000:rfkill@0: Missing wlan_power.\nsunxi-rfkill soc@3000000:rfkill@0: wlan clock[0] (32k-fanout1)\nsunxi-rfkill soc@3000000:rfkill@0: wlan_regon gpio=204 assert=1\nsunxi-rfkill soc@3000000:rfkill@0: wlan_hostwake gpio=202 assert=1\nsunxi-rfkill soc@3000000:rfkill@0: wakeup source is enabled\nsunxi-rfkill soc@3000000:rfkill@0: Missing bt_power.\nsunxi-rfkill soc@3000000:rfkill@0: bt clock[0] (32k-fanout1)\nsunxi-rfkill soc@3000000:rfkill@0: bt_rst gpio=210 assert=0\n[ADDR_MGT] addr_mgt_probe: module version: v1.0.10\n[ADDR_MGT] addr_mgt_probe: success.\nsunxi-spinand: AW SPINand MTD Layer Version: 2.0 20201228\nsunxi-spinand-phy: AW SPINand Phy Layer Version: 1.10 20200306\nsunxi-spinand-phy: not detect any munufacture from id table\nsunxi-spinand-phy: get spi-nand Model from fdt fail\nsunxi-spinand-phy: get phy info from fdt fail\nsunxi-spinand-phy: not detect munufacture from fdt\nsunxi-spinand-phy: detect munufacture from id table: Winbond\nsunxi-spinand-phy: detect spinand id: ff21aaef ffffffff\nsunxi-spinand-phy: ========== arch info ==========\nsunxi-spinand-phy: Model:               W25N01GVZEIG\nsunxi-spinand-phy: Munufacture:         Winbond\nsunxi-spinand-phy: DieCntPerChip:       1\nsunxi-spinand-phy: BlkCntPerDie:        1024\nsunxi-spinand-phy: PageCntPerBlk:       64\nsunxi-spinand-phy: SectCntPerPage:      4\nsunxi-spinand-phy: OobSizePerPage:      64\nsunxi-spinand-phy: BadBlockFlag:        0x0\nsunxi-spinand-phy: OperationOpt:        0x7\nsunxi-spinand-phy: MaxEraseTimes:       65000\nsunxi-spinand-phy: EccFlag:             0x0\nsunxi-spinand-phy: EccType:             2\nsunxi-spinand-phy: EccProtectedType:    3\nsunxi-spinand-phy: ========================================\nsunxi-spinand-phy:\nsunxi-spinand-phy: ========== physical info ==========\nsunxi-spinand-phy: TotalSize:    128 M\nsunxi-spinand-phy: SectorSize:   512 B\nsunxi-spinand-phy: PageSize:     2 K\nsunxi-spinand-phy: BlockSize:    128 K\nsunxi-spinand-phy: OOBSize:      64 B\nsunxi-spinand-phy: ========================================\nsunxi-spinand-phy:\nsunxi-spinand-phy: ========== logical info ==========\nsunxi-spinand-phy: TotalSize:    128 M\nsunxi-spinand-phy: SectorSize:   512 B\nsunxi-spinand-phy: PageSize:     4 K\nsunxi-spinand-phy: BlockSize:    256 K\nsunxi-spinand-phy: OOBSize:      128 B\nsunxi-spinand-phy: ========================================\nsunxi-spinand-phy: W25N01GVZEIG reset rx bit width to 1\nsunxi-spinand-phy: W25N01GVZEIG reset tx bit width to 1\nsunxi-spinand-phy: block lock register: 0x00\nsunxi-spinand-phy: feature register: 0x19\nsunxi-spinand-phy: sunxi physic nand init end\nCreating 4 MTD partitions on \"sunxi_mtd_nand\":\n0x000000000000-0x000000100000 : \"boot0\"\n0x000000100000-0x000000500000 : \"uboot\"\nrandom: fast init done\n0x000000500000-0x000000600000 : \"secure_storage\"\n0x000000600000-0x000008000000 : \"sys\"\nehci_hcd: USB 2.0 'Enhanced' Host Controller (EHCI) Driver\nsunxi-ehci: EHCI SUNXI driver\nget ehci1-controller wakeup-source is fail.\nsunxi ehci1-controller don't init wakeup source\n[sunxi-ehci1]: probe, pdev->name: 4200000.ehci1-controller, sunxi_ehci: 0xffffffe000736920, 0x:ffffffd004072000, irq_no:31\nsunxi-ehci 4200000.ehci1-controller: 4200000.ehci1-controller supply drvvbus not found, using dummy regulator\nsunxi-ehci 4200000.ehci1-controller: 4200000.ehci1-controller supply hci not found, using dummy regulator\nsunxi-ehci 4200000.ehci1-controller: EHCI Host Controller\nsunxi-ehci 4200000.ehci1-controller: new USB bus registered, assigned bus number 1\nsunxi-ehci 4200000.ehci1-controller: irq 49, io mem 0x04200000\nsunxi-ehci 4200000.ehci1-controller: USB 2.0 started, EHCI 1.00\nsunxi-ehci 4200000.ehci1-controller: ehci_irq: highspeed device connect\nhub 1-0:1.0: USB hub found\nhub 1-0:1.0: 1 port detected\nohci_hcd: USB 1.1 'Open' Host Controller (OHCI) Driver\nsunxi-ohci: OHCI SUNXI driver\nget ohci1-controller wakeup-source is fail.\nsunxi ohci1-controller don't init wakeup source\n[sunxi-ohci1]: probe, pdev->name: 4200400.ohci1-controller, sunxi_ohci: 0xffffffe000736ce8\nsunxi-ohci 4200400.ohci1-controller: 4200400.ohci1-controller supply drvvbus not found, using dummy regulator\nsunxi-ohci 4200400.ohci1-controller: 4200400.ohci1-controller supply hci not found, using dummy regulator\nsunxi-ohci 4200400.ohci1-controller: OHCI Host Controller\nsunxi-ohci 4200400.ohci1-controller: new USB bus registered, assigned bus number 2\nsunxi-ohci 4200400.ohci1-controller: irq 50, io mem 0x04200400\nhub 2-0:1.0: USB hub found\nhub 2-0:1.0: 1 port detected\nsunxi-rtc 7090000.rtc: registered as rtc0\nsunxi-rtc 7090000.rtc: setting system clock to 1970-01-01T00:03:43 UTC (223)\nsunxi-rtc 7090000.rtc: sunxi rtc probed\ni2c /dev entries driver\nIR NEC protocol handler initialized\n[VIN_WARN]sensor_helper_probe: cannot get sensor0_cameravdd supply, setting it to NULL!\n[VIN_WARN]sensor_helper_probe: cannot get sensor0_iovdd supply, setting it to NULL!\n[VIN_WARN]sensor_helper_probe: cannot get sensor0_avdd supply, setting it to NULL!\n[VIN_WARN]sensor_helper_probe: cannot get sensor0_dvdd supply, setting it to NULL!\n[VIN_WARN]sensor_helper_probe: cannot get sensor1_cameravdd supply, setting it to NULL!\n[VIN_WARN]sensor_helper_probe: cannot get sensor1_iovdd supply, setting it to NULL!\n[VIN_WARN]sensor_helper_probe: cannot get sensor1_avdd supply, setting it to NULL!\n[VIN_WARN]sensor_helper_probe: cannot get sensor1_dvdd supply, setting it to NULL!\nuvcvideo: Unable to create debugfs directory\nusbcore: registered new interface driver uvcvideo\nUSB Video Class driver (1.1.1)\ngspca_main: v2.14.0 registered\nsunxi cedar version 1.1\nsunxi-cedar 1c0e000.ve: Adding to iommu group 0\nVE: install start!!!\n\nVE: cedar-ve the get irq is 6\n\nVE: install end!!!\n\nVE: sunxi_cedar_probe\nBluetooth: HCI UART driver ver 2.3\nBluetooth: HCI UART protocol H4 registered\nBluetooth: HCI UART protocol BCSP registered\nBluetooth: XRadio Bluetooth LPM Mode Driver Ver 1.0.10\nsunxi-mmc 4021000.sdmmc: SD/MMC/SDIO Host Controller Driver(v4.21 2021-11-18 10:02)\nsunxi-mmc 4021000.sdmmc: ***ctl-spec-caps*** 8\nsunxi-mmc 4021000.sdmmc: No vmmc regulator found\nsunxi-mmc 4021000.sdmmc: No vqmmc regulator found\nsunxi-mmc 4021000.sdmmc: No vdmmc regulator found\nsunxi-mmc 4021000.sdmmc: No vd33sw regulator found\nsunxi-mmc 4021000.sdmmc: No vd18sw regulator found\nsunxi-mmc 4021000.sdmmc: No vq33sw regulator found\nsunxi-mmc 4021000.sdmmc: No vq18sw regulator found\nsunxi-mmc 4021000.sdmmc: Cann't get pin bias hs pinstate,check if needed\nsunxi-mmc 4021000.sdmmc: sdc set ios:clk 0Hz bm PP pm UP vdd 21 width 1 timing LEGACY(SDR12) dt B\nusb 1-1: new high-speed USB device number 2 using sunxi-ehci\nsunxi-mmc 4021000.sdmmc: no vqmmc,Check if there is regulator\nsunxi-mmc 4021000.sdmmc: sdc set ios:clk 400000Hz bm PP pm ON vdd 21 width 1 timing LEGACY(SDR12) dt B\nsunxi-mmc 4021000.sdmmc: detmode:manually by software\nsunxi-mmc 4021000.sdmmc: smc 0 p1 err, cmd 52, RTO !!\nashmem: initialized\nsunxi-mmc 4021000.sdmmc: smc 0 p1 err, cmd 52, RTO !!\nsunxi-mmc 4021000.sdmmc: sdc set ios:clk 400000Hz bm PP pm ON vdd 21 width 1 timing LEGACY(SDR12) dt B\nexFAT: Version 1.3.0\nsunxi-mmc 4021000.sdmmc: sdc set ios:clk 400000Hz bm PP pm ON vdd 21 width 1 timing LEGACY(SDR12) dt B\n[AUDIOCODEC][sunxi_codec_parse_params][2412]:digital_vol:0, lineout_vol:26, mic1gain:31, mic2gain:31 pa_msleep:120, pa_level:1, pa_pwr_level:1\n\n[AUDIOCODEC][sunxi_codec_parse_params][2448]:adcdrc_cfg:0, adchpf_cfg:1, dacdrc_cfg:0, dachpf:0\n[AUDIOCODEC][sunxi_internal_codec_probe][2609]:codec probe finished\nsunxi-mmc 4021000.sdmmc: smc 0 p1 err, cmd 5, RTO !!\nsunxi-mmc 4021000.sdmmc: smc 0 p1 err, cmd 5, RTO !!\nsunxi-mmc 4021000.sdmmc: smc 0 p1 err, cmd 5, RTO !!\n[SNDCODEC][sunxi_card_init][583]:card init finished\nsunxi-mmc 4021000.sdmmc: smc 0 p1 err, cmd 5, RTO !!\nsunxi-mmc 4021000.sdmmc: sdc set ios:clk 0Hz bm PP pm OFF vdd 0 width 1 timing LEGACY(SDR12) dt B\nsunxi-codec-machine 2030340.sound: 2030000.codec <-> 203034c.dummy_cpudai mapping ok\ninput: audiocodec sunxi Audio Jack as /devices/platform/soc@3000000/2030340.sound/sound/card0/input0\n[SNDCODEC][sunxi_card_dev_probe][836]:register card finished\nNET: Registered protocol family 10\nSegment Routing with IPv6\n[SNDCODEC][sunxi_hs_init_work][259]:resume--\x3ereport switch\nNET: Registered protocol family 17\nBluetooth: RFCOMM TTY layer initialized\nBluetooth: RFCOMM socket layer initialized\nBluetooth: RFCOMM ver 1.11\nhub 1-1:1.0: USB hub found\nhub 1-1:1.0: 4 ports detected\nsun8iw20-pinctrl 2000000.pinctrl: 2000000.pinctrl supply vcc-pe not found, using dummy regulator\nsunxi-i2c sunxi-i2c2: sunxi-i2c2 supply twi not found, using dummy regulator\nsunxi-i2c sunxi-i2c2: probe success\nget ehci0-controller wakeup-source is fail.\nsunxi ehci0-controller don't init wakeup source\n[sunxi-ehci0]: probe, pdev->name: 4101000.ehci0-controller, sunxi_ehci: 0xffffffe000736190, 0x:ffffffd0040f4000, irq_no:2e\n[sunxi-ehci0]: Not init ehci0\nget ohci0-controller wakeup-source is fail.\nsunxi ohci0-controller don't init wakeup source\n[sunxi-ohci0]: probe, pdev->name: 4101400.ohci0-controller, sunxi_ohci: 0xffffffe000736558\n[sunxi-ohci0]: Not init ohci0\nubi0: attaching mtd3\nrandom: crng init done\nubi0: scanning is finished\nubi0: attached mtd3 (name \"sys\", size 122 MiB)\nubi0: PEB size: 262144 bytes (256 KiB), LEB size: 258048 bytes\nubi0: min./max. I/O unit sizes: 4096/4096, sub-page size 2048\nubi0: VID header offset: 2048 (aligned 2048), data offset: 4096\nubi0: good PEBs: 488, bad PEBs: 0, corrupted PEBs: 0\nubi0: user volume: 9, internal volumes: 1, max. volumes count: 128\nubi0: max/mean erase counter: 2/1, WL threshold: 4096, image sequence number: 0\nubi0: available PEBs: 6, total reserved PEBs: 482, PEBs reserved for bad PEB handling: 10\nubi0: background thread \"ubi_bgt0d\" started, PID 61\nblock ubiblock0_5: created from ubi0:5(rootfs)\nsun8iw20-pinctrl 2000000.pinctrl: pin PB6 already requested by 2500c00.uart; cannot claim for 2000000.pinctrl:38\nsun8iw20-pinctrl 2000000.pinctrl: pin-38 (2000000.pinctrl:38) status -22\nERR: id gpio_request failed\nvin_csi 5801000.csi: Adding to iommu group 0\nsunxi-vin-core 5809000.vinc: Adding to iommu group 0\nsunxi-vin-core 5809200.vinc: Adding to iommu group 0\nsun8iw20-pinctrl 2000000.pinctrl: pin PE8 already requested by 5801000.csi; cannot claim for 2000000.pinctrl:136\nsun8iw20-pinctrl 2000000.pinctrl: pin-136 (2000000.pinctrl:136) status -22\nsun8iw20-pinctrl 2000000.pinctrl: pin PE9 already requested by 5801000.csi; cannot claim for 2000000.pinctrl:137\nsun8iw20-pinctrl 2000000.pinctrl: pin-137 (2000000.pinctrl:137) status -22\nsun8iw20-pinctrl 2000000.pinctrl: pin PE6 already requested by 5801000.csi; cannot claim for 2000000.pinctrl:134\nsun8iw20-pinctrl 2000000.pinctrl: pin-134 (2000000.pinctrl:134) status -22\nsun8iw20-pinctrl 2000000.pinctrl: pin PE7 already requested by 5801000.csi; cannot claim for 2000000.pinctrl:135\nsun8iw20-pinctrl 2000000.pinctrl: pin-135 (2000000.pinctrl:135) status -22\n[VIN_WARN]get csi isp clk fail\n[VIN_WARN]get csi isp src clk fail\n[VIN_WARN]get csi mipi clk fail\n[VIN_WARN]get csi mipi src clk fail\n[VIN_WARN]get csi isp clk fail\n[VIN_WARN]Get isp reset control fail\n[VIN_ERR]registering ov5640, No such device!\n[VIN_ERR]ov5647 request i2c3 adapter failed!\nplatform regulatory.0: Direct firmware load for regulatory.db failed with error -2\nclk: Not disabling unused clocks\nALSA device list:\n  #0: audiocodec\nalloc_fd: slot 0 not NULL!\ncfg80211: failed to load regulatory.db\nVFS: Mounted root (squashfs filesystem) readonly on device 254:0.\ndevtmpfs: mounted\nFreeing unused kernel memory: 152K\nThis architecture does not have kernel memory protection.\nRun /pseudo_init as init process\nmount: mounting none on /dev failed: Device or resource busy\nUBIFS (ubi0:7): Mounting in unauthenticated mode\nUBIFS (ubi0:7): background thread \"ubifs_bgt0_7\" started, PID 89\nUBIFS (ubi0:7): recovery needed\nUBIFS (ubi0:7): recovery completed\nUBIFS (ubi0:7): UBIFS: mounted UBI device 0, volume 7, name \"rootfs_data\"\nUBIFS (ubi0:7): LEB size: 258048 bytes (252 KiB), min./max. I/O unit sizes: 4096 bytes/4096 bytes\nUBIFS (ubi0:7): FS size: 3096576 bytes (2 MiB, 12 LEBs), journal size 1806337 bytes (1 MiB, 5 LEBs)\nUBIFS (ubi0:7): reserved for root: 146258 bytes (142 KiB)\nUBIFS (ubi0:7): media format: w5/r0 (latest is w5/r0), UUID FE900EA9-D4AD-493A-8674-E58A153B6367, small LPT model\ncan't run '/etc/preinit': No such file or directory\nmount: mounting proc on /proc failed: Device or resource busy\nmount: mounting tmpfs on /run failed: No such file or directory\nhostname: can't open '/etc/hostname': No such file or directory\n------run rc.preboot file-----\nUBIFS (ubi0:8): Mounting in unauthenticated mode\nUBIFS (ubi0:8): background thread \"ubifs_bgt0_8\" started, PID 118\nUBIFS (ubi0:8): recovery needed\nUBIFS (ubi0:8): recovery completed\nUBIFS (ubi0:8): UBIFS: mounted UBI device 0, volume 8, name \"UDISK\"\nUBIFS (ubi0:8): LEB size: 258048 bytes (252 KiB), min./max. I/O unit sizes: 4096 bytes/4096 bytes\nUBIFS (ubi0:8): FS size: 47738880 bytes (45 MiB, 185 LEBs), journal size 2322432 bytes (2 MiB, 9 LEBs)\nUBIFS (ubi0:8): reserved for root: 2254825 bytes (2201 KiB)\nUBIFS (ubi0:8): media format: w5/r0 (latest is w5/r0), UUID E1929F41-6C47-4EBE-9816-DF4C22B99EF6, small LPT model\n------run rc.modules file-----\nusbcore: registered new interface driver usb-storage\nsunxi_gpadc_init,2151, success\nsunxi_gpadc_setup: get channel scan data failed\ninput: sunxi-gpadc0 as /devices/virtual/input/input1\nget ctp_power is fail, -22\nget ctp_power_ldo_vol is fail, -22\nsunxi_ctp_startup: ctp_power_io is invalid.\nget ctp_gesture_wakeup fail, no gesture wakeup\ngt9xxnew_ts 2-0014: 2-0014 supply ctp not found, using dummy regulator\nsun8iw20-pinctrl 2000000.pinctrl: pin PE11 already requested by 5801000.csi; cannot claim for 2000000.pinctrl:139\nsun8iw20-pinctrl 2000000.pinctrl: pin-139 (2000000.pinctrl:139) status -22\nwakeup gpio_request is failed\nstartup:ctp_ops.input_sensor_init err.\ncan not startup device!\nregulator-dummy: Underflow of regulator enable count\nregulator-dummy: Underflow of regulator enable count\ngt9xxnew_ts: probe of 2-0014 failed with error -1\nError: Driver 'gt9xxnew_ts' is already registered, aborting...\ninsmod: can't insert '/lib/modules/5.4.61/gt9xxnew_ts.ko': Operation not permitted\ninsmod: can't insert '/lib/modules/5.4.61/xr819s.ko': No such file or directory\nSuccessfully initialized wpa_supplicant\nCould not read interface wlan0 flags: No such device\nnl80211: Driver does not support authentication/association or connect commands\nnl80211: deinit ifname=wlan0 disabled_11b_rates=0\nCould not read interface wlan0 flags: No such device\nwlan0: Failed to initialize driver interface\n------run rc.final file-----\nnumid=30,iface=MIXER,name='Headphone Switch'\n  ; type=BOOLEAN,access=rw------,values=1\n  : values=on\nfile system registered\nconfigfs-gadget 4100000.udc-controller: failed to start g1: -19\nsh: write error: No such device\nread descriptors\nread strings\n\ninsmod_host_driver\n\n[ehci0-controller]: sunxi_usb_enable_ehci\n[sunxi-ehci0]: probe, pdev->name: 4101000.ehci0-controller, sunxi_ehci: 0xffffffe000736190, 0x:ffffffd0040f4000, irq_no:2e\nsunxi-ehci 4101000.ehci0-controller: 4101000.ehci0-controller supply hci not found, using dummy regulator\nsunxi-ehci 4101000.ehci0-controller: EHCI Host Controller\nsunxi-ehci 4101000.ehci0-controller: new USB bus registered, assigned bus number 3\nsunxi-ehci 4101000.ehci0-controller: irq 46, io mem 0x04101000\nsunxi-ehci 4101000.ehci0-controller: USB 2.0 started, EHCI 1.00\nhub 3-0:1.0: USB hub found\nhub 3-0:1.0: 1 port detected\n[ohci0-controller]: sunxi_usb_enable_ohci\n[sunxi-ohci0]: probe, pdev->name: 4101400.ohci0-controller, sunxi_ohci: 0xffffffe000736558\nsunxi-ohci 4101400.ohci0-controller: 4101400.ohci0-controller supply hci not found, using dummy regulator\nsunxi-ohci 4101400.ohci0-controller: OHCI Host Controller\nsunxi-ohci 4101400.ohci0-controller: new USB bus registered, assigned bus number 4\nsunxi-ohci 4101400.ohci0-controller: irq 47, io mem 0x04101400\nhub 4-0:1.0: USB hub found\nhub 4-0:1.0: 1 port detected\nhost_chose finished!\n\n\nBusyBox v1.27.2 () built-in shell (ash)\n\n------run profile file-----\nnice: can't execute '/usr/bin/story_bin': No such file or directory\n _____  _              __     _\n|_   _||_| ___  _ _   |  |   |_| ___  _ _  _ _\n  | |   _ |   ||   |  |  |__ | ||   || | ||_'_|\n  | |  | || | || _ |  |_____||_||_|_||___||_,_|\n  |_|  |_||_|_||_|_|  Tina is Based on OpenWrt!\n ----------------------------------------------\n Tina Linux (Neptune, 61CC0487)\n ----------------------------------------------\nroot@TinaLinux:/#\n"})})]})}function l(n={}){const{wrapper:e}={...(0,s.a)(),...n.components};return e?(0,t.jsx)(e,{...n,children:(0,t.jsx)(u,{...n})}):u(n)}},79786:(n,e,i)=>{i.d(e,{Z:()=>t});const t=i.p+"assets/images/image-20240709111952653-f1f28c7149dc01118720752d46129b5f.png"},76858:(n,e,i)=>{i.d(e,{Z:()=>t});const t=i.p+"assets/images/image-20240709112026606-71afde8f370c24c11cc8a9c1460c5a99.png"},21665:(n,e,i)=>{i.d(e,{Z:()=>t});const t=i.p+"assets/images/image-20240709112322292-90cead89655d1843038a15e58310641f.png"},25303:(n,e,i)=>{i.d(e,{Z:()=>t});const t=i.p+"assets/images/image-20240715141718927-967224dfeb238a0d0cea80bd3fcf9e3b.png"},11151:(n,e,i)=>{i.d(e,{Z:()=>a,a:()=>o});var t=i(67294);const s={},r=t.createContext(s);function o(n){const e=t.useContext(r);return t.useMemo((function(){return"function"==typeof n?n(e):{...e,...n}}),[e,n])}function a(n){let e;return e=n.disableParentContext?"function"==typeof n.components?n.components(s):n.components||s:o(n.components),t.createElement(r.Provider,{value:e},n.children)}}}]);