"use strict";(globalThis.webpackChunkdshanpi_website=globalThis.webpackChunkdshanpi_website||[]).push([[9813],{28453:(n,e,i)=>{i.d(e,{R:()=>a,x:()=>o});var t=i(96540);const r={},s=t.createContext(r);function a(n){const e=t.useContext(s);return t.useMemo(function(){return"function"==typeof n?n(e):{...e,...n}},[e,n])}function o(n){let e;return e=n.disableParentContext?"function"==typeof n.components?n.components(r):n.components||r:a(n.components),t.createElement(s.Provider,{value:e},n.children)}},31065:(n,e,i)=>{i.d(e,{A:()=>t});const t=i.p+"assets/images/image-20240709112026606-71afde8f370c24c11cc8a9c1460c5a99.png"},42459:(n,e,i)=>{i.d(e,{A:()=>t});const t=i.p+"assets/images/image-20240709112322292-90cead89655d1843038a15e58310641f.png"},48260:(n,e,i)=>{i.r(e),i.d(e,{assets:()=>d,contentTitle:()=>o,default:()=>l,frontMatter:()=>a,metadata:()=>t,toc:()=>c});const t=JSON.parse('{"id":"D1-Nezha/D1h-DualDisplay/part6/DevelopmentEnvironmentSetup","title":"\u5f00\u53d1\u73af\u5883\u642d\u5efa","description":"\u83b7\u53d6TinaSDK\u6e90\u7801","source":"@site/docs/D1-Nezha/D1h-DualDisplay/part6/07-DevelopmentEnvironmentSetup.md","sourceDirName":"D1-Nezha/D1h-DualDisplay/part6","slug":"/D1-Nezha/D1h-DualDisplay/part6/DevelopmentEnvironmentSetup","permalink":"/docs/D1-Nezha/D1h-DualDisplay/part6/DevelopmentEnvironmentSetup","draft":false,"unlisted":false,"editUrl":"https://github.com/100askTeam/linuxboard-docs/tree/main/docs/D1-Nezha/D1h-DualDisplay/part6/07-DevelopmentEnvironmentSetup.md","tags":[],"version":"current","sidebarPosition":1,"frontMatter":{"sidebar_position":1},"sidebar":"d1dSidebar","previous":{"title":"Tina-SDK\u5f00\u53d1","permalink":"/docs/category/tina-sdk\u5f00\u53d1-1"},"next":{"title":"MIPI\u5c4f\u9002\u914d","permalink":"/docs/D1-Nezha/D1h-DualDisplay/part6/MIPIScreenAdaptation"}}');var r=i(74848),s=i(28453);const a={sidebar_position:1},o="\u5f00\u53d1\u73af\u5883\u642d\u5efa",d={},c=[{value:"\u83b7\u53d6TinaSDK\u6e90\u7801",id:"\u83b7\u53d6tinasdk\u6e90\u7801",level:2},{value:"\u7f16\u8bd1\u51fa\u56fa\u4ef6",id:"\u7f16\u8bd1\u51fa\u56fa\u4ef6",level:2},{value:"\u70e7\u5f55\u56fa\u4ef6",id:"\u70e7\u5f55\u56fa\u4ef6",level:2}];function u(n){const e={a:"a",code:"code",h1:"h1",h2:"h2",header:"header",img:"img",p:"p",pre:"pre",strong:"strong",...(0,s.R)(),...n.components};return(0,r.jsxs)(r.Fragment,{children:[(0,r.jsx)(e.header,{children:(0,r.jsx)(e.h1,{id:"\u5f00\u53d1\u73af\u5883\u642d\u5efa",children:"\u5f00\u53d1\u73af\u5883\u642d\u5efa"})}),"\n",(0,r.jsx)(e.h2,{id:"\u83b7\u53d6tinasdk\u6e90\u7801",children:"\u83b7\u53d6TinaSDK\u6e90\u7801"}),"\n",(0,r.jsxs)(e.p,{children:["Tina-SDKV2.0\u6e90\u7801\u7f51\u76d8\u94fe\u63a5\uff1a",(0,r.jsx)(e.a,{href:"https://pan.baidu.com/s/13uKlqDXImmMl9cgKc41tZg?pwd=qcw7",children:"https://pan.baidu.com/s/13uKlqDXImmMl9cgKc41tZg?pwd=qcw7"})]}),"\n",(0,r.jsx)(e.p,{children:"\u4e0a\u4f20\u5230ubuntu\uff0c\u521b\u5efa\u6587\u4ef6\u5939\u7528\u6765\u4fdd\u5b58\u6e90\u7801\uff1a"}),"\n",(0,r.jsx)(e.pre,{children:(0,r.jsx)(e.code,{className:"language-bash",children:"ubuntu@ubuntu1804:~$ mkdir Tina_SDK\nubuntu@ubuntu1804:~$ cd Tina_SDK/\nubuntu@ubuntu1804:~/Tina_SDK$ tree -L 1\n.\n\u251c\u2500\u2500 tina-d1-h.tar.bz2.00\n\u251c\u2500\u2500 tina-d1-h.tar.bz2.01\n\u251c\u2500\u2500 tina-d1-h.tar.bz2.02\n\u251c\u2500\u2500 tina-d1-h.tar.bz2.03\n\u251c\u2500\u2500 tina-d1-h.tar.bz2.04\n\u251c\u2500\u2500 tina-d1-h.tar.bz2.05\n\u251c\u2500\u2500 tina-d1-h.tar.bz2.06\n\u251c\u2500\u2500 tina-d1-h.tar.bz2.07\n\u2514\u2500\u2500 tina-d1-h.tar.bz2.08\n\n0 directories, 9 files\n"})}),"\n",(0,r.jsx)(e.p,{children:"\u67e5\u770b\u6240\u6709\u6587\u4ef6MD5\u6821\u9a8c\u503c\uff1a"}),"\n",(0,r.jsx)(e.pre,{children:(0,r.jsx)(e.code,{className:"language-bash",children:"ubuntu@ubuntu1804:~/Tina_SDK$ md5sum tina-d1-h.tar.bz2.*\ne755bae00cd76afc3fb276b4e3fd86ba  tina-d1-h.tar.bz2.00\ncb60ecfdb51c624ff3cbd7b24552866f  tina-d1-h.tar.bz2.01\n54e56a4cf1cef46ca0a94b85ea1d33a1  tina-d1-h.tar.bz2.02\n4988fa08827c0f7af2dc170145e24b26  tina-d1-h.tar.bz2.03\na0463bcf8e73db27b5ecafaac593a919  tina-d1-h.tar.bz2.04\na87382ca16a8c12b3a94f1cad99ce77e  tina-d1-h.tar.bz2.05\n5973530baa3b282108351818641c27fd  tina-d1-h.tar.bz2.06\nccd63e1d16534b364a101d2d44416261  tina-d1-h.tar.bz2.07\ne0d72713565f4424ea43c07e15a38139  tina-d1-h.tar.bz2.08\n"})}),"\n",(0,r.jsx)(e.p,{children:"\u786e\u4fdd\u6821\u9a8c\u503c\u5bf9\u4e0a\u3002\u5426\u5219\u9700\u8981\u91cd\u65b0\u4e0a\u4f20\u3002"}),"\n",(0,r.jsx)(e.p,{children:"\u89e3\u538b\u6e90\u7801\uff1a"}),"\n",(0,r.jsx)(e.pre,{children:(0,r.jsx)(e.code,{className:"language-bash",children:"ubuntu@ubuntu1804:~/Tina_SDK$ cat tina-d1-h.tar.bz2.* | tar -jxv\n"})}),"\n",(0,r.jsx)(e.p,{children:"\u7b49\u5f85\u4e00\u6bb5\u65f6\u95f4\uff0c\u5373\u53ef\u89e3\u538b\u5b8c\u6210\u3002"}),"\n",(0,r.jsx)(e.pre,{children:(0,r.jsx)(e.code,{className:"language-bash",children:"ubuntu@ubuntu1804:~/Tina_SDK$ tree -L 1\n.\n\u251c\u2500\u2500 tina-d1-h\n\u251c\u2500\u2500 tina-d1-h.tar.bz2.00\n\u251c\u2500\u2500 tina-d1-h.tar.bz2.01\n\u251c\u2500\u2500 tina-d1-h.tar.bz2.02\n\u251c\u2500\u2500 tina-d1-h.tar.bz2.03\n\u251c\u2500\u2500 tina-d1-h.tar.bz2.04\n\u251c\u2500\u2500 tina-d1-h.tar.bz2.05\n\u251c\u2500\u2500 tina-d1-h.tar.bz2.06\n\u251c\u2500\u2500 tina-d1-h.tar.bz2.07\n\u2514\u2500\u2500 tina-d1-h.tar.bz2.08\n\n1 directory, 9 files\nubuntu@ubuntu1804:~/Tina_SDK$ mv tina-d1-h ../\n"})}),"\n",(0,r.jsx)(e.p,{children:"\u7f16\u8bd1\u56fa\u4ef6\u4e4b\u524d\uff0c\u5148\u5b89\u88c5\u4e00\u4e9b\u4f9d\u8d56\uff0c\u5426\u5219\u7f16\u8bd1\u4f1a\u62a5\u9519\uff1a"}),"\n",(0,r.jsx)(e.pre,{children:(0,r.jsx)(e.code,{className:"language-bash",children:"sudo apt-get install build-essential subversion git libncurses5-dev zlib1g-dev gawk flex quilt libssl-dev xsltproc libxml-parser-perl mercurial bzr ecj cvs unzip lib32z1 lib32z1-dev lib32stdc++6 libstdc++6 libc6:i386 libstdc++6:i386 lib32ncurses5 lib32z1 -y\n"})}),"\n",(0,r.jsx)(e.h2,{id:"\u7f16\u8bd1\u51fa\u56fa\u4ef6",children:"\u7f16\u8bd1\u51fa\u56fa\u4ef6"}),"\n",(0,r.jsxs)(e.p,{children:["\u8fdb\u5165\u6e90\u7801\u76ee\u5f55\uff0c\u6267\u884c",(0,r.jsx)(e.code,{children:"source build/envsetup.sh"}),"\u3001",(0,r.jsx)(e.code,{children:"lunch"}),"\u4e4b\u540e\uff0c\u9009\u62e9",(0,r.jsx)(e.code,{children:"2"}),"\uff1a"]}),"\n",(0,r.jsx)(e.pre,{children:(0,r.jsx)(e.code,{className:"language-bash",children:"ubuntu@ubuntu1804:~/tina-d1-h$ source build/envsetup.sh \nSetup env done! Please run lunch next.\nubuntu@ubuntu1804:~/tina-d1-h$ lunch\n\nYou're building on Linux\n\nLunch menu... pick a combo:\n     1. d1-h_nezha_min-tina\n     2. d1-h_nezha-tina\n     3. d1s_cvbs-tina\n     4. d1s_nezha-tina\n     5. t113_100ask_devkit-tina\n     6. t113_100ask-tina\n\nWhich would you like? [Default d1s_nezha]: 2\n============================================\nTINA_BUILD_TOP=/home/ubuntu/tina-d1-h\nTINA_TARGET_ARCH=riscv\nTARGET_PRODUCT=d1-h_nezha\nTARGET_PLATFORM=d1-h\nTARGET_BOARD=d1-h-nezha\nTARGET_PLAN=nezha\nTARGET_BUILD_VARIANT=tina\nTARGET_BUILD_TYPE=release\nTARGET_KERNEL_VERSION=5.4\nTARGET_UBOOT=u-boot-2018\nTARGET_CHIP=sun20iw1p1\n============================================\nno buildserver to clean\n[1] 66670\nubuntu@ubuntu1804:~/tina-d1-h$ \n"})}),"\n",(0,r.jsxs)(e.p,{children:["\u63a5\u7740",(0,r.jsx)(e.code,{children:"make"}),"\u7f16\u8bd1\u3001",(0,r.jsx)(e.code,{children:"pack"}),"\u6253\u5305\uff1a"]}),"\n",(0,r.jsx)(e.pre,{children:(0,r.jsx)(e.code,{className:"language-bash",children:"ubuntu@ubuntu1804:~/tina-d1-h$ make\n...\nmake[5]: Leaving directory '/home/ubuntu/tina-d1-h/target/allwinner/generic/image'\nmake[4]: Leaving directory '/home/ubuntu/tina-d1-h/target/allwinner/d1-h-nezha'\nmake[3]: Leaving directory '/home/ubuntu/tina-d1-h/target/allwinner'\nmake[2]: Leaving directory '/home/ubuntu/tina-d1-h'\nexport MAKEFLAGS= ;make -w -r package/index\nmake[2]: Entering directory '/home/ubuntu/tina-d1-h'\nGenerating package index...\nSigning key has not been configured\nmake[2]: Leaving directory '/home/ubuntu/tina-d1-h'\nmake[1]: Leaving directory '/home/ubuntu/tina-d1-h'\n[2]+  Done                    $T/tools/build/buildserver --path $T 2> /dev/null 1>&2\n\n#### make completed successfully (15:50 (mm:ss)) ####\n\nubuntu@ubuntu1804:~/tina-d1-h$ \nubuntu@ubuntu1804:~/tina-d1-h$ ls\nbuild   Config.in  dl      logs      out      prebuilt   rules.mk  target  toolchain\nconfig  device     lichee  Makefile  package  README.md  scripts   tmp     tools\nubuntu@ubuntu1804:~/tina-d1-h$ pack\n--==========--\nPACK_CHIP         sun20iw1p1\nPACK_PLATFORM     tina\nPACK_BOARD        d1-h-nezha\nPACK_KERN        \nPACK_DEBUG        uart0\nPACK_SIG          none\nPACK_SECURE       none\nPACK_MODE         normal\nPACK_FUNC         android\nPACK_PROGRAMMER   none\nPACK_TAR_IMAGE    none\nPACK_TOPDIR       /home/ubuntu/tina-d1-h\n--==========--\nNo kernel param, parse it from d1-h\ncopying tools file\ncopying configs file\nstorage_type value is 5\nrm /home/ubuntu/tina-d1-h/out/d1-h-nezha/image/sys_partition_nor.fex\nrm /home/ubuntu/tina-d1-h/out/d1-h-nezha/image/image_nor.cfg\ncopying boot resource\n\nLZMA 4.65 : Igor Pavlov : Public domain : 2009-02-03\ncopying boot file\nmake user resource for : /home/ubuntu/tina-d1-h/out/d1-h-nezha/image/sys_partition.fex\nhandle partition user-res\nno user resource partitions\nAPP_PART_DOWNLOAD_FILE = /home/ubuntu/tina-d1-h/out/d1-h-nezha/image/app.fex\nNeed size of filesystem\nno data resource partitions\ndon't build dtbo ...\nupdate_chip\npack boot package\nGetPrivateProfileSection read to end\ncontent_count=3\nLICHEE_REDUNDANT_ENV_SIZE config in BoardConfig.mk\n--mkenvimage create redundant env data!--\n---redundant env data size 0x20000---\npacking for tina linux\nnormal\nmbr count = 4\n\npartitation file Path=/home/ubuntu/tina-d1-h/out/d1-h-nezha/image/sys_partition.bin\nmbr_name file Path=/home/ubuntu/tina-d1-h/out/d1-h-nezha/image/sunxi_mbr.fex\ndownload_name file Path=/home/ubuntu/tina-d1-h/out/d1-h-nezha/image/dlinfo.fex\n\nmbr size = 252\nmbr magic softw411\ndisk name=boot-resource\ndisk name=env\ndisk name=env-redund\ndisk name=boot\ndisk name=rootfs\ndisk name=dsp0\ndisk name=recovery\nthis is not a partition key\nupdate_for_part_info 0\ncrc 0 = 4c7bc2df\ncrc 1 = d9c69382\ncrc 2 = bc706624\ncrc 3 = 29cd3779\ngpt_head->header_crc32 = 0x892c53ba\nGPT----part num 8---\ngpt_entry: 128\ngpt_header: 92\nGPT:boot-resource: a1f8          c177        \nGPT:env         : c178          c36f        \nGPT:env-redund  : c370          c567        \nGPT:boot        : c568          1161f       \nGPT:rootfs      : 11620         1b597       \nGPT:dsp0        : 1b598         1b987       \nGPT:recovery    : 1b988         227c7       \nGPT:UDISK       : 227c8         ffffffde    \nupdate gpt file ok\nupdate mbr file ok\ntemp = 20\nmbr count = 4 total_sectors = 15269888 logic_offset = 40960\n\npartitation file Path=/home/ubuntu/tina-d1-h/out/d1-h-nezha/image/sys_partition.bin\nmbr_name file Path=/home/ubuntu/tina-d1-h/out/d1-h-nezha/image/sunxi_mbr.fex\ndownload_name file Path=/home/ubuntu/tina-d1-h/out/d1-h-nezha/image/dlinfo.fex\n\nmbr size = 252\nmbr magic softw411\ndisk name=boot-resource\ndisk name=env\ndisk name=env-redund\ndisk name=boot\ndisk name=rootfs\ndisk name=dsp0\ndisk name=recovery\nthis is not a partition key\nupdate_for_part_info 0\ncrc 0 = 4c7bc2df\ncrc 1 = d9c69382\ncrc 2 = bc706624\ncrc 3 = 29cd3779\ngpt_head->header_crc32 = 0x1328fa28\nGPT----part num 8---\ngpt_entry: 128\ngpt_header: 92\nGPT:boot-resource: a1f8          c177        \nGPT:env         : c178          c36f        \nGPT:env-redund  : c370          c567        \nGPT:boot        : c568          1161f       \nGPT:rootfs      : 11620         1b597       \nGPT:dsp0        : 1b598         1b987       \nGPT:recovery    : 1b988         227c7       \nGPT:UDISK       : 227c8         e8ffde      \nupdate gpt file ok\nupdate mbr file ok\n====================================\nshow \"sys_partition_for_dragon.fex\" message\n------------------------------------\n  [mbr]\n  mbr_size  : 252 Kbyte\n------------------------------------\n  partition_name  : boot-resource\n  partition_size  : 8064\n  downloadfile  : boot-resource.fex\n  boot-resource.fex size : 3.0M byte\n------------------------------------\n  partition_name  : env\n  partition_size  : 504\n  downloadfile  : env.fex\n  env.fex size : 128K byte\n------------------------------------\n  partition_name  : env-redund\n  partition_size  : 504\n  downloadfile  : env.fex\n  env.fex size : 128K byte\n------------------------------------\n  partition_name  : boot\n  partition_size  : 20664\n  downloadfile  : boot.fex\n  boot.fex -> /home/ubuntu/tina-d1-h/out/d1-h-nezha/boot.img\n  boot.img size : 5.0M byte\n------------------------------------\n  partition_name  : rootfs\n  partition_size  : 40824\n  downloadfile  : rootfs.fex\n  rootfs.fex -> /home/ubuntu/tina-d1-h/out/d1-h-nezha/rootfs.img\n  rootfs.img size : 16M byte\n------------------------------------\n  partition_name  : dsp0\n  partition_size  : 1008\n  downloadfile  : dsp0.fex\n  dsp0.fex size : 249K byte\n------------------------------------\n  partition_name  : recovery\n  partition_size  : 28224\n------------------------------------\n/home/ubuntu/tina-d1-h/out/host/bin/\n/home/ubuntu/tina-d1-h/out/d1-h-nezha/image\nBegin Parse sys_partion.fex\nAdd partion boot-resource.fex BOOT-RESOURCE_FEX\nAdd partion very boot-resource.fex BOOT-RESOURCE_FEX\nFilePath: boot-resource.fex\nFileLength=2f8c00Add partion env.fex ENV_FEX000000000\nAdd partion very env.fex ENV_FEX000000000\nFilePath: env.fex\nFileLength=20000Add partion env.fex ENV_FEX000000000\nAdd partion very env.fex ENV_FEX000000000\nFilePath: env.fex\nFileLength=20000Add partion boot.fex BOOT_FEX00000000\nAdd partion very boot.fex BOOT_FEX00000000\nFilePath: boot.fex\nFileLength=4f4000Add partion rootfs.fex ROOTFS_FEX000000\nAdd partion very rootfs.fex ROOTFS_FEX000000\nFilePath: rootfs.fex\nFileLength=fc0000Add partion dsp0.fex DSP0_FEX00000000\nAdd partion very dsp0.fex DSP0_FEX00000000\nFilePath: dsp0.fex\nFileLength=3e38cBuildImg 0\nDragon execute image.cfg SUCCESS !\n----------image is for nand/emmc----------\n----------image is at----------\n\n/home/ubuntu/tina-d1-h/out/d1-h-nezha/tina_d1-h-nezha_uart0.img\n\npack finish\n"})}),"\n",(0,r.jsxs)(e.p,{children:["\u6253\u5305\u6210\u529f\u540e\uff0c\u955c\u50cf\u6587\u4ef6\u4fdd\u5b58\u5728",(0,r.jsx)(e.code,{children:"/home/ubuntu/tina-d1-h/out/d1-h-nezha/tina_d1-h-nezha_uart0.img"})]}),"\n",(0,r.jsx)(e.h2,{id:"\u70e7\u5f55\u56fa\u4ef6",children:"\u70e7\u5f55\u56fa\u4ef6"}),"\n",(0,r.jsxs)(e.p,{children:["\u628a\u955c\u50cf\u6587\u4ef6\u4f20\u5230PC\u7aef\uff0c\u6253\u5f00\u5168\u5fd7\u7ebf\u5237\u5de5\u5177 ",(0,r.jsx)(e.strong,{children:"AllwinnertechPhoeniSuit"}),"\uff0c\u627e\u5230",(0,r.jsx)(e.strong,{children:"PhoenixSuit.exe"})," \uff0c\u53cc\u51fb\u8fd0\u884c\uff1a"]}),"\n",(0,r.jsx)(e.p,{children:(0,r.jsx)(e.img,{alt:"image-20240709111952653",src:i(62952).A+"",width:"800",height:"600"})}),"\n",(0,r.jsxs)(e.p,{children:["\u9009\u62e9",(0,r.jsx)(e.code,{children:"\u4e00\u952e\u5237\u673a"}),":"]}),"\n",(0,r.jsx)(e.p,{children:(0,r.jsx)(e.img,{alt:"image-20240709112026606",src:i(31065).A+"",width:"800",height:"600"})}),"\n",(0,r.jsx)(e.p,{children:"\u627e\u5230\u955c\u50cf\u8def\u5f84\uff0c\u9009\u62e9\u5168\u76d8\u64e6\u9664\u5347\u7ea7\uff1a"}),"\n",(0,r.jsx)(e.p,{children:(0,r.jsx)(e.img,{alt:"image-20240715153547287",src:i(86406).A+"",width:"800",height:"600"})}),"\n",(0,r.jsxs)(e.p,{children:["\u9009\u62e9\u597d\u4e4b\u540e\uff0c\u4e0d\u9700\u8981\u5176\u4ed6\u754c\u9762\u64cd\u4f5c\uff0c\u8fd9\u65f6\u62ff\u8d77\u5df2\u7ecf\u8fde\u63a5\u597d\u7684\u5f00\u53d1\u677f\uff0c\u5148\u6309\u4f4f ",(0,r.jsx)(e.strong,{children:"FEL"})," \u70e7\u5199\u6a21\u5f0f\u6309\u952e\uff0c\u4e4b\u540e\u6309\u4e00\u4e0b ",(0,r.jsx)(e.strong,{children:"RESET"})," \u7cfb\u7edf\u590d\u4f4d\u952e\uff0c\u5c31\u53ef\u4ee5\u81ea\u52a8\u8fdb\u5165\u70e7\u5199\u6a21\u5f0f\u5e76\u5f00\u59cb\u70e7\u5199\u3002"]}),"\n",(0,r.jsx)(e.p,{children:(0,r.jsx)(e.img,{alt:"image-20240709112322292",src:i(42459).A+"",width:"800",height:"600"})}),"\n",(0,r.jsx)(e.p,{children:"\u4e32\u53e3\u6253\u5370\u4fe1\u606f\uff0c\u5982\u4e0b\uff1a"}),"\n",(0,r.jsx)(e.pre,{children:(0,r.jsx)(e.code,{className:"language-bash",children:"[53]HELLO! BOOT0 is starting!\n[56]BOOT0 commit : 88480af\n[58]set pll start\n[60]periph0 has been enabled\n[63]set pll end\n[64][pmu]: bus read error\n[67]board init ok\n[69]get_pmu_exist() = -1\n[71]DRAM BOOT DRIVE INFO: V0.33\n[74]DRAM CLK = 792 MHz\n[76]DRAM Type = 3 (2:DDR2,3:DDR3)\n[79]DRAMC ZQ value: 0x7b7bfb\n[82]DRAM ODT value: 0x42.\n[84]ddr_efuse_type: 0x0\n[87]DRAM SIZE =512 M\n[89]dram_tpr4:0x0\n[91]PLL_DDR_CTRL_REG:0xf8004100\n[94]DRAM_CLK_REG:0xc0000000\n[96][TIMING DEBUG] MR2= 0x18\n[100]DRAM simple test OK.\n[103]dram size =512\n[105]spinand UBOOT_START_BLK_NUM 8 UBOOT_LAST_BLK_NUM 32\n[110]block from 8 to 32\n[165]Check is correct.\n[167]dma 0x301a8 int is not used yet\n[171]dma 0x301a8 int is free, you do not need to free it again\n[176]Entry_name        = opensbi\n[179]Entry_name        = u-boot\n[183]Entry_name        = dtb\n[186]Jump to second Boot.\n\nOpenSBI auto-t113-linux-V0.8-2-g053d088\n   ____                    _____ ____ _____\n  / __ \\                  / ____|  _ \\_   _|\n | |  | |_ __   ___ _ __ | (___ | |_) || |\n | |  | | '_ \\ / _ \\ '_ \\ \\___ \\|  _ < | |\n | |__| | |_) |  __/ | | |____) | |_) || |_\n  \\____/| .__/ \\___|_| |_|_____/|____/_____|\n        | |\n        |_|\n\nPlatform Name          : T-HEAD Xuantie Platform\nPlatform HART Features : RV64ACDFIMSUVX\nPlatform Max HARTs     : 1\nCurrent Hart           : 0\nFirmware Base          : 0x41fc0400\nFirmware Size          : 75 KB\nRuntime SBI Version    : 0.2\n\nMIDELEG : 0x0000000000000222\nMEDELEG : 0x000000000000b1ff\nPMP0    : 0x0000000041fc0000-0x0000000041fdffff (A)\nPMP1    : 0x0000000040000000-0x000000007fffffff (A,R,W,X)\nPMP2    : 0x0000000080000000-0x00000000bfffffff (A,R,W,X)\nPMP3    : 0x0000000000020000-0x0000000000027fff (A,\u2592\n\nU-Boot 2018.05-g24521d6-dirty (Jun 25 2024 - 02:56:26 -0400) Allwinner Technology\n\n[00.271]DRAM:  512 MiB\n[00.273]Relocation Offset is: 1dee9000\n[00.277]secure enable bit: 0\n[00.280]CPU=1008 MHz,PLL6=600 Mhz,AHB=200 Mhz, APB1=100Mhz  MBus=300Mhz\n[00.286]flash init start\n[00.289]workmode = 0,storage type = 0\nsspi->base_addr = 0x4025000, the SPI control register:\n[VER] 0x4025000 = 0x00010001, [GCR] 0x4025004 = 0x00000083, [TCR] 0x4025008 = 0x00000184\n[ICR] 0x4025010 = 0x00000f00, [ISR] 0x4025014 = 0x00000032, [FCR] 0x4025018 = 0x00200020\n[FSR] 0x402501c = 0x00000000, [WCR] 0x4025020 = 0x00000000, [CCR] 0x4025024 = 0x00000002\n[SDC] 0x4025028 = 0x00002000, [BCR] 0x4025030 = 0x00000000, [TCR] 0x4025034 = 0x00000000\n[BCC] 0x4025038 = 0x20000000, [DMA] 0x4025088 = 0x000000e5\n\n[00.336]sunxi-spinand-phy: not detect any munufacture from id table\n[00.342]sunxi-spinand-phy: get spi-nand Model from fdt fail\n[00.348]sunxi-spinand-phy: get phy info from fdt fail\n\ndevice nand0 <nand>, # parts = 4\n #: name                size            offset          mask_flags\n 0: boot0               0x00100000      0x00000000      1\n 1: uboot               0x00300000      0x00100000      1\n 2: secure_storage      0x00100000      0x00400000      1\n 3: sys                 0x07b00000      0x00500000      0\n\nactive partition: nand0,0 - (boot0) 0x00100000 @ 0x00000000\n\ndefaults:\nmtdids  : nand0=nand\nmtdparts: mtdparts=nand:1024k@0(boot0)ro,3072k@1048576(uboot)ro,1024k@4194304(secure_storage)ro,-(sys)\n[00.462]ubi0: attaching mtd4\n[00.557]ubi0: scanning is finished\n[00.563]ubi0: attached mtd4 (name \"sys\", size 123 MiB)\n[00.568]ubi0: PEB size: 262144 bytes (256 KiB), LEB size: 258048 bytes\n[00.574]ubi0: min./max. I/O unit sizes: 4096/4096, sub-page size 2048\n[00.581]ubi0: VID header offset: 2048 (aligned 2048), data offset: 4096\n[00.587]ubi0: good PEBs: 492, bad PEBs: 0, corrupted PEBs: 0\n[00.592]ubi0: user volume: 10, internal volumes: 1, max. volumes count: 128\n[00.599]ubi0: max/mean erase counter: 2/1, WL threshold: 4096, image sequence number: 0\n[00.607]ubi0: available PEBs: 0, total reserved PEBs: 492, PEBs reserved for bad PEB handling: 20\n[00.615]sunxi flash init ok\n[00.618]line:703 init_clocks\n[00.621]drv_disp_init\nrequest pwm success, pwm0:pwm0:0x2000c00.\n[00.638]drv_disp_init finish\n[00.640]boot_gui_init:start\n[00.643]set disp.dev2_output_type fail. using defval=0\n[00.648]lcd_open_flow\n[00.650]lcd_cfg_panel_info\n[00.653]lcd_open_flow\n[00.655]lcd_power_on\n[00.680]boot_gui_init:finish\npartno erro : can't find partition bootloader\n[00.800]lcd_open_flow\n[00.802] tft08006 drivers/video/sunxi/disp2/disp/lcd/tft08006.c lcd_panel_init 162\n[00.809]lcd_panel_init\n[01.283]lcd_open_flow\n54 bytes read in 0 ms\n[01.288]bmp_name=bootlogo.bmp size 1152054\n[01.335]lcd_open_flow\n[01.337]lcd_bl_open\nFDT ERROR:fdt_get_all_pin:get property handle pinctrl-0 error:FDT_ERR_INTERNAL\nsunxi_pwm_pin_set_state, fdt_set_all_pin, ret=-1\n[01.350]lcd_open_flow\n[01.353]lcd_open_flow\n[01.355]LCD open finish\n1152054 bytes read in 75 ms (14.6 MiB/s)\n[01.491]Loading Environment from SUNXI_FLASH... OK\n[01.512]out of usb burn from boot: not need burn key\n[01.518]Item0 (Map) magic is bad\npartno erro : can't find partition private\n[01.544]update bootcmd\n[01.556]change working_fdt 0x5eaa8da0 to 0x5ea88da0\nNo reserved memory region found in source FDT\n[01.584]update dts\nnoncached_alloc(): addr = 0x5eca7080\nnoncached_alloc(): addr = 0x5eca70c0\nnoncached_alloc(): addr = 0x5eca7100\nnoncached_alloc(): addr = 0x5eca7940\nphy_mode=rgmii, phy_interface=7\ngmac: *** using ephy_clk ***\neth0\nWarning: eth0 (eth0) using random MAC address - 62:2c:14:f8:ee:8c\n\nHit any key to stop autoboot:  0\ndsp0:gpio init config fail\ndsp0:sharespace config fail\ndsp0 version is r528-tina-v1.0.0-release-37-g735b6b4-dirty\nDSP0 start ok, img length 254860, booting from 0x400660\n[01.901]no vendor_boot partition is found\nAndroid's image name: d1-h-nezha\nDetect comp gzip\n[02.154]\nStarting kernel ...\n\n[    0.000000] Linux version 5.4.61 (ubuntu@ubuntu1804) (riscv64-unknown-linux-gnu-gcc (C-SKY RISCV Tools V1.8.4 B20200702) 8.1.0, GNU ld (GNU Binutils) 2.32) #50 PREEMPT Tue Jun 25 06:59:32 UTC 2024\n[    0.000000] cma: Reserved 8 MiB at 0x000000005f800000\n[    0.000000] Zone ranges:\n[    0.000000]   DMA32    [mem 0x0000000040000000-0x000000005fffffff]\n[    0.000000]   Normal   empty\n[    0.000000] Movable zone start for each node\n[    0.000000] Early memory node ranges\n[    0.000000]   node   0: [mem 0x0000000040000000-0x000000005fffffff]\n[    0.000000] Initmem setup node 0 [mem 0x0000000040000000-0x000000005fffffff]\n[    0.000000] On node 0 totalpages: 131072\n[    0.000000]   DMA32 zone: 1792 pages used for memmap\n[    0.000000]   DMA32 zone: 0 pages reserved\n[    0.000000]   DMA32 zone: 131072 pages, LIFO batch:31\n[    0.000000] elf_hwcap is 0x20112d\n[    0.000000] pcpu-alloc: s0 r0 d32768 u32768 alloc=1*32768\n[    0.000000] pcpu-alloc: [0] 0\n[    0.000000] Built 1 zonelists, mobility grouping on.  Total pages: 129280\n[    0.000000] Kernel command line: ubi.mtd=sys ubi.block=0,rootfs earlyprintk=sunxi-uart,0x02500000 clk_ignore_unused initcall_debug=0 console=ttyS0,115200 loglevel=8 root=/dev/ubiblock0_5 rootfstype=squashfs init=/sbin/init partitions=mbr@ubi0_0:boot-resource@ubi0_1:env@ubi0_2:env-redund@ubi0_3:boot@ubi0_4:rootfs@ubi0_5:dsp0@ubi0_6:recovery@ubi0_7:rootfs_data@ubi0_8:UDISK@ubi0_9: cma=8M snum= mac_addr= wifi_mac= bt_mac= specialstr= gpt=1 androidboot.hardware=sun20iw1p1 boot_type=5 androidboot.boot_type=5 gpt=1 uboot_message=2018.05-g24521d\n[    0.000000] Dentry cache hash table entries: 65536 (order: 7, 524288 bytes, linear)\n[    0.000000] Inode-cache hash table entries: 32768 (order: 6, 262144 bytes, linear)\n[    0.000000] Sorting __ex_table...\n[    0.000000] mem auto-init: stack:off, heap alloc:off, heap free:off\n[    0.000000] Memory: 495332K/524288K available (6406K kernel code, 663K rwdata, 2165K rodata, 184K init, 336K bss, 20764K reserved, 8192K cma-reserved)\n[    0.000000] SLUB: HWalign=64, Order=0-3, MinObjects=0, CPUs=1, Nodes=1\n[    0.000000] rcu: Preemptible hierarchical RCU implementation.\n[    0.000000]  Tasks RCU enabled.\n[    0.000000] rcu: RCU calculated value of scheduler-enlistment delay is 10 jiffies.\n[    0.000000] NR_IRQS: 0, nr_irqs: 0, preallocated irqs: 0\n[    0.000000] plic: mapped 200 interrupts with 1 handlers for 2 contexts.\n[    0.000000] riscv_timer_init_dt: Registering clocksource cpuid [0] hartid [0]\n[    0.000000] clocksource: riscv_clocksource: mask: 0xffffffffffffffff max_cycles: 0x588fe9dc0, max_idle_ns: 440795202592 ns\n[    0.000006] sched_clock: 64 bits at 24MHz, resolution 41ns, wraps every 4398046511097ns\n[    0.000022] riscv_timer_clockevent depends on broadcast, but no broadcast function available\n[    0.000311] clocksource: timer: mask: 0xffffffff max_cycles: 0xffffffff, max_idle_ns: 79635851949 ns\n[    0.000911] Console: colour dummy device 80x25\n[    0.000948] Calibrating delay loop (skipped), value calculated using timer frequency.. 48.00 BogoMIPS (lpj=240000)\n[    0.000965] pid_max: default: 32768 minimum: 301\n[    0.001130] Mount-cache hash table entries: 1024 (order: 1, 8192 bytes, linear)\n[    0.001150] Mountpoint-cache hash table entries: 1024 (order: 1, 8192 bytes, linear)\n[    0.002696] ASID allocator initialised with 65536 entries\n[    0.002847] rcu: Hierarchical SRCU implementation.\n[    0.003453] devtmpfs: initialized\n[    0.016485] random: get_random_u32 called from bucket_table_alloc.isra.31+0x4e/0x15e with crng_init=0\n[    0.017399] clocksource: jiffies: mask: 0xffffffff max_cycles: 0xffffffff, max_idle_ns: 19112604462750000 ns\n[    0.017429] futex hash table entries: 256 (order: 0, 6144 bytes, linear)\n[    0.017813] pinctrl core: initialized pinctrl subsystem\n[    0.019052] NET: Registered protocol family 16\n[    0.020928] DMA: preallocated 256 KiB pool for atomic allocations\n[    0.021517] cpuidle: using governor menu\n[    0.063906] rtc_ccu: sunxi ccu init OK\n[    0.072980] clock: sunxi ccu init OK\n[    0.073776] clock: sunxi ccu init OK\n[    0.102457] iommu: Default domain type: Translated\n[    0.102628] sunxi iommu: irq = 4\n[    0.103675] SCSI subsystem initialized\n[    0.103996] usbcore: registered new interface driver usbfs\n[    0.104089] usbcore: registered new interface driver hub\n[    0.104190] usbcore: registered new device driver usb\n[    0.104349] mc: Linux media interface: v0.10\n[    0.104405] videodev: Linux video capture interface: v2.00\n[    0.105459] sunxi-msgbox-amp 3003000.msgbox: invalid resource\n[    0.106252] Advanced Linux Sound Architecture Driver Initialized.\n[    0.106819] Bluetooth: Core ver 2.22\n[    0.106894] NET: Registered protocol family 31\n[    0.106905] Bluetooth: HCI device and connection manager initialized\n[    0.106926] Bluetooth: HCI socket layer initialized\n[    0.106940] Bluetooth: L2CAP socket layer initialized\n[    0.106974] Bluetooth: SCO socket layer initialized\n[    0.107245] pwm module init!\n[    0.108757] g2d 5410000.g2d: Adding to iommu group 0\n[    0.109209] G2D: rcq version initialized.major:250\n[    0.109863] input: sunxi-keyboard as /devices/virtual/input/input0\n[    0.111373] clocksource: Switched to clocksource riscv_clocksource\n[    0.123010] sun8iw20-pinctrl 2000000.pinctrl: initialized sunXi PIO driver\n[    0.137891] thermal_sys: Registered thermal governor 'user_space'\n[    0.137897] thermal_sys: Registered thermal governor 'power_allocator'\n[    0.138388] NET: Registered protocol family 2\n[    0.139140] tcp_listen_portaddr_hash hash table entries: 256 (order: 0, 4096 bytes, linear)\n[    0.139182] TCP established hash table entries: 4096 (order: 3, 32768 bytes, linear)\n[    0.139241] TCP bind hash table entries: 4096 (order: 3, 32768 bytes, linear)\n[    0.139288] TCP: Hash tables configured (established 4096 bind 4096)\n[    0.139422] UDP hash table entries: 256 (order: 1, 8192 bytes, linear)\n[    0.139460] UDP-Lite hash table entries: 256 (order: 1, 8192 bytes, linear)\n[    0.139672] NET: Registered protocol family 1\n[    0.140824] sun8iw20-pinctrl 2000000.pinctrl: 2000000.pinctrl supply vcc-pc not found, using dummy regulator\n[    0.141366] spi spi0: spi0 supply spi not found, using dummy regulator\n[    0.141679] sunxi_spi_resource_get()2151 - [spi0] SPI MASTER MODE\n[    0.141740] sunxi_spi_resource_get()2189 - Failed to get sample mode\n[    0.141752] sunxi_spi_resource_get()2194 - Failed to get sample delay\n[    0.141762] sunxi_spi_resource_get()2198 - sample_mode:-1431633921 sample_delay:-1431633921\n[    0.141818] sunxi_spi_clk_init()2240 - [spi0] mclk 100000000\n[    0.142463] sunxi_spi_probe()2653 - [spi0]: driver probe succeed, base ffffffd004060000, irq 31\n[    0.144302] Initialise system trusted keyrings\n[    0.144493] workingset: timestamp_bits=62 max_order=17 bucket_order=0\n[    0.151060] squashfs: version 4.0 (2009/01/31) Phillip Lougher\n[    0.170468] Key type asymmetric registered\n[    0.170482] Asymmetric key parser 'x509' registered\n[    0.170504] io scheduler mq-deadline registered\n[    0.170512] io scheduler kyber registered\n[    0.170531] atomic64_test: passed\n[    0.171741] [DISP]disp_module_init\n[    0.172287] disp 5000000.disp: Adding to iommu group 0\n[    0.172892] [DISP] disp_init,line:2386:\n[    0.172898] smooth display screen:0 type:1 mode:4\n[    0.207628] lcd_cfg_panel_info\n[    0.207639] tft08006\n[    0.207682] display_fb_request,fb_id:0\n[    0.223221] Freeing logo buffer memory: 1500K\n[    0.223650] disp_al_manager_apply ouput_type:1\n[    0.223794] [DISP] lcd_clk_config,line:732:\n[    0.223807] disp 0, clk: pll(300000000),clk(300000000),dclk(25000000) dsi_rate(25000000)\n[    0.223807]      clk real:pll(300000000),clk(300000000),dclk(75000000) dsi_rate(150000000)\n[    0.224184] sun8iw20-pinctrl 2000000.pinctrl: 2000000.pinctrl supply vcc-pb not found, using dummy regulator\n[    0.224891] [DISP]disp_module_init finish\n[    0.225740] sunxi_sid_init()551 - insmod ok\n[    0.226103] pwm-regulator vdd-cpu: Failed to get PWM: -16\n[    0.226131] pwm-regulator: probe of vdd-cpu failed with error -16\n[    0.232818] uart uart0: get regulator failed\n[    0.232846] uart uart0: uart0 supply uart not found, using dummy regulator\n[    0.233177] uart0: ttyS0 at MMIO 0x2500000 (irq = 18, base_baud = 1500000) is a SUNXI\n[    0.233202] sw_console_setup()1808 - console setup baud 115200 parity n bits 8, flow n\n[    1.063245] printk: console [ttyS0] enabled\n[    1.068808] sun8iw20-pinctrl 2000000.pinctrl: 2000000.pinctrl supply vcc-pg not found, using dummy regulator\n[    1.080225] uart uart1: get regulator failed\n[    1.085090] uart uart1: uart1 supply uart not found, using dummy regulator\n[    1.093121] uart1: ttyS1 at MMIO 0x2500400 (irq = 19, base_baud = 1500000) is a SUNXI\n[    1.102998] misc dump reg init\n[    1.107246] sunxi-rfkill soc@3000000:rfkill@0: module version: v1.0.9\n[    1.114493] sunxi-rfkill soc@3000000:rfkill@0: get gpio chip_en failed\n[    1.121855] sunxi-rfkill soc@3000000:rfkill@0: get gpio power_en failed\n[    1.129242] sunxi-rfkill soc@3000000:rfkill@0: wlan_busnum (1)\n[    1.135805] sunxi-rfkill soc@3000000:rfkill@0: Missing wlan_power.\n[    1.142741] sunxi-rfkill soc@3000000:rfkill@0: wlan clock[0] (32k-fanout1)\n[    1.150439] sunxi-rfkill soc@3000000:rfkill@0: wlan_regon gpio=44 assert=1\n[    1.158229] sunxi-rfkill soc@3000000:rfkill@0: wlan_hostwake gpio=202 assert=1\n[    1.166360] sunxi-rfkill soc@3000000:rfkill@0: wakeup source is enabled\n[    1.174043] sunxi-rfkill soc@3000000:rfkill@0: Missing bt_power.\n[    1.180762] sunxi-rfkill soc@3000000:rfkill@0: bt clock[0] (32k-fanout1)\n[    1.188353] sunxi-rfkill soc@3000000:rfkill@0: bt_rst gpio=210 assert=0\n[    1.196514] [ADDR_MGT] addr_mgt_probe: module version: v1.0.10\n[    1.204188] [ADDR_MGT] addr_mgt_probe: success.\n[    1.210142] sunxi-spinand: AW SPINand MTD Layer Version: 2.0 20201228\n[    1.217408] sunxi-spinand-phy: AW SPINand Phy Layer Version: 1.10 20200306\n[    1.225321] sunxi-spinand-phy: not detect any munufacture from id table\n[    1.232764] sunxi-spinand-phy: get spi-nand Model from fdt fail\n[    1.239385] sunxi-spinand-phy: get phy info from fdt fail\n[    1.245430] sunxi-spinand-phy: not detect munufacture from fdt\n[    1.252110] sunxi-spinand-phy: detect munufacture from id table: Winbond\n[    1.259604] sunxi-spinand-phy: detect spinand id: ff21aaef ffffffff\n[    1.266615] sunxi-spinand-phy: ========== arch info ==========\n[    1.273167] sunxi-spinand-phy: Model:               W25N01GVZEIG\n[    1.279863] sunxi-spinand-phy: Munufacture:         Winbond\n[    1.286095] sunxi-spinand-phy: DieCntPerChip:       1\n[    1.291772] sunxi-spinand-phy: BlkCntPerDie:        1024\n[    1.297690] sunxi-spinand-phy: PageCntPerBlk:       64\n[    1.303437] sunxi-spinand-phy: SectCntPerPage:      4\n[    1.309081] sunxi-spinand-phy: OobSizePerPage:      64\n[    1.314831] sunxi-spinand-phy: BadBlockFlag:        0x0\n[    1.320652] sunxi-spinand-phy: OperationOpt:        0x7\n[    1.326520] sunxi-spinand-phy: MaxEraseTimes:       65000\n[    1.332562] sunxi-spinand-phy: EccFlag:             0x0\n[    1.338384] sunxi-spinand-phy: EccType:             2\n[    1.344058] sunxi-spinand-phy: EccProtectedType:    3\n[    1.349687] sunxi-spinand-phy: ========================================\n[    1.357131] sunxi-spinand-phy:\n[    1.360631] sunxi-spinand-phy: ========== physical info ==========\n[    1.367541] sunxi-spinand-phy: TotalSize:    128 M\n[    1.372899] sunxi-spinand-phy: SectorSize:   512 B\n[    1.378254] sunxi-spinand-phy: PageSize:     2 K\n[    1.383422] sunxi-spinand-phy: BlockSize:    128 K\n[    1.388757] sunxi-spinand-phy: OOBSize:      64 B\n[    1.394044] sunxi-spinand-phy: ========================================\n[    1.401440] sunxi-spinand-phy:\n[    1.404936] sunxi-spinand-phy: ========== logical info ==========\n[    1.411772] sunxi-spinand-phy: TotalSize:    128 M\n[    1.417111] sunxi-spinand-phy: SectorSize:   512 B\n[    1.422472] sunxi-spinand-phy: PageSize:     4 K\n[    1.427631] sunxi-spinand-phy: BlockSize:    256 K\n[    1.432992] sunxi-spinand-phy: OOBSize:      128 B\n[    1.438329] sunxi-spinand-phy: ========================================\n[    1.445863] sunxi-spinand-phy: block lock register: 0x00\n[    1.451967] sunxi-spinand-phy: feature register: 0x19\n[    1.457605] sunxi-spinand-phy: sunxi physic nand init end\n[    1.464272] Creating 4 MTD partitions on \"sunxi_mtd_nand\":\n[    1.470399] 0x000000000000-0x000000100000 : \"boot0\"\n[    1.482551] 0x000000100000-0x000000500000 : \"uboot\"\n[    1.490925] random: fast init done\n[    1.512572] 0x000000500000-0x000000600000 : \"secure_storage\"\n[    1.532519] 0x000000600000-0x000008000000 : \"sys\"\n[    1.733115] libphy: Fixed MDIO Bus: probed\n[    1.737689] CAN device driver interface\n[    1.743097] sun8iw20-pinctrl 2000000.pinctrl: 2000000.pinctrl supply vcc-pe not found, using dummy regulator\n[    1.754440] sunxi gmac driver's version: 1.0.0\n[    1.759554] gmac-power0: NULL\n[    1.762911] gmac-power1: NULL\n[    1.766216] gmac-power2: NULL\n[    1.770656] Failed to alloc md5\n[    1.774250] eth0: Use random mac address\n[    1.778955] ehci_hcd: USB 2.0 'Enhanced' Host Controller (EHCI) Driver\n[    1.786363] sunxi-ehci: EHCI SUNXI driver\n[    1.791357] get ehci1-controller wakeup-source is fail.\n[    1.797379] sunxi ehci1-controller don't init wakeup source\n[    1.803712] [sunxi-ehci1]: probe, pdev->name: 4200000.ehci1-controller, sunxi_ehci: 0xffffffe000962758, 0x:ffffffd00407c000, irq_no:31\n[    1.817272] sunxi-ehci 4200000.ehci1-controller: 4200000.ehci1-controller supply drvvbus not found, using dummy regulator\n[    1.829857] sunxi-ehci 4200000.ehci1-controller: 4200000.ehci1-controller supply hci not found, using dummy regulator\n[    1.842114] sunxi-ehci 4200000.ehci1-controller: EHCI Host Controller\n[    1.849334] sunxi-ehci 4200000.ehci1-controller: new USB bus registered, assigned bus number 1\n[    1.859202] sunxi-ehci 4200000.ehci1-controller: irq 49, io mem 0x04200000\n[    1.891419] sunxi-ehci 4200000.ehci1-controller: USB 2.0 started, EHCI 1.00\n[    1.899192] sunxi-ehci 4200000.ehci1-controller: ehci_irq: highspeed device connect\n[    1.908691] hub 1-0:1.0: USB hub found\n[    1.913001] hub 1-0:1.0: 1 port detected\n[    1.918153] ohci_hcd: USB 1.1 'Open' Host Controller (OHCI) Driver\n[    1.925184] sunxi-ohci: OHCI SUNXI driver\n[    1.930181] get ohci1-controller wakeup-source is fail.\n[    1.936194] sunxi ohci1-controller don't init wakeup source\n[    1.942496] [sunxi-ohci1]: probe, pdev->name: 4200400.ohci1-controller, sunxi_ohci: 0xffffffe0009632b0\n[    1.952932] sunxi-ohci 4200400.ohci1-controller: 4200400.ohci1-controller supply drvvbus not found, using dummy regulator\n[    1.965478] sunxi-ohci 4200400.ohci1-controller: 4200400.ohci1-controller supply hci not found, using dummy regulator\n[    1.977718] sunxi-ohci 4200400.ohci1-controller: OHCI Host Controller\n[    1.984975] sunxi-ohci 4200400.ohci1-controller: new USB bus registered, assigned bus number 2\n[    1.994798] sunxi-ohci 4200400.ohci1-controller: irq 50, io mem 0x04200400\n[    2.076326] hub 2-0:1.0: USB hub found\n[    2.080570] hub 2-0:1.0: 1 port detected\n[    2.086001] usbcore: registered new interface driver uas\n[    2.092203] usbcore: registered new interface driver usb-storage\n[    2.098963] usbcore: registered new interface driver ums-alauda\n[    2.105710] usbcore: registered new interface driver ums-cypress\n[    2.112568] usbcore: registered new interface driver ums-datafab\n[    2.119327] usbcore: registered new interface driver ums_eneub6250\n[    2.126371] usbcore: registered new interface driver ums-freecom\n[    2.133353] usbcore: registered new interface driver ums-isd200\n[    2.140017] usbcore: registered new interface driver ums-jumpshot\n[    2.146979] usbcore: registered new interface driver ums-karma\n[    2.153601] usbcore: registered new interface driver ums-onetouch\n[    2.160510] usbcore: registered new interface driver ums-realtek\n[    2.167326] usbcore: registered new interface driver ums-sddr09\n[    2.174035] usbcore: registered new interface driver ums-sddr55\n[    2.180740] usbcore: registered new interface driver ums-usbat\n[    2.187931] sunxi_gpadc_init,2151, success\n[    2.194794] sunxi-rtc 7090000.rtc: registered as rtc0\n[    2.200543] sunxi-rtc 7090000.rtc: setting system clock to 1970-01-01T00:01:19 UTC (79)\n[    2.209577] sunxi-rtc 7090000.rtc: sunxi rtc probed\n[    2.215667] i2c /dev entries driver\n[    2.219651] IR NEC protocol handler initialized\n[    2.225143] sunxi-rc-recv 7040000.s_cir: sunxi_irrx_resource_get: get ir protocol failed\n[    2.234350] Registered IR keymap rc_map_sunxi\n[    2.239323] rc rc0: sunxi-ir as /devices/platform/soc@3000000/7040000.s_cir/rc/rc0\n[    2.248053] rc rc0: lirc_dev: driver sunxi-rc-recv registered at minor = 0, raw IR receiver, no transmitter\n[    2.259150] input: sunxi-ir as /devices/platform/soc@3000000/7040000.s_cir/rc/rc0/s_cir_rx\n[    2.269480] sunxi cedar version 1.1\n[    2.273701] sunxi-cedar 1c0e000.ve: Adding to iommu group 0\n[    2.279972] VE: install start!!!\n[    2.279972]\n[    2.285283] usb 1-1: new high-speed USB device number 2 using sunxi-ehci\n[    2.293018] VE: cedar-ve the get irq is 6\n[    2.293018]\n[    2.299387] VE: ve_debug_proc_info:(____ptrval____), data:(____ptrval____), lock:(____ptrval____)\n[    2.299387]\n[    2.311028] VE: install end!!!\n[    2.311028]\n[    2.316213] VE: sunxi_cedar_probe\n[    2.321557] sunxi-wdt 6011000.watchdog: Watchdog enabled (timeout=16 sec, nowayout=0)\n[    2.330746] Bluetooth: HCI UART driver ver 2.3\n[    2.335744] Bluetooth: HCI UART protocol H4 registered\n[    2.341500] Bluetooth: HCI UART protocol BCSP registered\n[    2.347428] Bluetooth: XRadio Bluetooth LPM Mode Driver Ver 1.0.10\n[    2.354736] [XR_BT_LPM] bluesleep_probe: bt_wake polarity: 1\n[    2.361079] sun8iw20-pinctrl 2000000.pinctrl: pin PG16 already requested by 7040000.s_cir; cannot claim for 2000000.pinctrl:208\n[    2.373967] sun8iw20-pinctrl 2000000.pinctrl: pin-208 (2000000.pinctrl:208) status -22\n[    2.382857] Bluetooth: can't request bt_wake gpio 208\n[    2.388510] sunxi-btlpm: probe of soc@3000000:btlpm@0 failed with error -22\n[    2.398188] sunxi-mmc 4021000.sdmmc: SD/MMC/SDIO Host Controller Driver(v4.21 2021-11-18 10:02)\n[    2.408192] sunxi-mmc 4021000.sdmmc: ***ctl-spec-caps*** 8\n[    2.414407] sunxi-mmc 4021000.sdmmc: No vmmc regulator found\n[    2.420743] sunxi-mmc 4021000.sdmmc: No vqmmc regulator found\n[    2.427178] sunxi-mmc 4021000.sdmmc: No vdmmc regulator found\n[    2.433642] sunxi-mmc 4021000.sdmmc: No vd33sw regulator found\n[    2.440147] sunxi-mmc 4021000.sdmmc: No vd18sw regulator found\n[    2.446673] sunxi-mmc 4021000.sdmmc: No vq33sw regulator found\n[    2.453229] sunxi-mmc 4021000.sdmmc: No vq18sw regulator found\n[    2.459759] sunxi-mmc 4021000.sdmmc: Cann't get pin bias hs pinstate,check if needed\n[    2.469497] sunxi-mmc 4021000.sdmmc: sdc set ios:clk 0Hz bm PP pm UP vdd 21 width 1 timing LEGACY(SDR12) dt B\n[    2.480638] sunxi-mmc 4021000.sdmmc: no vqmmc,Check if there is regulator\n[    2.500857] sunxi-mmc 4021000.sdmmc: sdc set ios:clk 400000Hz bm PP pm ON vdd 21 width 1 timing LEGACY(SDR12) dt B\n[    2.514064] hub 1-1:1.0: USB hub found\n[    2.518457] hub 1-1:1.0: 4 ports detected\n[    2.523012] sunxi-mmc 4021000.sdmmc: detmode:manually by software\n[    2.530756] sunxi_led_probe()1749 - start\n[    2.535386] sunxi_get_str_of_property()1595 - failed to get the string of propname led_regulator!\n[    2.545326] sunxi-mmc 4021000.sdmmc: smc 0 p1 err, cmd 52, RTO !!\n[    2.552447] sunxi_register_led_classdev()1483 - led_classdev start\n[    2.559374] sunxi-mmc 4021000.sdmmc: smc 0 p1 err, cmd 52, RTO !!\n[    2.566267] sunxi-mmc 4021000.sdmmc: sdc set ios:clk 400000Hz bm PP pm ON vdd 21 width 1 timing LEGACY(SDR12) dt B\n[    2.583233] sunxi_led_probe()1845 - finish\n[    2.588435] usbcore: registered new interface driver usbhid\n[    2.594848] usbhid: USB HID core driver\n[    2.599290] rpmsg_client_dsp_standby 3003000.msgbox.sunxi,dsp-power-msgbox.512.256: new channel: 0x200 -> 0x100!\n[    2.612043] sunxi-mmc 4021000.sdmmc: sdc set ios:clk 400000Hz bm PP pm ON vdd 21 width 1 timing LEGACY(SDR12) dt B\n[    2.624365] usbcore: registered new interface driver snd-usb-audio\n[    2.633914] sun8iw20-pinctrl 2000000.pinctrl: 2000000.pinctrl supply vcc-pd not found, using dummy regulator\n[    2.646314] sunxi-daudio 2034000.daudio: regulator missing or invalid\n[    2.653570] sunxi-mmc 4021000.sdmmc: smc 0 p1 err, cmd 5, RTO !!\n[    2.661171] sunxi-mmc 4021000.sdmmc: smc 0 p1 err, cmd 5, RTO !!\n[    2.668032] [AUDIOCODEC][sunxi_codec_parse_params][2412]:digital_vol:0, lineout_vol:26, mic1gain:19, mic2gain:19 pa_msleep:120, pa_level:1, pa_pwr_level:1\n[    2.668032]\n[    2.685111] sunxi-mmc 4021000.sdmmc: smc 0 p1 err, cmd 5, RTO !!\n[    2.692007] [AUDIOCODEC][sunxi_codec_parse_params][2448]:adcdrc_cfg:0, adchpf_cfg:1, dacdrc_cfg:0, dachpf:0\n[    2.702900] sunxi-mmc 4021000.sdmmc: smc 0 p1 err, cmd 5, RTO !!\n[    2.709697] sunxi-mmc 4021000.sdmmc: sdc set ios:clk 0Hz bm PP pm OFF vdd 0 width 1 timing LEGACY(SDR12) dt B\n[    2.721345] [AUDIOCODEC][sunxi_internal_codec_probe][2609]:codec probe finished\n[    2.731246] sid_rd_ver_reg()254 - ver >= 4, soc ver:5\n[    2.737112] debugfs: Directory '203034c.dummy_cpudai' with parent 'audiocodec' already present!\n[    2.746939] [SNDCODEC][sunxi_card_init][583]:card init finished\n[    2.755719] sunxi-codec-machine 2030340.sound: 2030000.codec <-> 203034c.dummy_cpudai mapping ok\n[    2.772435] input: audiocodec sunxi Audio Jack as /devices/platform/soc@3000000/2030340.sound/sound/card0/input2\n[    2.784506] [SNDCODEC][sunxi_card_dev_probe][836]:register card finished\n[    2.792794] sunxi-rpaf-dsp soc@3000000:rpaf-dsp@203034c: register device finished!\n[    2.801241] sunxi-rpaf-dsp soc@3000000:rpaf-dsp@203034c: [rpaf_dsp0] probe finished!\n[    2.810335] rpmsg_hifi 3003000.msgbox.sunxi,dsp-msgbox.514.258: id:sunxi,dsp-msgbox new channel: 0x202 -> 0x102!\n[    2.821878] rpmsg_hifi 3003000.msgbox.sunxi,dsp-msgbox.514.258: rpmsg hifi[0] client driver is probed\n[    2.833780] NET: Registered protocol family 10\n[    2.840125] Segment Routing with IPv6\n[    2.844515] sit: IPv6, IPv4 and MPLS over IPv4 tunneling driver\n[    2.851953] NET: Registered protocol family 17\n[    2.856969] can: controller area network core (rev 20170425 abi 9)\n[    2.864076] NET: Registered protocol family 29\n[    2.869041] can: raw protocol (rev 20170425)\n[    2.873834] can: broadcast manager protocol (rev 20170425 t)\n[    2.880177] can: netlink gateway (rev 20190810) max_hops=1\n[    2.886609] Bluetooth: RFCOMM TTY layer initialized\n[    2.892153] Bluetooth: RFCOMM socket layer initialized\n[    2.897933] Bluetooth: RFCOMM ver 1.11\n[    2.903168] Loading compiled-in X.509 certificates\n[    2.910707] HDMI 2.0 driver init start!\n[    2.915106] boot_hdmi=false\n[    2.918286] ERROR: pinctrl_get for HDMI2.0 DDC fail\n[    2.925306] HDMI2.0 module init end\n[    2.954998] sunxi-i2c sunxi-i2c2: sunxi-i2c2 supply twi not found, using dummy regulator\n[    2.971010] input: fts_ts as /devices/platform/soc@3000000/sunxi-i2c2/i2c-2/2-0038/input/input3\n[    2.981200] sunxi-i2c sunxi-i2c2: SLA+W has been transmitted; ACK not received\n[    2.989304] sunxi-i2c sunxi-i2c2: engine-mode: xfer failed(dev addr:0x38)\n[    3.021548] sunxi-i2c sunxi-i2c2: engine-mode: xfer failed(dev addr:0x38)\n[    3.029148] fts_ts 2-0038: 2-0038 supply  not found, using dummy regulator\n[    3.037167] fts_ts 2-0038: 2-0038 supply  not found, using dummy regulator\n[    3.044906] debugfs: Directory '2-0038-' with parent 'reg-dummy-regulator-dummy' already present!\n[    3.311557] sunxi-i2c sunxi-i2c2: SLA+W has been transmitted; ACK not received\n[    3.319656] sunxi-i2c sunxi-i2c2: engine-mode: xfer failed(dev addr:0x38)\n[    3.361531] sunxi-i2c sunxi-i2c2: SLA+W has been transmitted; ACK not received\n[    3.369612] sunxi-i2c sunxi-i2c2: engine-mode: xfer failed(dev addr:0x38)\n[    3.411552] sunxi-i2c sunxi-i2c2: SLA+W has been transmitted; ACK not received\n[    3.419649] sunxi-i2c sunxi-i2c2: engine-mode: xfer failed(dev addr:0x38)\n[    3.461544] sunxi-i2c sunxi-i2c2: SLA+W has been transmitted; ACK not received\n[    3.469640] sunxi-i2c sunxi-i2c2: engine-mode: xfer failed(dev addr:0x38)\n[    3.511551] sunxi-i2c sunxi-i2c2: SLA+W has been transmitted; ACK not received\n[    3.519649] sunxi-i2c sunxi-i2c2: engine-mode: xfer failed(dev addr:0x38)\n[    3.561531] sunxi-i2c sunxi-i2c2: SLA+W has been transmitted; ACK not received\n[    3.569612] sunxi-i2c sunxi-i2c2: engine-mode: xfer failed(dev addr:0x38)\n[    3.611550] sunxi-i2c sunxi-i2c2: SLA+W has been transmitted; ACK not received\n[    3.619666] sunxi-i2c sunxi-i2c2: engine-mode: xfer failed(dev addr:0x38)\n[    3.661526] sunxi-i2c sunxi-i2c2: SLA+W has been transmitted; ACK not received\n[    3.669625] sunxi-i2c sunxi-i2c2: engine-mode: xfer failed(dev addr:0x38)\n[    3.711554] sunxi-i2c sunxi-i2c2: SLA+W has been transmitted; ACK not received\n[    3.719668] sunxi-i2c sunxi-i2c2: engine-mode: xfer failed(dev addr:0x38)\n[    3.761527] sunxi-i2c sunxi-i2c2: SLA+W has been transmitted; ACK not received\n[    3.769624] sunxi-i2c sunxi-i2c2: engine-mode: xfer failed(dev addr:0x38)\n[    3.811540] sunxi-i2c sunxi-i2c2: SLA+W has been transmitted; ACK not received\n[    3.819636] sunxi-i2c sunxi-i2c2: engine-mode: xfer failed(dev addr:0x38)\n[    3.861534] sunxi-i2c sunxi-i2c2: SLA+W has been transmitted; ACK not received\n[    3.869633] sunxi-i2c sunxi-i2c2: engine-mode: xfer failed(dev addr:0x38)\n[    3.911566] sunxi-i2c sunxi-i2c2: SLA+W has been transmitted; ACK not received\n[    3.919683] sunxi-i2c sunxi-i2c2: engine-mode: xfer failed(dev addr:0x38)\n[    3.961530] sunxi-i2c sunxi-i2c2: SLA+W has been transmitted; ACK not received\n[    3.969609] sunxi-i2c sunxi-i2c2: engine-mode: xfer failed(dev addr:0x38)\n[    4.011554] sunxi-i2c sunxi-i2c2: SLA+W has been transmitted; ACK not received\n[    4.019653] sunxi-i2c sunxi-i2c2: engine-mode: xfer failed(dev addr:0x38)\n[    4.061677] sunxi-i2c sunxi-i2c2: probe success\n[    4.070880] debugfs: Directory '2031000.dmic' with parent 'snddmic' already present!\n[    4.081098] sunxi-audio-card 2031060.sounddmic: dmic-hifi <-> 2031000.dmic mapping ok\n[    4.091101] get ehci0-controller wakeup-source is fail.\n[    4.097104] sunxi ehci0-controller don't init wakeup source\n[    4.103362] [sunxi-ehci0]: probe, pdev->name: 4101000.ehci0-controller, sunxi_ehci: 0xffffffe000962390, 0x:ffffffd004bca000, irq_no:2e\n[    4.116915] [sunxi-ehci0]: Not init ehci0\n[    4.121874] get ohci0-controller wakeup-source is fail.\n[    4.127836] sunxi ohci0-controller don't init wakeup source\n[    4.134116] [sunxi-ohci0]: probe, pdev->name: 4101400.ohci0-controller, sunxi_ohci: 0xffffffe000962ee8\n[    4.144554] [sunxi-ohci0]: Not init ohci0\n[    4.149457] ubi0: attaching mtd3\n[    4.489346] random: crng init done\n[    4.547059] ubi0: scanning is finished\n[    4.562100] ubi0 warning: ubi_eba_init: cannot reserve enough PEBs for bad PEB handling, reserved 16, need 20\n[    4.575844] ubi0: attached mtd3 (name \"sys\", size 122 MiB)\n[    4.582007] ubi0: PEB size: 262144 bytes (256 KiB), LEB size: 258048 bytes\n[    4.589699] ubi0: min./max. I/O unit sizes: 4096/4096, sub-page size 2048\n[    4.597310] ubi0: VID header offset: 2048 (aligned 2048), data offset: 4096\n[    4.605131] ubi0: good PEBs: 488, bad PEBs: 0, corrupted PEBs: 0\n[    4.611868] ubi0: user volume: 10, internal volumes: 1, max. volumes count: 128\n[    4.620035] ubi0: max/mean erase counter: 2/1, WL threshold: 4096, image sequence number: 0\n[    4.629372] ubi0: available PEBs: 0, total reserved PEBs: 488, PEBs reserved for bad PEB handling: 16\n[    4.639728] ubi0: background thread \"ubi_bgt0d\" started, PID 70\n[    4.648304] block ubiblock0_5: created from ubi0:5(rootfs)\n[    4.656347] cfg80211: Loading compiled-in X.509 certificates for regulatory database\n[    4.667201] cfg80211: Loaded X.509 cert 'sforshee: 00b28ddf47aef9cea7'\n[    4.674859] platform regulatory.0: Direct firmware load for regulatory.db failed with error -2\n[    4.684537] clk: Not disabling unused clocks\n[    4.689329] ALSA device list:\n[    4.692762] cfg80211: failed to load regulatory.db\n[    4.698177]   #0: audiocodec\n[    4.701452]   #1: snddmic\n[    4.704380] alloc_fd: slot 0 not NULL!\n[    4.712604] VFS: Mounted root (squashfs filesystem) readonly on device 254:0.\n[    4.724171] devtmpfs: mounted\n[    4.727648] Freeing unused kernel memory: 184K\n[    4.732686] This architecture does not have kernel memory protection.\n[    4.739896] Run /sbin/init as init process\n[    5.540788] init: Console is alive\n[    5.544987] init: - watchdog -\n[    5.548530] init: - preinit -\n[    6.806363] hdmi_hpd_sys_config_release\n/dev/by-name/UDISK already format by ubifs\n/dev/by-name/rootfs_data already format by ubifs\n[    6.932034] mount_root: loading kmods from internal overlay\n[    7.178600] block: attempting to load /etc/config/fstab\n[    7.207531] UBIFS (ubi0:9): Mounting in unauthenticated mode\n[    7.214373] UBIFS (ubi0:9): background thread \"ubifs_bgt0_9\" started, PID 117\n[    7.322289] UBIFS (ubi0:9): recovery needed\n[    7.595009] UBIFS (ubi0:9): recovery completed\n[    7.600582] UBIFS (ubi0:9): UBIFS: mounted UBI device 0, volume 9, name \"UDISK\"\n[    7.608856] UBIFS (ubi0:9): LEB size: 258048 bytes (252 KiB), min./max. I/O unit sizes: 4096 bytes/4096 bytes\n[    7.619967] UBIFS (ubi0:9): FS size: 53673984 bytes (51 MiB, 208 LEBs), journal size 7741440 bytes (7 MiB, 30 LEBs)\n[    7.631699] UBIFS (ubi0:9): reserved for root: 0 bytes (0 KiB)\n[    7.638207] UBIFS (ubi0:9): media format: w4/r0 (latest is w5/r0), UUID 0F597857-8DF5-4158-BE5D-801B4C610776, small LPT model\n[    7.655206] block: extroot: UUID match (root: 14aa15db-35e00f98-1674d058-b2b76b5f, overlay: 14aa15db-35e00f98-1674d058-b2b76b5f)\n[    7.678473] mount_root: switched to extroot\n[    7.698526] procd: - early -\n[    7.702102] procd: - watchdog -\n[    8.102634] procd: - watchdog -\n[    8.106465] procd: - ubus -\n[    8.110233] procd (1): /proc/128/oom_adj is deprecated, please use /proc/128/oom_score_adj instead.\n[    8.231464]\n[    8.231464] insmod_device_driver\n[    8.231464]\n[    8.238620] sunxi_usb_udc 4100000.udc-controller: 4100000.udc-controller supply udc not found, using dummy regulator\n[    8.455153] procd: - init -\nPlease press Enter to activate this console.\n[    9.367332] fuse: init (API version 7.31)\n[    9.652921] usbcore: registered new interface driver uvcvideo\n[    9.700342] USB Video Class driver (1.1.1)\n[    9.947238] file system registered\n[   10.136731] configfs-gadget 4100000.udc-controller: failed to start g1: -19\n[   10.584643] read descriptors\n[   10.587868] read strings\n[   10.771638] sunxi_set_cur_vol_work()397 WARN: get power supply failed\n[   10.813963] android_work: sent uevent USB_STATE=CONNECTED\n[   10.970922] sunxi_set_cur_vol_work()397 WARN: get power supply failed\n[   11.032261] configfs-gadget gadget: high-speed config #1: c\n[   11.038600] android_work: sent uevent USB_STATE=CONFIGURED\n[   11.061464] sunxi_vbus_det_work()3356 WARN: get power supply failed\n[   11.081660] android_work: sent uevent USB_STATE=DISCONNECTED\n[   11.639655] android_work: sent uevent USB_STATE=CONNECTED\n[   12.861861] ======== XRADIO WIFI OPEN ========\n[   12.876291] [XRADIO] Driver Label:XR_V02.16.85_P2P_HT40_01.31\n[   12.890370] [XRADIO] Allocated hw_priv @ 000000008a45bbe0\n[   12.911506] sunxi-rfkill soc@3000000:rfkill@0: bus_index: 1\n[   12.927757] sunxi-rfkill soc@3000000:rfkill@0: wlan power on success\n[   13.192456] sunxi-mmc 4021000.sdmmc: sdc set ios:clk 0Hz bm PP pm UP vdd 21 width 1 timing LEGACY(SDR12) dt B\n[   13.203999] [XRADIO] Detect SDIO card 1\n[   13.221934] sunxi-mmc 4021000.sdmmc: no vqmmc,Check if there is regulator\n[   13.241446] sunxi-mmc 4021000.sdmmc: sdc set ios:clk 400000Hz bm PP pm ON vdd 21 width 1 timing LEGACY(SDR12) dt B\n[   13.267967] sunxi-mmc 4021000.sdmmc: sdc set ios:clk 400000Hz bm PP pm ON vdd 21 width 1 timing LEGACY(SDR12) dt B\n[   13.285285] sunxi-mmc 4021000.sdmmc: sdc set ios:clk 400000Hz bm PP pm ON vdd 21 width 1 timing LEGACY(SDR12) dt B\n[   13.310972] sunxi-mmc 4021000.sdmmc: sdc set ios:clk 400000Hz bm PP pm ON vdd 21 width 1 timing SD-HS(SDR25) dt B\n[   13.331938] sunxi-mmc 4021000.sdmmc: sdc set ios:clk 50000000Hz bm PP pm ON vdd 21 width 1 timing SD-HS(SDR25) dt B\n[   13.356333] sunxi-mmc 4021000.sdmmc: sdc set ios:clk 50000000Hz bm PP pm ON vdd 21 width 4 timing SD-HS(SDR25) dt B\n[   13.379484] mmc0: new high speed SDIO card at address 0001\n[   13.398023] [SBUS] XRadio Device:sdio clk=50000000\n[   13.404845] [XRADIO] XRADIO_HW_REV 1.0 detected.\n[   13.512096] [XRADIO] xradio_update_dpllctrl: DPLL_CTRL Sync=0x01400000.\n[   13.585205] [XRADIO] Bootloader complete\n[   13.751601] [XRADIO] Firmware completed.\n[   13.762818] [WSM] Firmware Label:XR_C09.08.52.64_DBG_02.100 2GHZ HT40 Jan  3 2020 13:14:37\n[   13.791479] [XRADIO] Firmware Startup Done.\n[   13.801820] [XRADIO_WRN] enable Multi-Rx!\n[   13.821092] ieee80211 phy0: Selected rate control algorithm 'minstrel_ht'\n[   13.874500] xt_time: kernel timezone is -0000\n[   13.911779] Error: Driver 'gt9xxnew_ts' is already registered, aborting...\nkmodloader done\n[   14.656076] ieee80211_do_open: vif_type=2, p2p=0, ch=3, addr=00:65:d8:1d:b6:8e\n[   14.681553] [STA] !!!xradio_vif_setup: id=0, type=2, p2p=0, addr=00:65:d8:1d:b6:8e\n[   14.712564] [AP_WRN] BSS_CHANGED_ASSOC but driver is unjoined.\n[   17.264412] libphy: 4500000.eth: probed\n[   17.268701] sunxi-gmac 4500000.eth eth0: No PHY found!\n[   17.564261] libphy: 4500000.eth: probed\n[   17.568578] sunxi-gmac 4500000.eth eth0: No PHY found!\nTrying to connect to SWUpdate...\n[   17.602210] sunxi-gmac 4500000.eth eth0: phy init failed\n[   17.626982] br-lan: port 1(eth0) entered blocking state\n[   17.665325] br-lan: port 1(eth0) entered disabled state\n[   17.910180] [SNDCODEC][sunxi_card_hw_params][620]:stream_flag: 0\n[   17.924492] device eth0 entered promiscuous mode\n[   21.976053] [STA_WRN] Freq 2442 (wsm ch: 7) prev: 3.\n[   21.994314] wlan0: authenticate with 94:d9:b3:b7:c9:0a (try 1)\n[   22.007660] [STA_WRN] [HT40][xradio_join_work][bss_ht_info]:\n[   22.007660] [primary_chan  :0x00000007]\n[   22.007660] [ht_param      :0x0000000f]\n[   22.007660] [operation_mode:0x00000006]\n[   22.007660] [stbc_param    :0x00000000]\n[   22.007660] [basic_set[0]  :0x00000000]\n[   22.074197] [STA_WRN] [HT40][xradio_join_work][PhyModeCfg:0x0027]\n[   22.074197] [ModemFlags    :0x00000007]\n[   22.074197] [ChWidthCfg    :0x00000002]\n[   22.074197] [PriChCfg      :0x00000000]\n[   22.074197] [BandCfg       :0x00000000]\n[   22.074197] [STBC_Enable   :0x00000000]\n[   22.074197] [PreambleCfg   :0x00000000]\n[   22.074197] [SGI_Enable    :0x00000000]\n[   22.074197] GF_Enable      :0x00000000]\n[   22.412103] [TXRX_WRN] [RX] IF=0, No key found.\n[   22.514074] wlan0: authenticate with 94:d9:b3:b7:c9:0a (try 2)\n[   22.534240] wlan0: authenticated\n[   22.541050] wlan0: associate with 94:d9:b3:b7:c9:0a (try 1)\n[   22.606343] wlan0: RX AssocResp from 94:d9:b3:b7:c9:0a (capab=0x431 status=0 aid=8)\n[   22.629980] wlan0: associated\n[   22.639652] [AP_WRN] [STA] ASSOC HTCAP 11N 58\n[   22.654007] [AP_WRN] [HT40][xradio_bss_info_changed][ht_prot:0x0000000a][HtProtMode:0x0002][Green:0x0004]\n[   22.654455] [AP_WRN] [HT40][xradio_bss_info_changed][PhyModeCfg:0x5027]\n[   22.654455] [ModemFlags    :0x00000007]\n[   22.654455] [ChWidthCfg    :0x00000002]\n[   22.654455] [PriChCfg      :0x00000000]\n[   22.654455] [BandCfg       :0x00000000]\n[   22.654455] [STBC_Enable   :0x00000000]\n[   22.654455] [PreambleCfg   :0x00000001]\n[   22.654455] [SGI_Enable    :0x00000001]\n[   22.654455] [GF_Enable     :0x00000000]\n[   22.815551] IPv6: ADDRCONF(NETDEV_CHANGE): wlan0: link becomes ready\n\n\n\nBusyBox v1.27.2 () built-in shell (ash)\n\n _____  _              __     _\n|_   _||_| ___  _ _   |  |   |_| ___  _ _  _ _\n  | |   _ |   ||   |  |  |__ | ||   || | ||_'_|\n  | |  | || | || _ |  |_____||_||_|_||___||_,_|\n  |_|  |_||_|_||_|_|  Tina is Based on OpenWrt!\n ----------------------------------------------\n Tina Linux (Neptune, 61CC0487)\n ----------------------------------------------\nroot@TinaLinux:/#\n"})})]})}function l(n={}){const{wrapper:e}={...(0,s.R)(),...n.components};return e?(0,r.jsx)(e,{...n,children:(0,r.jsx)(u,{...n})}):u(n)}},62952:(n,e,i)=>{i.d(e,{A:()=>t});const t=i.p+"assets/images/image-20240709111952653-f1f28c7149dc01118720752d46129b5f.png"},86406:(n,e,i)=>{i.d(e,{A:()=>t});const t=i.p+"assets/images/image-20240715153547287-7fcbfa3a2efbed088f59d4f52c757507.png"}}]);