"use strict";(self.webpackChunkmy_website=self.webpackChunkmy_website||[]).push([[9503],{83907:(e,n,i)=>{i.r(n),i.d(n,{assets:()=>c,contentTitle:()=>o,default:()=>u,frontMatter:()=>t,metadata:()=>d,toc:()=>a});var r=i(85893),s=i(11151);const t={sidebar_position:2},o="\u66f4\u65b0\u7cfb\u7edf\u56fa\u4ef6",d={id:"H616-YuzukiHD-Chameleon/part1/03-1_FlashSystem",title:"\u66f4\u65b0\u7cfb\u7edf\u56fa\u4ef6",description:"\u70e7\u5199\u56fa\u4ef6\u81f3EMMC",source:"@site/docs/H616-YuzukiHD-Chameleon/part1/03-1_FlashSystem.md",sourceDirName:"H616-YuzukiHD-Chameleon/part1",slug:"/H616-YuzukiHD-Chameleon/part1/03-1_FlashSystem",permalink:"/en/docs/H616-YuzukiHD-Chameleon/part1/03-1_FlashSystem",draft:!1,unlisted:!1,editUrl:"https://github.com/100askTeam/linuxboard-docs/tree/main/docs/H616-YuzukiHD-Chameleon/part1/03-1_FlashSystem.md",tags:[],version:"current",sidebarPosition:2,frontMatter:{sidebar_position:2},sidebar:"h616Sidebar",previous:{title:"\u542f\u52a8\u5f00\u53d1\u677f",permalink:"/en/docs/H616-YuzukiHD-Chameleon/part1/QuickStart"},next:{title:"\u5e38\u89c1\u95ee\u9898",permalink:"/en/docs/H616-YuzukiHD-Chameleon/part1/03-2_SomeQustion"}},c={},a=[{value:"\u70e7\u5199\u56fa\u4ef6\u81f3EMMC",id:"\u70e7\u5199\u56fa\u4ef6\u81f3emmc",level:2},{value:"\u51c6\u5907\u5de5\u4f5c",id:"\u51c6\u5907\u5de5\u4f5c",level:3},{value:"\u8fde\u63a5\u5f00\u53d1\u677f",id:"\u8fde\u63a5\u5f00\u53d1\u677f",level:3},{value:"\u5b89\u88c5usb\u9a71\u52a8",id:"\u5b89\u88c5usb\u9a71\u52a8",level:3},{value:"\u8fd0\u884c\u8f6f\u4ef6\u70e7\u5199",id:"\u8fd0\u884c\u8f6f\u4ef6\u70e7\u5199",level:3},{value:"\u542f\u52a8\u7cfb\u7edf",id:"\u542f\u52a8\u7cfb\u7edf",level:3},{value:"\u70e7\u5199\u56fa\u4ef6\u81f3TF\u5361",id:"\u70e7\u5199\u56fa\u4ef6\u81f3tf\u5361",level:2},{value:"\u51c6\u5907\u5de5\u4f5c",id:"\u51c6\u5907\u5de5\u4f5c-1",level:3},{value:"\u8fd0\u884c\u70e7\u5199\u8f6f\u4ef6\u70e7\u5199",id:"\u8fd0\u884c\u70e7\u5199\u8f6f\u4ef6\u70e7\u5199",level:3}];function l(e){const n={a:"a",code:"code",h1:"h1",h2:"h2",h3:"h3",img:"img",li:"li",p:"p",pre:"pre",strong:"strong",ul:"ul",...(0,s.a)(),...e.components};return(0,r.jsxs)(r.Fragment,{children:[(0,r.jsx)(n.h1,{id:"\u66f4\u65b0\u7cfb\u7edf\u56fa\u4ef6",children:"\u66f4\u65b0\u7cfb\u7edf\u56fa\u4ef6"}),"\n",(0,r.jsx)(n.h2,{id:"\u70e7\u5199\u56fa\u4ef6\u81f3emmc",children:"\u70e7\u5199\u56fa\u4ef6\u81f3EMMC"}),"\n",(0,r.jsx)(n.h3,{id:"\u51c6\u5907\u5de5\u4f5c",children:"\u51c6\u5907\u5de5\u4f5c"}),"\n",(0,r.jsxs)(n.ul,{children:["\n",(0,r.jsx)(n.li,{children:"\u786c\u4ef6\uff1a\u53d8\u8272\u9f99-H616\uff08YuzuKiHD-Chamelen\uff09\u4e3b\u677f x1"}),"\n",(0,r.jsx)(n.li,{children:"\u786c\u4ef6\uff1aTypeC\u7ebf X1"}),"\n",(0,r.jsx)(n.li,{children:"\u786c\u4ef6\uff1a\u4e32\u53e3\u6a21\u5757 x1"}),"\n",(0,r.jsxs)(n.li,{children:["\u8f6f\u4ef6\uff1a\u5168\u5fd7\u7ebf\u5237\u5de5\u5177\uff1a",(0,r.jsx)(n.a,{href:"https://gitlab.com/dongshanpi/tools/-/raw/main/AllwinnertechPhoeniSuit.zip",children:"AllwinnertechPhoeniSuit"})]}),"\n",(0,r.jsxs)(n.li,{children:["\u8f6f\u4ef6\uff1a\u5168\u5fd7USB\u70e7\u5f55\u9a71\u52a8\uff1a",(0,r.jsx)(n.a,{href:"https://gitlab.com/dongshanpi/tools/-/raw/main/AllwinnerUSBFlashDeviceDriver.zip",children:"AllwinnerUSBFlashDeviceDriver"})]}),"\n"]}),"\n",(0,r.jsx)(n.h3,{id:"\u8fde\u63a5\u5f00\u53d1\u677f",children:"\u8fde\u63a5\u5f00\u53d1\u677f"}),"\n",(0,r.jsx)(n.p,{children:"\u53c2\u8003\u524d\u9762\u7ae0\u8282\u300a\u542f\u52a8\u5f00\u53d1\u677f\u300b\uff0c\u8fde\u63a5\u5f00\u53d1\u677f\uff0c\u4e3a\u540e\u9762\u66f4\u65b0\u7cfb\u7edf\u56fa\u4ef6\u505a\u51c6\u5907\u3002"}),"\n",(0,r.jsx)(n.h3,{id:"\u5b89\u88c5usb\u9a71\u52a8",children:"\u5b89\u88c5usb\u9a71\u52a8"}),"\n",(0,r.jsxs)(n.p,{children:["\u8fde\u63a5\u597d\u5f00\u53d1\u677f\u4ee5\u540e\uff0c\u5148",(0,r.jsx)(n.strong,{children:"\u6309\u4f4f"})," H616-YuzukiHD-Chameleon \u5f00\u53d1\u677f \u70e7\u5f55\u6a21\u5f0f\u6309\u952e \u4e5f\u79f0\u4e3a",(0,r.jsx)(n.strong,{children:"\u2461FEL"})," \u70e7\u5199\u6a21\u5f0f\u6309\u952e\uff0c\u4e4b\u540e",(0,r.jsx)(n.strong,{children:"\u6309\u4e00\u4e0b"})," \u7cfb\u7edf\u590d\u4f4d\u6309\u952e \u4e5f\u79f0 ",(0,r.jsx)(n.strong,{children:"\u2460RESET"})," \u590d\u4f4d\u952e\uff0c\u5c31\u53ef\u4ee5\u81ea\u52a8\u8fdb\u5165\u70e7\u5199\u6a21\u5f0f\u3002"]}),"\n",(0,r.jsx)(n.p,{children:(0,r.jsx)(n.img,{alt:"image-20241223165046650",src:i(6501).Z+"",width:"1220",height:"492"})}),"\n",(0,r.jsxs)(n.p,{children:["\u8fd9\u65f6\u6211\u4eec\u53ef\u4ee5\u770b\u5230\u7535\u8111\u8bbe\u5907\u7ba1\u7406\u5668  ",(0,r.jsx)(n.strong,{children:"\u901a\u7528\u4e32\u884c\u603b\u7ebf\u63a7\u5236\u5668"})," \u90e8\u5206\u5f39\u51fa\u4e00\u4e2a  \u672a\u77e5\u8bbe\u5907 \uff0c\u8fd9\u4e2a\u65f6\u5019\u6211\u4eec\u5c31\u9700\u8981\u628a\u6211\u4eec\u63d0\u524d\u4e0b\u8f7d\u597d\u7684 ",(0,r.jsx)(n.strong,{children:"\u5168\u5fd7USB\u70e7\u5f55\u9a71\u52a8"})," \u8fdb\u884c\u4fee\u6539\uff0c\u7136\u540e\u5c06\u89e3\u538b\u7f29\u8fc7\u7684 ",(0,r.jsx)(n.strong,{children:"\u5168\u5fd7USB\u70e7\u5f55\u9a71\u52a8"}),"  \u538b\u7f29\u5305\uff0c\u89e3\u538b\u7f29\uff0c\u53ef\u4ee5\u770b\u5230\u91cc\u9762\u6709\u8fd9\u4e48\u51e0\u4e2a\u6587\u4ef6\u3002"]}),"\n",(0,r.jsx)(n.pre,{children:(0,r.jsx)(n.code,{className:"language-bash",children:"InstallUSBDrv.exe\ndrvinstaller_IA64.exe\ndrvinstaller_X86.exe\nUsbDriver/          \ndrvinstaller_X64.exe   \ninstall.bat\n"})}),"\n",(0,r.jsxs)(n.p,{children:["\u5bf9\u4e8ewind7\u7cfb\u7edf\u7684\u540c\u5b66\uff0c\u53ea\u9700\u8981\u4ee5\u7ba1\u7406\u5458 \u6253\u5f00   ",(0,r.jsx)(n.code,{children:"install.bat"})," \u811a\u672c\uff0c\u7b49\u5f85\u5b89\u88c5\uff0c\u5728\u5f39\u51fa\u7684 \u662f\u5426\u5b89\u88c5\u9a71\u52a8\u7684\u5bf9\u8bdd\u6846\u91cc\u9762\uff0c\u70b9\u51fb\u5b89\u88c5\u5373\u53ef\u3002"]}),"\n",(0,r.jsx)(n.p,{children:"\u5bf9\u4e8ewind10/wind11\u7cfb\u7edf\u7684\u540c\u5b66\uff0c\u9700\u8981\u5728\u8bbe\u5907\u7ba1\u7406\u5668\u91cc\u9762\u8fdb\u884c\u624b\u52a8\u5b89\u88c5\u9a71\u52a8\u3002"}),"\n",(0,r.jsx)(n.p,{children:"\u5982\u4e0b\u56fe\u6240\u793a\uff0c\u5728\u7b2c\u4e00\u6b21\u63d2\u5165OTG\u8bbe\u5907\uff0c\u8fdb\u5165\u70e7\u5199\u6a21\u5f0f\u8bbe\u5907\u7ba1\u7406\u5668\u4f1a\u5f39\u51fa\u4e00\u4e2a\u672a\u77e5\u8bbe\u5907\u3002"}),"\n",(0,r.jsx)(n.p,{children:(0,r.jsx)(n.img,{src:"https://photos.100ask.net/dongshanpi-docs/DongshanNezhaSTU/Windows_FlashDevice_001.png",alt:"Windows_FlashDevice_001"})}),"\n",(0,r.jsx)(n.p,{children:"\u63a5\u4e0b\u6765\u9f20\u6807\u53f3\u952e\u70b9\u51fb\u8fd9\u4e2a\u672a\u77e5\u8bbe\u5907\uff0c\u5728\u5f39\u51fa\u7684\u5bf9\u8bdd\u6846\u91cc\uff0c \u70b9\u51fb\u6d4f\u89c8\u6211\u8ba1\u7b97\u673a\u4ee5\u67e5\u627e\u9a71\u52a8\u7a0b\u5e8f\u8f6f\u4ef6\u3002"}),"\n",(0,r.jsx)(n.p,{children:(0,r.jsx)(n.img,{src:"https://photos.100ask.net/dongshanpi-docs/DongshanNezhaSTU/Windows_FlashDevice_002.png",alt:"Windows_FlashDevice_001"})}),"\n",(0,r.jsxs)(n.p,{children:["\u4e4b\u540e\u5728\u5f39\u51fa\u65b0\u7684\u5bf9\u8bdd\u6846\u91cc\uff0c\u70b9\u51fb\u6d4f\u89c8\u627e\u5230\u6211\u4eec\u4e4b\u524d\u4e0b\u8f7d\u597d\u7684 usb\u70e7\u5f55\u9a71\u52a8\u6587\u4ef6\u5939\u5185\uff0c\u627e\u5230 ",(0,r.jsx)(n.code,{children:"UsbDriver/"})," \u8fd9\u4e2a\u76ee\u5f55\uff0c\u5e76\u8fdb\u5165\uff0c\u4e4b\u540e\u70b9\u51fb\u786e\u5b9a\u5373\u53ef\u3002"]}),"\n",(0,r.jsx)(n.p,{children:(0,r.jsx)(n.img,{src:"https://photos.100ask.net/dongshanpi-docs/DongshanNezhaSTU/Windows_FlashDevice_007.png",alt:"Windows_FlashDevice_001"})}),"\n",(0,r.jsxs)(n.p,{children:["\u6ce8\u610f\u8fdb\u5165\u5230  ",(0,r.jsx)(n.code,{children:"UsbDriver/"}),"  \u6587\u4ef6\u5939\uff0c\u7136\u540e\u70b9\u51fb\u786e\u5b9a\uff0c\u5982\u4e0b\u56fe\u6240\u793a\u3002"]}),"\n",(0,r.jsx)(n.p,{children:(0,r.jsx)(n.img,{src:"https://photos.100ask.net/dongshanpi-docs/DongshanNezhaSTU/Windows_FlashDevice_003.png",alt:"Windows_FlashDevice_001"})}),"\n",(0,r.jsxs)(n.p,{children:["\u6b64\u65f6\uff0c\u6211\u4eec\u7ee7\u7eed\u70b9\u51fb ",(0,r.jsx)(n.strong,{children:"\u4e0b\u4e00\u9875"})," \u6309\u94ae\uff0c\u8fd9\u65f6\u7cfb\u7edf\u5c31\u4f1a\u63d0\u793a\u5b89\u88c5\u4e00\u4e2a\u9a71\u52a8\u7a0b\u5e8f\u3002"]}),"\n",(0,r.jsx)(n.p,{children:"\u5728\u5f39\u51fa\u7684\u5bf9\u8bdd\u6846\u91cc\uff0c\u6211\u4eec\u70b9\u51fb \u59cb\u7ec8\u5b89\u88c5\u6b64\u9a71\u52a8\u7a0b\u5e8f\u8f6f\u4ef6 \u7b49\u5f85\u5b89\u88c5\u5b8c\u6210\u3002"}),"\n",(0,r.jsx)(n.p,{children:(0,r.jsx)(n.img,{src:"https://photos.100ask.net/dongshanpi-docs/DongshanNezhaSTU/Windows_FlashDevice_004.png",alt:"Windows_FlashDevice_001"})}),"\n",(0,r.jsx)(n.p,{children:"\u5b89\u88c5\u5b8c\u6210\u540e\uff0c\u4f1a\u63d0\u793a\uff0cWindows\u5df2\u6210\u529f\u66f4\u65b0\u4f60\u7684\u9a71\u52a8\u7a0b\u5e8f\u3002"}),"\n",(0,r.jsx)(n.p,{children:(0,r.jsx)(n.img,{src:"https://photos.100ask.net/dongshanpi-docs/DongshanNezhaSTU/Windows_FlashDevice_005.png",alt:"Windows_FlashDevice_001"})}),"\n",(0,r.jsxs)(n.p,{children:["\u6700\u540e\u6211\u4eec\u53ef\u4ee5\u770b\u5230\uff0c\u8bbe\u5907\u7ba1\u7406\u5668 \u91cc\u9762\u7684\u672a\u77e5\u8bbe\u5907 \u53d8\u6210\u4e86\u4e00\u4e2a ",(0,r.jsx)(n.code,{children:"USB Device(VID_1f3a_efe8)"}),"\u7684\u8bbe\u5907\uff0c\u8fd9\u65f6\u5c31\u8868\u660e\u8bbe\u5907\u9a71\u52a8\u5df2\u7ecf\u5b89\u88c5\u6210\u529f\u3002"]}),"\n",(0,r.jsx)(n.p,{children:(0,r.jsx)(n.img,{src:"https://photos.100ask.net/dongshanpi-docs/DongshanNezhaSTU/Windows_FlashDevice_006.png",alt:"Windows_FlashDevice_001"})}),"\n",(0,r.jsx)(n.h3,{id:"\u8fd0\u884c\u8f6f\u4ef6\u70e7\u5199",children:"\u8fd0\u884c\u8f6f\u4ef6\u70e7\u5199"}),"\n",(0,r.jsxs)(n.p,{children:["\u5c06\u4e0b\u8f7d\u4e0b\u6765\u7684\u5168\u5fd7\u7ebf\u5237\u5de5\u5177 ",(0,r.jsx)(n.strong,{children:"AllwinnertechPhoeniSuit"})," \u89e3\u538b\u7f29\uff0c\u540c\u65f6\u5c06 ",(0,r.jsx)(n.strong,{children:"EMMC\u7cfb\u7edf\u955c\u50cf"})," \u4e0b\u8f7d\u4e0b\u6765\u4e5f\u8fdb\u884c\u89e3\u538b\u7f29\u3002\u5982\u679c\u6ca1\u6709\u955c\u50cf\u63d0\u4f9b\uff0c\u53ef\u4ee5\u901a\u8fc7\u540e\u9762\u7ae0\u8282\u81ea\u884c\u7f16\u8bd1\u955c\u50cf\u3002\u89e3\u538b\u540e\uff0c\u5f97\u5230\u4e00\u4e2a ",(0,r.jsx)(n.strong,{children:"tina_h616-p2_uart0.img"})," \u955c\u50cf\uff0c\u662f\u7528\u4e8e\u70e7\u5f55\u81f3 EMMC\u3002\u53e6\u4e00\u4e2a\u662f",(0,r.jsx)(n.strong,{children:"AllwinnertechPhoeniSuit"}),"\u6587\u4ef6\u5939\u3002\u9996\u5148\u6211\u4eec\u8fdb\u5165\u5230 ",(0,r.jsx)(n.strong,{children:"AllwinnertechPhoeniSuit\\AllwinnertechPhoeniSuitRelease20201225"})," \u76ee\u5f55\u4e0b \u627e\u5230 ",(0,r.jsx)(n.strong,{children:"PhoenixSuit.exe"})," \u53cc\u51fb\u8fd0\u884c\u3002"]}),"\n",(0,r.jsx)(n.p,{children:"\u6253\u5f00\u8f6f\u4ef6\u540e \u8f6f\u4ef6\u4e3b\u754c\u9762\u5982\u4e0b\u56fe\u6240\u793a\uff1a"}),"\n",(0,r.jsx)(n.p,{children:(0,r.jsx)(n.img,{src:"https://photos.100ask.net/dongshanpi-docs/DongshanNezhaSTU/PhoenixSuit_001.png",alt:"PhoenixSuit_001"})}),"\n",(0,r.jsxs)(n.p,{children:["\u63a5\u4e0b\u6765 \u6211\u4eec\u9700\u8981\u5207\u6362\u5230 ",(0,r.jsx)(n.strong,{children:"\u4e00\u952e\u5237\u673a"}),"\u7a97\u53e3\uff0c\u5982\u4e0b\u56fe\u6240\u793a\uff0c\u70b9\u51fb\u7ea2\u6846\u6807\u53f7\u2460 ",(0,r.jsx)(n.strong,{children:"\u4e00\u952e\u5237\u673a"}),"\uff0c\u5728\u5f39\u51fa\u7684\u65b0\u7a97\u53e3\u5185\uff0c\u6211\u4eec\u70b9\u51fb \u7ea2\u6846\u2461 ",(0,r.jsx)(n.strong,{children:"\u6d4f\u89c8"})," \u627e\u5230\u6211\u4eec\u7684 EMMC \u7cfb\u7edf\u955c\u50cf  ",(0,r.jsx)(n.strong,{children:"tina_h616-p2_uart0.img"})," \uff0c\u9009\u4e2d\u955c\u50cf\u540e\uff0c\u6700\u540e\u70b9\u51fb\u7ea2\u6846\u2462 ",(0,r.jsx)(n.strong,{children:"\u5206\u533a\u64e6\u9664\u5347\u7ea7"})]}),"\n",(0,r.jsx)(n.p,{children:(0,r.jsx)(n.img,{alt:"image-20241223165324945",src:i(44065).Z+"",width:"800",height:"600"})}),"\n",(0,r.jsxs)(n.p,{children:["\u70b9\u51fb\u5b8c\u6210\u540e\uff0c\u4e0d\u9700\u8981\u70b9\u51fb ",(0,r.jsx)(n.strong,{children:"\u7acb\u5373\u5347\u7ea7"})," \uff0c\u4e5f\u4e0d\u9700\u8981\u7406\u4f1a\u5176\u4ed6\u4fe1\u606f\uff0c\u8fd9\u65f6 \u6211\u4eec\u62ff\u8d77\u5df2\u7ecf\u8fde\u63a5\u597d\u7684\u5f00\u53d1\u677f\uff0c\u5148\u6309\u4f4f ",(0,r.jsx)(n.strong,{children:"FEL"})," \u70e7\u5199\u6a21\u5f0f\u6309\u952e\uff0c\u4e4b\u540e\u6309\u4e00\u4e0b ",(0,r.jsx)(n.strong,{children:"RESET"})," \u7cfb\u7edf\u590d\u4f4d\u952e\uff0c\u5c31\u53ef\u4ee5\u81ea\u52a8\u8fdb\u5165\u70e7\u5199\u6a21\u5f0f\u5e76\u5f00\u59cb\u70e7\u5199\u3002"]}),"\n",(0,r.jsx)(n.p,{children:(0,r.jsx)(n.img,{src:"https://photos.100ask.net/dongshanpi-docs/DongshanNezhaSTU/PhoenixSuit_003.png",alt:"PhoenixSuit_003"})}),"\n",(0,r.jsx)(n.p,{children:"\u70e7\u5199\u65f6\u4f1a\u63d0\u793a\u70e7\u5199\u8fdb\u5ea6\u6761\uff0c\u70e7\u5199\u5b8c\u6210\u540e \u5f00\u53d1\u677f\u4f1a\u81ea\u5df1\u91cd\u542f\u3002"}),"\n",(0,r.jsx)(n.h3,{id:"\u542f\u52a8\u7cfb\u7edf",children:"\u542f\u52a8\u7cfb\u7edf"}),"\n",(0,r.jsx)(n.p,{children:"\u4e00\u822c\u60c5\u51b5\u4e0b\uff0c\u70e7\u5199\u6210\u529f\u540e \u90fd\u4f1a\u81ea\u52a8\u91cd\u542f \u542f\u52a8\u7cfb\u7edf\uff0c\u6b64\u65f6\u6211\u4eec\u8fdb\u5165\u5230 \u4e32\u53e3\u7ec8\u7aef\uff0c\u53ef\u4ee5\u770b\u5230\u5b83\u7684\u542f\u52a8\u4fe1\u606f\uff0c\u7b49\u6240\u6709\u542f\u52a8\u4fe1\u606f\u52a0\u8f7d\u5b8c\u6210\u3002"}),"\n",(0,r.jsx)(n.pre,{children:(0,r.jsx)(n.code,{className:"language-bash",children:"[143]HELLO! BOOT0 is starting Aug  6 2020 15:38:24!\n[148]BOOT0 commit : b2b1d75\n[151]set pll start\n[154]periph0 has been enabled\n[157]set pll end\n[159]unknow PMU\n[160]unknow PMU\n[162]PMU: AXP1530\n[169]vaild para:1  select dram para0\n[173]board init ok\n[175]DRAM BOOT DRIVE INFO: V0.52\n[178]the chip id is 0x5000\n[181]chip id check OK\n[183]DRAM_VCC set to 1500 mv\n[186]DRAM CLK =720 MHZ\n[188]DRAM Type =3 (3:DDR3,4:DDR4,7:LPDDR3,8:LPDDR4)\n[195]Actual DRAM SIZE =512 M\n[197]DRAM SIZE =512 MBytes, para1 = 30fa, para2 = 2000001, dram_tpr13 = 6041\n[211]DRAM simple test OK.\n[213]rtc standby flag is 0x0, super standby flag is 0x0\n[218]dram size =512\n[221]card no is 2\n[223]sdcard 2 line count 8\n[226][mmc]: mmc driver ver 2019-12-19 10:41\n[230][mmc]: set f_max to 50M, set f_max_ddr to 50M\n[235][mmc]: mmc 2 bias 4\n[243][mmc]: ***Try MMC card 2***\n[258][mmc]: MMC 5.1\n[260][mmc]: HSDDR52/DDR50 8 bit\n[263][mmc]: 50000000 Hz\n[265][mmc]: 7456 MB\n[267][mmc]: ***SD/MMC 2 init OK!!!***\n[327]Loading boot-pkg Succeed(index=0).\n[330]Entry_name        = u-boot\n[339]Entry_name        = monitor\n[343]Entry_name        = dtbo\n[346]Entry_name        = dtb\n[349]tunning data addr:0x4a0003e8\n[353]Jump to second Boot.\nNOTICE:  BL3-1: v1.0(debug):6a92f45\nNOTICE:  BL3-1: Built : 17:13:06, 2020-07-30\nNOTICE:  BL3-1 commit: 8\nERROR:   Error initializing runtime service tspd_fast\nNOTICE:  BL3-1: Preparing for EL3 exit to normal world\nNOTICE:  BL3-1: Next image address = 0x4a000000\n\u2592OTICE:  BL3-1: Next image spsr = 0x1d3\n\nU-Boot 2018.05-00003-gec92168 (Aug 06 2020 - 15:40:52 +0800) Allwinner Technology\n\n[00.427]CPU:   Allwinner Family\n[00.430]Model: sun50iw9\nI2C:   ready\n[00.434]DRAM:  512 MiB\n[00.437]Relocation Offset is: 15ec5000\n[00.474]secure enable bit: 0\n[00.477]pmu_axp152_probe pmic_bus_read fail\n[00.481]PMU: AXP1530\n[00.485]CPU=1008 MHz,PLL6=600 Mhz,AHB=200 Mhz, APB1=100Mhz  MBus=400Mhz\n[00.494]drv_disp_init\n[00.524]__clk_enable: clk is null.\n[00.530]drv_disp_init finish\n[00.532]gic: sec monitor mode\n[00.561]flash init start\n[00.563]workmode = 0,storage type = 2\n[00.567]MMC:     2\n[00.568]get mem for descripter OK !\n[00.577]get sdc2 sdc_boot0_sup_1v8 fail.\n[00.582]io is 1.8V\n\n[00.605]already at HSSDR52_SDR25 mode\n[00.608]sunxi flash init ok\n[00.611]Loading Environment from SUNXI_FLASH... OK\n[00.621]Item0 (Map) magic is bad\n[00.624]the secure storage item0 copy0 is bad\n[00.628]Item0 (Map) magic is bad\n[00.631]Item0 (Map) magic is bad\n[00.634]usb burn from boot\ndelay time 0\nweak:otg_phy_config\n[00.647]usb prepare ok\n[00.838]usb sof ok\n[00.839]usb probe ok\n[00.841]usb setup ok\nset address 0x37\nset address 0x37 ok\nset address 0x38\nset address 0x38 ok\ntry to update\n[03.847]do_burn_from_boot usb : have no handshake\n[03.851]boot_gui_init:start\npartno erro : can't find partition Reserve0\n[03.863]Get Reserve0 partition number fail!\n[04.131]boot_gui_init:finish\n[04.134]bmp_name=bootlogo.bmp\n38454 bytes read in 1 ms (36.7 MiB/s)\n[04.147]hsddr 2-50000000\n[04.149]hs200 5-200000000\n[04.152]hs400 2-50000000\n[04.154]get max-frequency ok 100000000 Hz\n[04.158]0 0 0: 0 0 0\n[04.160]get max-frequency ok 50000000 Hz\n[04.166]update dts\n** Unrecognized filesystem type **\n[04.181]load file(ULI/factory/rootwait init.txt) error.\n** Unrecognized filesystem type **\n[04.192]load file(ULI/factory/snum.txt) error.\n** Unrecognized filesystem type **\n[04.202]load file(ULI/factory/mac.txt) error.\n** Unrecognized filesystem type **\n[04.213]load file(ULI/factory/wifi_mac.txt) error.\n** Unrecognized filesystem type **\n[04.224]load file(ULI/factory/bt_mac.txt) error.\n** Unrecognized filesystem type **\n[04.234]load file(ULI/factory/selinux.txt) error.\n** Unrecognized filesystem type **\n[04.245]load file(ULI/factory/specialstr.txt) error.\n[04.253]update part info\n[04.275]update bootcmd\n[04.277]No ethernet found.\nHit any key to stop autoboot:  0\nAndroid's image name: h616-p2\n[04.494]Starting kernel ...\n\n[04.497]mmc exit start\n[04.513]mmc 2 exit ok\n[    0.000000] Booting Linux on physical CPU 0x0\n[    0.000000] Linux version 4.9.170 (ubuntu@dshanpi) (gcc version 6.4.1 (OpenWrt/Linaro GCC 6.4-2017.11 2017-11) ) #9 SMP PREEMPT Wed Aug 14 10:25:35 UTC 2024\n[    0.000000] Boot CPU: AArch64 Processor [410fd034]\n[    0.000000] bootconsole [earlycon0] enabled\n[    0.000000] disp reserve base 0x5bf2d900 ,size 0x384000\n[    0.000000] cma: Reserved 64 MiB at 0x0000000057c00000\n[    0.000000] On node 0 totalpages: 131072\n[    0.000000]   DMA zone: 2048 pages used for memmap\n[    0.000000]   DMA zone: 0 pages reserved\n[    0.000000]   DMA zone: 131072 pages, LIFO batch:31\n[    0.000000] psci: probing for conduit method from DT.\n[    0.000000] psci: PSCIv1.0 detected in firmware.\n[    0.000000] psci: Using standard PSCI v0.2 function IDs\n[    0.000000] psci: Trusted OS migration not required\n[    0.000000] psci: SMC Calling Convention v1.0\n[    0.000000] percpu: Embedded 21 pages/cpu @ffffffc01ff08000 s47128 r8192 d30696 u86016\n[    0.000000] pcpu-alloc: s47128 r8192 d30696 u86016 alloc=21*4096\n[    0.000000] pcpu-alloc: [0] 0 [0] 1 [0] 2 [0] 3\n[    0.000000] Detected VIPT I-cache on CPU0\n[    0.000000] CPU features: enabling workaround for ARM erratum 845719\n[    0.000000] Built 1 zonelists in Zone order, mobility grouping on.  Total pages: 129024\n[    0.000000] Kernel command line: earlyprintk=sunxi-uart,0x05000000 initcall_debug=0 console=ttyS0,115200 loglevel=8 root=/dev/mmcblk0p4 rootwait init=/pseudo_init partitions=bootloader@mmcblk0p1:env@mmcblk0p2:boot@mmcblk0p3:rootfs@mmcblk0p4:rootfs_data@mmcblk0p5:misc@mmcblk0p6:private@mmcblk0p7:UDISK@mmcblk0p8 cma=64M snum=0c00142873038681d4e mac_addr= wifi_mac= bt_mac= selinux=0 specialstr= gpt=1 androidboot.mode=normal androidboot.serialno=0c00142873038681d4e androidboot.hardware=sun50iw9p1 boot_type=2 androidboot.boot_type=2 androidboot.secure_os_exist=0 gpt=1 uboot_message=2018.05-00003-gec92168(08/06/2020-15:40:52) disp_reserve=3686400,0x5bf2d900 bootreason=unknow\n[    0.000000] log_buf_len individual max cpu contribution: 4096 bytes\n[    0.000000] log_buf_len total cpu_extra contributions: 12288 bytes\n[    0.000000] log_buf_len min size: 16384 bytes\n[    0.000000] log_buf_len: 32768 bytes\n[    0.000000] early log buf free: 14164(86%)\n[    0.000000] PID hash table entries: 2048 (order: 2, 16384 bytes)\n[    0.000000] Dentry cache hash table entries: 65536 (order: 7, 524288 bytes)\n[    0.000000] Inode-cache hash table entries: 32768 (order: 6, 262144 bytes)\n[    0.000000] Memory: 407236K/524288K available (8510K kernel code, 964K rwdata, 2652K rodata, 512K init, 502K bss, 51516K reserved, 65536K cma-reserved)\n[    0.000000] Virtual kernel memory layout:\n[    0.000000]     modules : 0xffffff8000000000 - 0xffffff8008000000   (   128 MB)\n[    0.000000]     vmalloc : 0xffffff8008000000 - 0xffffffbebfff0000   (   250 GB)\n[    0.000000]       .text : 0xffffff8008080000 - 0xffffff80088d0000   (  8512 KB)\n[    0.000000]     .rodata : 0xffffff80088d0000 - 0xffffff8008b70000   (  2688 KB)\n[    0.000000]       .init : 0xffffff8008b70000 - 0xffffff8008bf0000   (   512 KB)\n[    0.000000]       .data : 0xffffff8008bf0000 - 0xffffff8008ce1008   (   965 KB)\n[    0.000000]        .bss : 0xffffff8008ce1008 - 0xffffff8008d5e87c   (   503 KB)\n[    0.000000]     fixed   : 0xffffffbefe7fb000 - 0xffffffbefec00000   (  4116 KB)\n[    0.000000]     PCI I/O : 0xffffffbefee00000 - 0xffffffbeffe00000   (    16 MB)\n[    0.000000]     vmemmap : 0xffffffbf00000000 - 0xffffffc000000000   (     4 GB maximum)\n[    0.000000]               0xffffffbf00000000 - 0xffffffbf00800000   (     8 MB actual)\n[    0.000000]     memory  : 0xffffffc000000000 - 0xffffffc020000000   (   512 MB)\n[    0.000000] SLUB: HWalign=64, Order=0-3, MinObjects=0, CPUs=4, Nodes=1\n[    0.000000] Preemptible hierarchical RCU implementation.\n[    0.000000]  Build-time adjustment of leaf fanout to 64.\n[    0.000000] NR_IRQS:64 nr_irqs:64 0\n[    0.000000] clocksource: timer: mask: 0xffffffff max_cycles: 0xffffffff, max_idle_ns: 79635851949 ns\n[    0.000000] arm_arch_timer: Architected cp15 timer(s) running at 24.00MHz (virt).\n[    0.000000] clocksource: arch_sys_counter: mask: 0xffffffffffffff max_cycles: 0x588fe9dc0, max_idle_ns: 440795202592 ns\n[    0.000006] sched_clock: 56 bits at 24MHz, resolution 41ns, wraps every 4398046511097ns\n[    0.008155] Calibrating delay loop (skipped), value calculated using timer frequency.. 48.00 BogoMIPS (lpj=80000)\n[    0.018197] pid_max: default: 32768 minimum: 301\n[    0.023299] Security Framework initialized\n[    0.026882] SELinux:  Disabled at boot.\n[    0.030867] Mount-cache hash table entries: 1024 (order: 1, 8192 bytes)\n[    0.037274] Mountpoint-cache hash table entries: 1024 (order: 1, 8192 bytes)\n[    0.048167] sched-energy: CPU device node has no sched-energy-costs\n[    0.050528] Invalid sched_group_energy for CPU0\n[    0.055071] CPU0: update cpu_capacity 1024\n[    0.069199] ASID allocator initialised with 32768 entries\n[    0.086481] BOOTEVENT:        86.468290: ON\n[    0.116149] Detected VIPT I-cache on CPU1\n[    0.116213] Invalid sched_group_energy for CPU1\n[    0.116217] CPU1: update cpu_capacity 1024\n[    0.116220] CPU1: Booted secondary processor [410fd034]\n[    0.139565] Detected VIPT I-cache on CPU2\n[    0.139623] Invalid sched_group_energy for CPU2\n[    0.139626] CPU2: update cpu_capacity 1024\n[    0.139629] CPU2: Booted secondary processor [410fd034]\n[    0.162968] Detected VIPT I-cache on CPU3\n[    0.163022] Invalid sched_group_energy for CPU3\n[    0.163027] CPU3: update cpu_capacity 1024\n[    0.163030] CPU3: Booted secondary processor [410fd034]\n[    0.163140] Brought up 4 CPUs\n[    0.197139] SMP: Total of 4 processors activated.\n[    0.201831] CPU features: detected feature: 32-bit EL0 Support\n[    0.207637] CPU features: detected feature: Kernel page table isolation (KPTI)\n[    0.218186] CPU: All CPU(s) started at EL1\n[    0.218907] alternatives: patching kernel code\n[    0.223829] Invalid sched_group_energy for CPU3\n[    0.227834] Invalid sched_group_energy for Cluster3\n[    0.232681] Invalid sched_group_energy for CPU2\n[    0.237187] Invalid sched_group_energy for Cluster2\n[    0.242040] Invalid sched_group_energy for CPU1\n[    0.246547] Invalid sched_group_energy for Cluster1\n[    0.251399] Invalid sched_group_energy for CPU0\n[    0.255907] Invalid sched_group_energy for Cluster0\n[    0.262883] devtmpfs: initialized\n[    0.538326] clocksource: jiffies: mask: 0xffffffff max_cycles: 0xffffffff, max_idle_ns: 6370867519511994 ns\n[    0.538426] futex hash table entries: 1024 (order: 5, 131072 bytes)\n[    0.541353] atomic64_test: passed\n[    0.541401] pinctrl core: initialized pinctrl subsystem\n[    0.545799] NET: Registered protocol family 16\n[    0.549984] dump_class_init,861, success\n[    0.553770] sunxi iommu: irq = 8\n[    0.554859] vdso: 2 pages (1 code @ ffffff80088d6000, 1 data @ ffffff8008bf4000)\n[    0.560825] DMA: preallocated 256 KiB pool for atomic allocations\n[    0.569666] sun50iw9p1-r-pinctrl r_pio: initialized sunXi PIO driver\n[    0.641309] sun50iw9p1-pinctrl pio: initialized sunXi PIO driver\n[    0.654131] iommu: Adding device 1c0e000.ve to group 0\n[    0.655693] iommu: Adding device 1c00000.vp9 to group 0\n[    0.693196] iommu: Adding device 1000000.disp to group 0\n[    0.698924] iommu: Adding device 1480000.g2d to group 0\n[    0.710855] iommu: Adding device csi0 to group 0\n[    0.712369] iommu: Adding device csi1 to group 0\n[    0.716332] iommu: Adding device 6600800.vind:scaler@0 to group 0\n[    0.717480] iommu: Adding device 6600800.vind:scaler@1 to group 0\n[    0.718657] iommu: Adding device 6600800.vind:scaler@2 to group 0\n[    0.719735] iommu: Adding device 6600800.vind:scaler@3 to group 0\n[    0.723215] iommu: Adding device 6600800.vind:scaler@4 to group 0\n[    0.729336] iommu: Adding device 6600800.vind:scaler@5 to group 0\n[    0.737302] iommu: Adding device vinc0 to group 0\n[    0.740523] iommu: Adding device vinc1 to group 0\n[    0.748356] iommu: Adding device 1420000.deinterlace to group 0\n[    0.875734] pwm module init!\n[    0.890632] sunxi-pm debug v3.10\n[    0.894872] SCSI subsystem initialized\n[    0.896508] usbcore: registered new interface driver usbfs\n[    0.896923] usbcore: registered new interface driver hub\n[    0.897254] usbcore: registered new device driver usb\n[    0.898017] sunxi_i2c_adap_init()2522 - init\n[    0.899100] sunxi_i2c_probe()2209 - [i2c3] warning: failed to get regulator id\n[    0.903888] sunxi_i2c_probe()2271 - [i2c3] twi_drv_used = 0\n[    0.909150] sunxi_i2c_probe()2275 - [i2c3] twi_pkt_interval = 0\n[    0.915037] twi3 supply twi not found, using dummy regulator\n[    0.920970] twi_request_gpio()452 - [i2c3] init name: twi3\n[    0.928050] sunxi_i2c_probe()2209 - [i2c5] warning: failed to get regulator id\n[    0.933606] sunxi_i2c_probe()2271 - [i2c5] twi_drv_used = 0\n[    0.938875] sunxi_i2c_probe()2275 - [i2c5] twi_pkt_interval = 0\n[    0.944758] twi5 supply twi not found, using dummy regulator\n[    0.950631] twi_request_gpio()452 - [i2c5] init name: twi5\n[    0.957701] axp20x-i2c 5-0036: AXP20x variant AXP1530 found\n[    0.963803] axp2101-regulator axp2101-regulator.0: Setting DCDC frequency for unsupported AXP variant\n[    0.970600] axp2101-regulator axp2101-regulator.0: Error setting dcdc frequency: -22\n[    0.994108] axp20x-i2c 5-0036: AXP20X driver loaded\n[    0.994904] media: Linux media interface: v0.10\n[    0.995242] Linux video capture interface: v2.00\n[    0.998238] ion_parse_dt_heap_common: id 0 type 0 name sys_user align 1000\n[    0.999852] ion_parse_dt_heap_common: id 4 type 4 name cma align 1000\n[    1.006262] ion_parse_dt_heap_common: id 6 type 6 name secure align 1000\n[    1.013347] drm config service not available: FFFFFFFF\n[    1.018760] Advanced Linux Sound Architecture Driver Initialized.\n[    1.026576] Bluetooth: Core ver 2.22\n[    1.027142] NET: Registered protocol family 31\n[    1.031343] Bluetooth: HCI device and connection manager initialized\n[    1.037700] Bluetooth: HCI socket layer initialized\n[    1.042546] Bluetooth: L2CAP socket layer initialized\n[    1.047675] Bluetooth: SCO socket layer initialized\n[    1.055173] [DISP]disp_module_init\n[    1.058962] [DISP] disp_init,line:2216:\n[    1.059442] smooth display screen:0 type:4 mode:10\n[    1.077289] [DISP]disp_module_init finish\n[    6.134686] sunxi_i2c_do_xfer()1928 - [i2c3] xfer timeout (dev addr:0x10)\n[    6.134993] sunxi_i2c_do_xfer()1935 - [i2c5] incomplete xfer (status: 0x20, dev addr: 0x10)\n[    6.135535] of_property_read_string ac200.tv_regulator_name fail\n[    6.135589] [ac200] get ave_regulator_name failed!\n[    6.139208] [ac200] pwm enable\n[    6.142053] clocksource: Switched to clocksource arch_sys_counter\n[    6.147959] VFS: Disk quotas dquot_6.6.0\n[    6.151446] VFS: Dquot-cache hash table entries: 512 (order 0, 4096 bytes)\n[    6.167209] udc_init,0\n[    6.171286] thermal thermal_zone2: power_allocator: sustainable_power will be estimated\n[    6.172392] thermal thermal_zone3: power_allocator: sustainable_power will be estimated\n[    6.177041] NET: Registered protocol family 2\n[    6.209330] TCP established hash table entries: 4096 (order: 3, 32768 bytes)\n[    6.209456] TCP bind hash table entries: 4096 (order: 4, 65536 bytes)\n[    6.209586] TCP: Hash tables configured (established 4096 bind 4096)\n[    6.209778] UDP hash table entries: 256 (order: 1, 8192 bytes)\n[    6.212714] UDP-Lite hash table entries: 256 (order: 1, 8192 bytes)\n[    6.219952] NET: Registered protocol family 1\n[    6.224949] RPC: Registered named UNIX socket transport module.\n[    6.229174] RPC: Registered udp transport module.\n[    6.233808] RPC: Registered tcp transport module.\n[    6.238485] RPC: Registered tcp NFSv4.1 backchannel transport module.\n[    6.245762] Trying to unpack rootfs image as initramfs...\n[    6.251227] rootfs image is not initramfs (junk in compressed archive); looks like an initrd\n[    6.267160] audit: initializing netlink subsys (disabled)\n[    6.267388] audit: type=2000 audit(6.156:1): initialized\n[    6.270258] workingset: timestamp_bits=45 max_order=17 bucket_order=0\n[    6.388449] Registering sdcardfs 0.1\n[    6.406109] fuse init (API version 7.26)\n[    6.433967] io scheduler noop registered\n[    6.434014] io scheduler deadline registered\n[    6.436317] io scheduler cfq registered (default)\n[    6.446494] failed to get standby led pin assign\n[    6.446547] failed to get standby led pin assign\n[    6.446724] gpio_pin_1(230) gpio_is_valid\n[    6.447963] gpio name is PH6, ret = 0\n[    6.448884] gpio_init finish with uesd\n[    6.451453] reg-virt-consumer.1 supply dcdc1 not found, using dummy regulator\n[    6.452984] reg-virt-consumer.2 supply dcdc2 not found, using dummy regulator\n[    6.459951] reg-virt-consumer.3 supply dcdc3 not found, using dummy regulator\n[    6.467057] reg-virt-consumer.4 supply aldo1 not found, using dummy regulator\n[    6.474082] reg-virt-consumer.5 supply dldo1 not foun\u2592[    6.500794] console [ttyS0] enabled\n[    6.500794] console [ttyS0] enabled\n[    6.504811] bootconsole [earlycon0] disabled\n[    6.504811] bootconsole [earlycon0] disabled\n[    6.515607] uart uart1: get regulator failed\n[    6.522486] uart1: ttyS1 at MMIO 0x5000400 (irq = 281, base_baud = 1500000) is a SUNXI\n[    6.534686] misc dump reg init\n[    6.541383] deinterlace 1420000.deinterlace: version[1.0.0], ip=0x300100\n[    6.550138] Unable to detect cache hierarchy for CPU 0\n[    6.613303] brd: module loaded\n[    6.654858] loop: module loaded\n[    6.662643] zram: Added device: zram0\n[    6.667001] [NAND][NE] Not found valid nand node on dts\n[    6.672930] Boot type 2\n[    6.677149] sunxi-bt soc@03000000:bt: Missing bt_power.\n[    6.683227] sunxi-bt soc@03000000:bt: bt_power_name ((null))\n[    6.689619] sunxi-bt soc@03000000:bt: Missing bt_io_regulator.\n[    6.696191] sunxi-bt soc@03000000:bt: io_regulator_name ((null))\n[    6.703040] sunxi-bt soc@03000000:bt: bt_rst gpio=205  mul-sel=1  pull=-1  drv_level=-1  data=0\n[    6.713027] sunxi-bt soc@03000000:bt: devm_pinctrl_get() failed!\n[    6.721930] sunxi-wlan soc@03000000:wlan: wlan_busnum (1)\n[    6.728041] sunxi-wlan soc@03000000:wlan: Missing wlan_power.\n[    6.734523] sunxi-wlan soc@03000000:wlan: wlan_power_name ((null))\n[    6.741486] sunxi-wlan soc@03000000:wlan: Missing wlan_io_regulator.\n[    6.748649] sunxi-wlan soc@03000000:wlan: io_regulator_name ((null))\n[    6.755858] sunxi-wlan soc@03000000:wlan: wlan_regon gpio=203  mul-sel=1  pull=-1  drv_level=-1  data=0\n[    6.766509] sunxi-wlan soc@03000000:wlan: get gpio chip_en failed\n[    6.773376] sunxi-wlan soc@03000000:wlan: get gpio power_en failed\n[    6.780367] sunxi-wlan soc@03000000:wlan: wlan_hostwake gpio=204  mul-sel=6  pull=-1  drv_level=-1  data=0\n[    6.793782] [ADDR_MGT] addr_mgt_probe: success.\n[    6.806753] libphy: Fixed MDIO Bus: probed\n[    6.811399] tun: Universal TUN/TAP device driver, 1.6\n[    6.817097] tun: (C) 1999-2004 Max Krasnyansky <maxk@qualcomm.com>\n[    6.827112] gmac-power0: NULL\n[    6.830489] gmac-power1: NULL\n[    6.833837] gmac-power2: NULL\n[    6.840739] PPP generic driver version 2.4.2\n[    6.846582] PPP BSD Compression module registered\n[    6.851918] PPP Deflate Compression module registered\n[    6.857656] PPP MPPE Compression module registered\n[    6.863063] NET: Registered protocol family 24\n[    6.868151] PPTP driver version 0.8.5\n[    6.873034] usbcore: registered new interface driver r8152\n[    6.879614] usbcore: registered new interface driver asix\n[    6.885992] usbcore: registered new interface driver ax88179_178a\n[    6.893159] usbcore: registered new interface driver cdc_ether\n[    6.900022] usbcore: registered new interface driver net1080\n[    6.906705] usbcore: registered new interface driver cdc_subset\n[    6.913685] usbcore: registered new interface driver zaurus\n[    6.920374] usbcore: registered new interface driver cdc_ncm\n[    6.926765] ehci_hcd: USB 2.0 'Enhanced' Host Controller (EHCI) Driver\n[    6.934642] get drv_vbus is fail, 84\n[    6.938703] get ehci0-controller, regulator_io is no nocare\n[    6.945645] [sunxi-ehci0]: probe, pdev->name: 5101000.ehci0-controller, sunxi_ehci: 0xffffff8008d48f28, 0x:ffffff80099b4000, irq_no:11d\n[    6.959356] [sunxi-ehci0]: Not init ehci0\n[    6.964257] get ehci1-controller, regulator_io is no nocare\n[    6.971196] [sunxi-ehci1]: probe, pdev->name: 5200000.ehci1-controller, sunxi_ehci: 0xffffff8008d49270, 0x:ffffff80099b8000, irq_no:11f\n[    6.985001] sunxi-ehci 5200000.ehci1-controller: SW USB2.0 'Enhanced' Host Controller (EHCI) Driver\n[    6.995276] sunxi-ehci 5200000.ehci1-controller: new USB bus registered, assigned bus number 1\n[    7.005821] sunxi-ehci 5200000.ehci1-controller: irq 287, io mem 0xffffff80099b8000\n[    7.025402] sunxi-ehci 5200000.ehci1-controller: USB 0.0 started, EHCI 1.00\n[    7.037358] hub 1-0:1.0: USB hub found\n[    7.041763] hub 1-0:1.0: 1 port detected\n[    7.048834] get drv_vbus is fail, 84\n[    7.052870] get ehci2-controller, regulator_io is no nocare\n[    7.059800] [sunxi-ehci2]: probe, pdev->name: 5310000.ehci2-controller, sunxi_ehci: 0xffffff8008d495b8, 0x:ffffff80099c2000, irq_no:121\n[    7.073634] sunxi-ehci 5310000.ehci2-controller: SW USB2.0 'Enhanced' Host Controller (EHCI) Driver\n[    7.083895] sunxi-ehci 5310000.ehci2-controller: new USB bus registered, assigned bus number 2\n[    7.094294] sunxi-ehci 5310000.ehci2-controller: irq 289, io mem 0xffffff80099c2000\n[    7.115406] sunxi-ehci 5310000.ehci2-controller: USB 0.0 started, EHCI 1.00\n[    7.127356] hub 2-0:1.0: USB hub found\n[    7.131746] hub 2-0:1.0: 1 port detected\n[    7.138846] get drv_vbus is fail, 84\n[    7.142886] get ehci3-controller, regulator_io is no nocare\n[    7.150168] [sunxi-ehci3]: probe, pdev->name: 5311000.ehci3-controller, sunxi_ehci: 0xffffff8008d49900, 0x:ffffff80099cc000, irq_no:123\n[    7.163987] sunxi-ehci 5311000.ehci3-controller: SW USB2.0 'Enhanced' Host Controller (EHCI) Driver\n[    7.174256] sunxi-ehci 5311000.ehci3-controller: new USB bus registered, assigned bus number 3\n[    7.184616] sunxi-ehci 5311000.ehci3-controller: irq 291, io mem 0xffffff80099cc000\n[    7.205397] sunxi-ehci 5311000.ehci3-controller: USB 0.0 started, EHCI 1.00\n[    7.217382] hub 3-0:1.0: USB hub found\n[    7.221770] hub 3-0:1.0: 1 port detected\n[    7.229201] ohci_hcd: USB 1.1 'Open' Host Controller (OHCI) Driver\n[    7.236771] get drv_vbus is fail, 84\n[    7.241958] get ohci0-controller, regulator_io is no nocare\n[    7.249053] [sunxi-ohci0]: probe, pdev->name: 5101000.ohci0-controller, sunxi_ohci: 0xffffff8008d48208\n[    7.259536] [sunxi-ohci0]: Not init ohci0\n[    7.264428] get ohci1-controller, regulator_io is no nocare\n[    7.271259] hci: request ohci1-controller gpio:232\n[    7.276859] [sunxi-ohci1]: probe, pdev->name: 5200000.ohci1-controller, sunxi_ohci: 0xffffff8008d48550\n[    7.287424] sunxi-ohci 5200000.ohci1-controller: SW USB2.0 'Open' Host Controller (OHCI) Driver\n[    7.297307] sunxi-ohci 5200000.ohci1-controller: new USB bus registered, assigned bus number 4\n[    7.307290] sunxi-ohci 5200000.ohci1-controller: irq 288, io mem 0x00000040\n[    7.380113] hub 4-0:1.0: USB hub found\n[    7.384507] hub 4-0:1.0: 1 port detected\n[    7.391437] get drv_vbus is fail, 84\n[    7.395495] get ohci2-controller, regulator_io is no nocare\n[    7.402644] [sunxi-ohci2]: probe, pdev->name: 5310000.ohci2-controller, sunxi_ohci: 0xffffff8008d48898\n[    7.413384] sunxi-ohci 5310000.ohci2-controller: SW USB2.0 'Open' Host Controller (OHCI) Driver\n[    7.423282] sunxi-ohci 5310000.ohci2-controller: new USB bus registered, assigned bus number 5\n[    7.433277] sunxi-ohci 5310000.ohci2-controller: irq 290, io mem 0x00000040\n[    7.503464] hub 5-0:1.0: USB hub found\n[    7.507852] hub 5-0:1.0: 1 port detected\n[    7.514791] get drv_vbus is fail, 84\n[    7.518854] get ohci3-controller, regulator_io is no nocare\n[    7.525976] [sunxi-ohci3]: probe, pdev->name: 5311000.ohci3-controller, sunxi_ohci: 0xffffff8008d48be0\n[    7.536552] sunxi-ohci 5311000.ohci3-controller: SW USB2.0 'Open' Host Controller (OHCI) Driver\n[    7.546426] sunxi-ohci 5311000.ohci3-controller: new USB bus registered, assigned bus number 6\n[    7.556433] sunxi-ohci 5311000.ohci3-controller: irq 292, io mem 0x00000040\n[    7.626872] hub 6-0:1.0: USB hub found\n[    7.631295] hub 6-0:1.0: 1 port detected\n[    7.639015] usbcore: registered new interface driver uas\n[    7.645581] usbcore: registered new interface driver usb-storage\n[    7.652624] usbcore: registered new interface driver ums-alauda\n[    7.659560] usbcore: registered new interface driver ums-cypress\n[    7.666622] usbcore: registered new interface driver ums-datafab\n[    7.673660] usbcore: registered new interface driver ums_eneub6250\n[    7.680890] usbcore: registered new interface driver ums-freecom\n[    7.687922] usbcore: registered new interface driver ums-isd200\n[    7.694868] usbcore: registered new interface driver ums-jumpshot\n[    7.702010] usbcore: registered new interface driver ums-karma\n[    7.708868] usbcore: registered new interface driver ums-onetouch\n[    7.716123] usbcore: registered new interface driver ums-realtek\n[    7.723178] usbcore: registered new interface driver ums-sddr09\n[    7.730123] usbcore: registered new interface driver ums-sddr55\n[    7.737065] usbcore: registered new interface driver ums-usbat\n[    7.744017] usb_serial_number:20080411\n[    7.751379] input: sunxi-keyboard as /devices/virtual/input/input0\n[    7.760309] usbcore: registered new interface driver xpad\n[    7.766761] usbcore: registered new interface driver usb_acecad\n[    7.773817] usbcore: registered new interface driver aiptek\n[    7.780442] usbcore: registered new interface driver gtco\n[    7.786863] usbcore: registered new interface driver hanwang\n[    7.793556] usbcore: registered new interface driver kbtab\n[    7.804035] sunxi-rtc rtc: rtc core: registered sunxi-rtc as rtc0\n[    7.811177] sunxi-rtc rtc: RTC enabled\n[    7.815481] sunxi_rtc_probe: bootup extend state 1\n[    7.821799] i2c /dev entries driver\n[    7.827975] IR NEC protocol handler initialized\n[    7.833107] IR RC5(x/sz) protocol handler initialized\n[    7.839715] sunxi_ir_startup: get ir protocol failed\n[    7.845198] 7040000.s_cir supply ir0 not found, using dummy regulator\n[    7.853446] Registered IR keymap rc_map_sunxi\n[    7.860262] input: sunxi-ir as /devices/platform/soc/7040000.s_cir/rc/rc0/input1\n[    7.869554] rc rc0: sunxi-ir as /devices/platform/soc/7040000.s_cir/rc/rc0\n[    7.878954] sunxi cedar version 0.1\n[    7.883230] VE: install start!!!\n[    7.883230]\n[    7.888814] cedar_ve: cedar-ve the get irq is 278\n[    7.895448] VE: get debugfs_mpp_root is NULL, please check mpp\n[    7.895448]\n[    7.903700] VE: sunxi ve debug register driver failed!\n[    7.903700]\n[    7.917824] device-mapper: uevent: version 1.0.3\n[    7.926196] device-mapper: ioctl: 4.35.0-ioctl (2016-06-23) initialised: dm-devel@redhat.com\n[    7.936049] Bluetooth: HCI UART driver ver 2.3\n[    7.941079] Bluetooth: HCI UART protocol H4 registered\n[    7.946926] Bluetooth: HCI UART protocol LL registered\n[    7.952719] Bluetooth: HCI UART protocol Three-wire (H5) registered\n[    7.965325] sunxi-mmc sdc2: SD/MMC/SDIO Host Controller Driver(v3.35 2019-12-11 14:29)\n[    7.974598] sunxi-mmc sdc2: ***ctl-spec-caps*** 8\n[    7.981351] sunxi-mmc sdc2: No vdmmc regulator found\n[    7.986963] sunxi-mmc sdc2: No vd33sw regulator found\n[    7.992665] sunxi-mmc sdc2: No vd18sw regulator found\n[    7.998358] sunxi-mmc sdc2: No vq33sw regulator found\n[    8.004050] sunxi-mmc sdc2: No vq18sw regulator found\n[    8.010868] sunxi-mmc sdc2: set host busy\n[    8.015524] mmc:failed to get gpios\n[    8.020293] sunxi-mmc sdc2: sdc set ios:clk 0Hz bm PP pm UP vdd 21 width 1 timing LEGACY(SDR12) dt B\n[    8.045399] sunxi-mmc sdc2: sdc set ios:clk 400000Hz bm PP pm ON vdd 21 width 1 timing LEGACY(SDR12) dt B\n[    8.072071] sunxi-mmc sdc2: detmode:alway in(non removable)\n[    8.072096] sunxi-mmc sdc2: sdc set ios:clk 400000Hz bm PP pm ON vdd 21 width 1 timing LEGACY(SDR12) dt B\n[    8.080524] sunxi-mmc sdc2: sdc set ios:clk 400000Hz bm PP pm ON vdd 21 width 1 timing LEGACY(SDR12) dt B\n[    8.081624] sunxi-mmc sdc2: sdc set ios:clk 400000Hz bm OD pm ON vdd 21 width 1 timing LEGACY(SDR12) dt B\n[    8.092518] sunxi-mmc sdc2: sdc set ios:clk 400000Hz bm OD pm ON vdd 21 width 1 timing LEGACY(SDR12) dt B\n[    8.092613] sunxi-mmc sdc2: sdc set ios:clk 400000Hz bm OD pm ON vdd 21 width 1 timing LEGACY(SDR12) dt B\n[    8.105495] sunxi-mmc sdc2: sdc set ios:clk 400000Hz bm OD pm ON vdd 21 width 1 timing LEGACY(SDR12) dt B\n[    8.150509] sun50iw9p1-pinctrl pio: expect_func as:uart0_jtag, but muxsel(3) is func:jtag\n[    8.159737] sun50iw9p1-pinctrl pio: expect_func as:uart0_jtag, but muxsel(3) is func:jtag\n[    8.168979] sun50iw9p1-pinctrl pio: expect_func as:uart0_jtag, but muxsel(3) is func:uart0\n[    8.178318] sun50iw9p1-pinctrl pio: expect_func as:uart0_jtag, but muxsel(3) is func:jtag\n[    8.187579] sun50iw9p1-pinctrl pio: expect_func as:uart0_jtag, but muxsel(3) is func:uart0\n[    8.196901] sunxi-mmc sdc2: sdc set ios:clk 400000Hz bm PP pm ON vdd 21 width 1 timing LEGACY(SDR12) dt B\n[    8.207869] sun50iw9p1-pinctrl pio: expect_func as:uart0_jtag, but muxsel(3) is func:jtag\n[    8.217971] sunxi-mmc sdc0: SD/MMC/SDIO Host Controller Driver(v3.35 2019-12-11 14:29)\n[    8.227077] sunxi-mmc sdc0: ***ctl-spec-caps*** 8\n[    8.233853] sunxi-mmc sdc2: sdc set ios:clk 400000Hz bm PP pm ON vdd 21 width 8 timing LEGACY(SDR12) dt B\n[    8.246660] sunxi-mmc sdc0: No vqmmc regulator found\n[    8.247131] sunxi-mmc sdc2: sdc set ios:clk 400000Hz bm PP pm ON vdd 21 width 8 timing MMC-HS200 dt B\n[    8.247619] sunxi-mmc sdc2: sdc set ios:clk 50000000Hz bm PP pm ON vdd 21 width 8 timing MMC-HS200 dt B\n[    8.247935] sunxi-mmc sdc2: sdc set ios:clk 50000000Hz bm PP pm ON vdd 21 width 8 timing MMC-HS(SDR20) dt B\n[    8.248111] sunxi-mmc sdc2: sdc set ios:clk 50000000Hz bm PP pm ON vdd 21 width 8 timing MMC-HS(SDR20) dt B\n[    8.248374] sunxi-mmc sdc2: sdc set ios:clk 50000000Hz bm PP pm ON vdd 21 width 8 timing MMC-HS400 dt B\n[    8.248543] sunxi-mmc sdc2: sdc set ios:clk 50000000Hz bm PP pm ON vdd 21 width 8 timing MMC-HS400 dt B\n[    8.248876] mmc0: new HS400 MMC card at address 0001\n[    8.251378] mmcblk0: mmc0:0001 58A398 7.28 GiB\n[    8.252405] mmcblk0boot0: mmc0:0001 58A398 partition 1 4.00 MiB\n[    8.256597] mmcblk0boot1: mmc0:0001 58A398 partition 2 4.00 MiB\n[    8.260766] mmcblk0rpmb: mmc0:0001 58A398 partition 3 4.00 MiB\n[    8.264538]  mmcblk0: p1 p2 p3 p4 p5 p6 p7 p8\n[    8.351886] sunxi-mmc sdc0: No vdmmc regulator found\n[    8.358687] sunxi-mmc sdc0: set host busy\n[    8.363436] sunxi-mmc sdc0: Got CD GPIO\n[    8.368784] sunxi-mmc sdc0: sdc set ios:clk 0Hz bm PP pm UP vdd 21 width 1 timing LEGACY(SDR12) dt B\n[    8.379121] sunxi-mmc sdc0: no vqmmc,Check if there is regulator\n[    8.402062] sunxi-mmc sdc0: sdc set ios:clk 400000Hz bm PP pm ON vdd 21 width 1 timing LEGACY(SDR12) dt B\n[    8.429201] sunxi-mmc sdc0: detmode:gpio irq\n[    8.435357] sunxi-mmc sdc1: SD/MMC/SDIO Host Controller Driver(v3.35 2019-12-11 14:29)\n[    8.444449] sunxi-mmc sdc1: ***ctl-spec-caps*** 8\n[    8.449854] sunxi-mmc sdc1: No vmmc regulator found\n[    8.455449] sunxi-mmc sdc1: No vqmmc regulator found\n[    8.461045] sunxi-mmc sdc1: No vdmmc regulator found\n[    8.466639] sunxi-mmc sdc1: No vd33sw regulator found\n[    8.472330] sunxi-mmc sdc1: No vd18sw regulator found\n[    8.478021] sunxi-mmc sdc1: No vq33sw regulator found\n[    8.483711] sunxi-mmc sdc1: No vq18sw regulator found\n[    8.490445] sunxi-mmc sdc1: set host busy\n[    8.495110] mmc:failed to get gpios\n[    8.499881] sunxi-mmc sdc1: sdc set ios:clk 0Hz bm PP pm UP vdd 21 width 1 timing LEGACY(SDR12) dt B\n[    8.525398] sunxi-mmc sdc1: sdc set ios:clk 400000Hz bm PP pm ON vdd 21 width 1 timing LEGACY(SDR12) dt B\n[    8.552069] sunxi-mmc sdc1: detmode:manually by software\n[    8.552914] sunxi-mmc sdc1: smc 2 p1 err, cmd 52, RTO !!\n[    8.558908] sunxi-mmc sdc1: smc 2 p1 err, cmd 52, RTO !!\n[    8.564095] sunxi-mmc sdc1: sdc set ios:clk 400000Hz bm PP pm ON vdd 21 width 1 timing LEGACY(SDR12) dt B\n[    8.572193] sunxi-mmc sdc1: sdc set ios:clk 400000Hz bm PP pm ON vdd 21 width 1 timing LEGACY(SDR12) dt B\n[    8.574091] sunxi-mmc sdc1: smc 2 p1 err, cmd 5, RTO !!\n[    8.584874] sunxi-mmc sdc1: smc 2 p1 err, cmd 5, RTO !!\n[    8.595649] sunxi-mmc sdc1: smc 2 p1 err, cmd 5, RTO !!\n[    8.601538] sunxi-mmc sdc1: smc 2 p1 err, cmd 5, RTO !!\n[    8.606626] sunxi-mmc sdc1: sdc set ios:clk 0Hz bm PP pm OFF vdd 0 width 1 timing LEGACY(SDR12) dt B\n[    8.631381] hidraw: raw HID events driver (C) Jiri Kosina\n[    8.638787] sunxi-mmc sdc0: sdc set ios:clk 0Hz bm PP pm OFF vdd 0 width 1 timing LEGACY(SDR12) dt B\n[    8.657192] usbcore: registered new interface driver usbhid\n[    8.663496] usbhid: USB HID core driver\n[    8.671053] ashmem: initialized\n[    8.680212] optee: probing for conduit method from DT.\n[    8.686044] optee: api uid mismatch\n[    8.691719] usbcore: registered new interface driver snd-usb-audio\n[    8.702685] [sunxi_hdmi_codec_init] driver and deivce register finished.\n[    8.711768] failed get gpio-spdif gpio from dts,spdif_gpio:-2\n[    8.723385] lineout_vol:26, linein_gain:3, fmin_gain:3, digital_vol:0, adcdrc_cfg:0, adchpf_cfg:0, dacdrc_cfg:0, dachpf_cfg:0, ramp_func_used:1, pa_msleep_time:100, pa_ctl_level:1, gpio-spk:229\n[    8.747990] sunxi-codec-machine sndcodec: sun50iw9-codec <-> cpudai mapping ok\n[    8.762112] sndhdmi sndhdmi: ASoC: CPU DAI (null) not registered\n[    8.768920] sndhdmi sndhdmi: snd_soc_register_card() failed: -517\n[    8.781965] sndspdif sndspdif: spdif-hifi <-> spdif mapping ok\n[    8.796360] sunxi-ahub-cpudai 5097000.cpudai3-controller: ahub cpudai id invalid\n[    8.804750] sunxi-ahub-cpudai: probe of 5097000.cpudai3-controller failed with error -22\n[    8.814898] sun50iw9p1-pinctrl pio: expect_func as:h_pcm0, but muxsel(4) is func:h_i2s0\n[    8.823951] sun50iw9p1-pinctrl pio: expect_func as:h_pcm0, but muxsel(4) is func:h_i2s0\n[    8.832988] sun50iw9p1-pinctrl pio: expect_func as:h_pcm0, but muxsel(4) is func:h_i2s0\n[    8.842014] sun50iw9p1-pinctrl pio: expect_func as:h_pcm0, but muxsel(4) is func:h_i2s0\n[    8.851047] sun50iw9p1-pinctrl pio: expect_func as:h_pcm0, but muxsel(4) is func:h_i2s0\n[    8.868977] sndahub sndahub: sunxi-ahub-aif1 <-> 5097000.cpudai0-controller mapping ok\n[    8.881270] sndahub sndahub: sunxi-ahub-aif2 <-> 5097000.cpudai1-controller mapping ok\n[    8.893073] sndahub sndahub: sunxi-ahub-aif3 <-> 5097000.cpudai2-controller mapping ok\n[    8.912873] pktgen: Packet Generator for packet performance testing. Version: 2.75\n[    8.922375] u32 classifier\n[    8.925698]     Actions configured\n[    8.929553] Netfilter messages via NETLINK v0.30.\n[    8.934930] nfnl_acct: registering with nfnetlink.\n[    8.941627] nf_conntrack version 0.5.0 (4096 buckets, 16384 max)\n[    8.950083] ctnetlink v0.93: registering with nfnetlink.\n[    8.960599] xt_time: kernel timezone is -0000\n[    8.965723] ipip: IPv4 and MPLS over IPv4 tunneling driver\n[    8.975057] gre: GRE over IPv4 demultiplexor driver\n[    8.980595] ip_gre: GRE over IPv4 tunneling driver\n[    8.992162] IPv4 over IPsec tunneling driver\n[    9.000506] ip_tables: (C) 2000-2006 Netfilter Core Team\n[    9.007563] arp_tables: arp_tables: (C) 2002 David S. Miller\n[    9.014161] Initializing XFRM netlink socket\n[    9.019056] IPsec XFRM device driver\n[    9.031066] NET: Registered protocol family 10\n[    9.046218] mip6: Mobile IPv6\n[    9.049727] ip6_tables: (C) 2000-2006 Netfilter Core Team\n[    9.061576] sit: IPv6, IPv4 and MPLS over IPv4 tunneling driver\n[    9.075107] NET: Registered protocol family 17\n[    9.080247] NET: Registered protocol family 15\n[    9.085846] l2tp_core: L2TP core driver, V2.0\n[    9.090801] l2tp_ppp: PPPoL2TP kernel driver, V2.0\n[    9.096802] Registered cp15_barrier emulation handler\n[    9.102524] Registered setend emulation handler\n[    9.111109] registered taskstats version 1\n[    9.118153] HDMI 2.0 driver init start!\n[    9.122546] boot_hdmi=true\n[    9.126497] Can not find the node of esm\n[    9.130985] ERROR: pinctrl_get for HDMI2.0 DDC fail\n[    9.136672] Get hdmi_power0:vcc-hdmi\n[    9.140737] 6000000.hdmi supply vcc-hdmi not found, using dummy regulator\n[    9.148865] Get hdmi_power1:vdd-hdmi\n[    9.152919] 6000000.hdmi supply vdd-hdmi not found, using dummy regulator\n[    9.163245] hdmi_cec_init\n[    9.167489] [DISP] disp_device_attached,line:146:[    9.169234] HDMI2.0 module init end\n[    9.170653] tv_probe()1435 - of_property_read_string tv_power failed!\n\n[    9.183942] attached ok, mgr0<--\x3edevice0, type=4\n[    9.189363] [HDMI receive params]: tv mode: 0xa format:0x1 data bits:0x0 eotf:0x4 cs:0x101 dvi_hdmi:2 range:2 scan:0 aspect_ratio:8\n[    9.202705] [DISP] disp_hdmi_set_mode,line:648:\n[    9.207619] hdmi_set_mode is null!\n[    9.333865] sunxi-thermal 5070400.thermal_sensor: avcc is not calibrated\n[    9.348852] cpu cpu1: opp_list_debug_create_link: Failed to create link\n[    9.356333] cpu cpu1: _add_opp_dev: Failed to register opp debugfs (-12)\n[    9.364080] cpu cpu2: opp_list_debug_create_link: Failed to create link\n[    9.371541] cpu cpu2: _add_opp_dev: Failed to register opp debugfs (-12)\n[    9.379167] cpu cpu3: opp_list_debug_create_link: Failed to create link\n[    9.386628] cpu cpu3: _add_opp_dev: Failed to register opp debugfs (-12)\n[    9.396175] random: fast init done\n[    9.403216] sndhdmi sndhdmi: audiohdmi-dai <-> sunxi-ahub-cpu-aif1 mapping ok\n[    9.413639] get det_vbus is fail, 84\n[    9.417687] get id is fail, 84\n[    9.421909] sunxi-rtc rtc: setting system clock to 1970-01-01 00:29:40 UTC (1780)\n[    9.431285] snddaudio snddaudio0: codec: snd-soc-dummy, codec_dai: snd-soc-dummy-dai.\n[    9.441327] snddaudio snddaudio0: snd-soc-dummy-dai <-> ahub_daudio0 mapping ok\n[    9.452754] ALSA device list:\n[    9.456110]   #0: audiocodec\n[    9.459341]   #1: sndspdif\n[    9.462375]   #2: sndahub\n[    9.465302]   #3: sndhdmi\n[    9.468237]   #4: snddaudio0\n[    9.472274] RAMDISK: Couldn't find valid RAM disk image starting at 0.\n[    9.481725] EXT4-fs (mmcblk0p4): couldn't mount as ext3 due to feature incompatibilities\n[    9.495695] EXT4-fs (mmcblk0p4): mounted filesystem without journal. Opts: (null)\n[    9.504202] VFS: Mounted root (ext4 filesystem) readonly on device 179:4.\n[    9.512578] devtmpfs: mounted\n[    9.516383] Freeing unused kernel memory: 512K\nmount: mounting none on /dev failed: Device or resource busy\n[    9.749085] EXT4-fs (mmcblk0p8): mounted filesystem with ordered data mode. Opts: (null)\nskip mount overlayfs as now rootfs not squashfs\n[    9.789539] EXT4-fs (mmcblk0p4): warning: mounting unchecked fs, running e2fsck is recommended\n[    9.799566] EXT4-fs (mmcblk0p4): re-mounted. Opts: block_validity,delalloc,barrier,user_xattr\n-- run rc.preboot --\nmkdir: can't create directory '/mnt/UDISK/': File exists\nmkdir: can't create directory '/mnt/Reserve0/': File exists\n/etc/init.d/rcS: line 125: mkfs.vfat: not found\n[   10.026686] FAT-fs (mmcblk0p1): Volume was not properly unmounted. Some data may be corrupt. Please run fsck.\n-- run rc.final --\n-- start log service --\n\n\nBusyBox v1.27.2 () built-in shell (ash)\n\n[   10.170222] random: dbus-uuidgen: uninitialized urandom read (12 bytes read)\n _____  _              __     _\n[   10.182324] random: dbus-uuidgen: uninitialized urandom read (8 bytes read)\n|_   _||_| ___  _ _   |  |   |_| ___  _ _  _ _\n  | |   _ |   ||   |  |  |__ | ||   || | ||_'_|\n  | |  | || | || _ |  |_____||_||_|_||___||_,_|\n  |_|  |_||_|_||_|_|  Tina is Based on OpenWrt!\n ----------------------------------------------\n Tina Linux (Neptune, 5C1C9C53)\n ----------------------------------------------\nfailed to connect to ubus\nroot@TinaLinux:/#
[   10.219287] file system registered\nFailed to start message bus: Failed to bind socket \"/var/run/dbus/system_bus_socket\": Address already in use[   10.220870] random: dbus-daemon: uninitialized urandom read (12 bytes read)\n\n[   10.281359] read descriptors\n[   10.284642] read strings\n[   11.183523] urandom_read: 1 callbacks suppressed\n[   11.183528] random: ubusd: uninitialized urandom read (4 bytes read)\n[   11.196151] random: ubusd: uninitialized urandom read (4 bytes read)\n[   11.203306] random: ubusd: uninitialized urandom read (4 bytes read)\nlog: connected to ubus\n\nroot@TinaLinux:/#
[   12.502046] hdmi_hpd_sys_config_release\n\nroot@TinaLinux:/# [   13.545383]\n[   13.545383] insmod_device_driver\n[   13.545383]\n[   13.552778] device_chose finished 124!\n[   13.777038] android_work: sent uevent USB_STATE=CONNECTED\n[   13.993271] configfs-gadget gadget: high-speed config #1: c\n[   13.999672] android_work: sent uevent USB_STATE=CONFIGURED\n[   14.012158] android_work: sent uevent USB_STATE=DISCONNECTED\nroot@TinaLinux:/#\nroot@TinaLinux:/#\n"})}),"\n",(0,r.jsx)(n.h2,{id:"\u70e7\u5199\u56fa\u4ef6\u81f3tf\u5361",children:"\u70e7\u5199\u56fa\u4ef6\u81f3TF\u5361"}),"\n",(0,r.jsx)(n.h3,{id:"\u51c6\u5907\u5de5\u4f5c-1",children:"\u51c6\u5907\u5de5\u4f5c"}),"\n",(0,r.jsxs)(n.ul,{children:["\n",(0,r.jsx)(n.li,{children:"\u786c\u4ef6\uff1a\u53d8\u8272\u9f99-H616\uff08YuzuKiHD-Chamelen\uff09\u4e3b\u677f x1"}),"\n",(0,r.jsx)(n.li,{children:"\u786c\u4ef6\uff1aUSB Type-C\u7ebf x1"}),"\n",(0,r.jsx)(n.li,{children:"\u786c\u4ef6\uff1aTF\u5361\u8bfb\u5361\u5668  x1"}),"\n",(0,r.jsx)(n.li,{children:"\u786c\u4ef6\uff1a8GB\u4ee5\u4e0a\u7684 Micro TF\u5361 x1"}),"\n",(0,r.jsxs)(n.li,{children:["\u8f6f\u4ef6\uff1aTina\u7cfb\u7edfTF\u5361\u70e7\u5f55\u5de5\u5177: ",(0,r.jsx)(n.a,{href:"https://gitlab.com/dongshanpi/tools/-/raw/main/PhoenixCard-V2.8.zip",children:"PhoenixCard-V2.8"})]}),"\n",(0,r.jsxs)(n.li,{children:["\u8f6f\u4ef6\uff1aSDcard\u683c\u5f0f\u5316\u5de5\u5177\uff1a",(0,r.jsx)(n.a,{href:"https://gitlab.com/dongshanpi/tools/-/raw/main/SDCardFormatter5.0.1Setup.exe",children:"SDCardFormatter5"})]}),"\n"]}),"\n",(0,r.jsx)(n.h3,{id:"\u8fd0\u884c\u70e7\u5199\u8f6f\u4ef6\u70e7\u5199",children:"\u8fd0\u884c\u70e7\u5199\u8f6f\u4ef6\u70e7\u5199"}),"\n",(0,r.jsxs)(n.p,{children:["\u9996\u5148\u9700\u8981\u4e0b\u8f7d  ",(0,r.jsx)(n.strong,{children:"win32diskimage  SDcard\u4e13\u7528\u683c\u5f0f\u5316"})," \u8fd9\u4e24\u4e2a\u70e7\u5199TF\u5361\u7684\u5de5\u5177\uff0c\u7136\u540e\u53ef\u4ee5\u6839\u636e\u5f00\u53d1\u73af\u5883\u642d\u5efa\u7ae0\u8282\uff0c\u6253\u5305\u51fa\u76f8\u5e94\u7684\u955c\u50cf\u6587\u4ef6\uff0c\u8fd9\u4e2a\u6587\u4ef6\u5c31\u662f\u6211\u4eec\u8981\u70e7\u5199\u7684\u955c\u50cf\u3002 \u540c\u65f6\u89e3\u538b\u7f29 ",(0,r.jsx)(n.strong,{children:"Tina\u7cfb\u7edfTF\u5361\u70e7\u5f55\u5de5\u5177 PhoenixCard-V2.8"}),"\uff0c\u89e3\u538b\u5b8c\u6210\u540e\uff0c\u8fdb\u5165\u5230\u70e7\u5199\u5de5\u5177\u76ee\u5f55\u5185\uff0c\u53cc\u51fb\u8fd0\u884c ",(0,r.jsx)(n.code,{children:"PhoenixCard.exe"}),"\u70e7\u5f55\u5de5\u5177\u3002\u5177\u4f53\u6b65\u9aa4\u5982\u4e0b\uff1a"]}),"\n",(0,r.jsx)(n.p,{children:"\u6b65\u9aa4\u4e00\uff1a \u5c06TF\u5361\u63d2\u8fdb\u8bfb\u5361\u5668\u5185\uff0c\u540c\u65f6\u5c06\u8bfb\u5361\u5668\u63d2\u5230\u7535\u8111USB\u63a5\u53e3\uff0c\u4f7f\u7528SD CatFormat\u683c\u5f0f\u5316TF\u5361\uff0c\u6ce8\u610f\u5907\u4efd\u5361\u5185\u6570\u636e\u3002\u53c2\u8003\u4e0b\u56fe\u6240\u793a\uff0c\u70b9\u51fb\u5237\u65b0\u627e\u5230TF\u5361\uff0c\u7136\u540e\u70b9\u51fb Format \u5728\u5f39\u51fa\u7684 \u5bf9\u8bdd\u6846 \u70b9\u51fb **\u662f(Yes)**\u7b49\u5f85\u683c\u5f0f\u5b8c\u6210\u5373\u53ef\u3002"}),"\n",(0,r.jsx)(n.p,{children:(0,r.jsx)(n.img,{alt:"SDCardFormat_001",src:i(17485).Z+"",width:"457",height:"528"})}),"\n",(0,r.jsxs)(n.p,{children:["\u6b65\u9aa4\u4e8c\uff1a\u683c\u5f0f\u5316\u5b8c\u6210\u540e\uff0c\u4f7f\u7528",(0,r.jsx)(n.strong,{children:"PhoenixCard.exe"}),"\u5de5\u5177\u6765\u70e7\u5f55\u955c\u50cf\uff0c\u53c2\u8003\u4e0b\u56fe\u6b65\u9aa4\uff0c\u627e\u5230\u81ea\u5df1\u7684TF\u5361\u76d8\u7b26\uff0c\u70b9\u51fb ",(0,r.jsx)(n.code,{children:"\u5de6\u4e0a\u89d2\u7ea2\u68461"})," \u56fa\u4ef6\uff0c\u9009\u62e9\u5df2\u7ecf\u89e3\u538b\u8fc7\u7684 ",(0,r.jsx)(n.code,{children:"tina_h616-p2_uart0.img"})," \u955c\u50cf\uff0c\u7136\u540e\u70b9\u51fb ",(0,r.jsx)(n.code,{children:"\u7ea2\u68462 \u542f\u52a8\u5361"}),"\uff0c\u6700\u540e\u70b9\u51fb",(0,r.jsx)(n.code,{children:"\u7ea2\u68463 \u70e7\u5f55"})," \u7b49\u5f85\u70e7\u5f55\u5b8c\u6210\u5373\u53ef\u3002"]}),"\n",(0,r.jsx)(n.p,{children:(0,r.jsx)(n.img,{alt:"PhoenixCard_Config_002",src:i(26301).Z+"",width:"1137",height:"893"})}),"\n",(0,r.jsx)(n.p,{children:"\u5982\u4e0b\u56fe\u4e3a\u70e7\u5f55\u6210\u529f\u793a\u610f\u56fe\u3002"}),"\n",(0,r.jsx)(n.p,{children:(0,r.jsx)(n.img,{alt:"PhoenixCard_Config_002",src:i(99474).Z+"",width:"1137",height:"893"})}),"\n",(0,r.jsxs)(n.p,{children:["\u70e7\u5f55\u5b8c\u6210\u4ee5\u540e\uff0c\u5c31\u53ef\u4ee5\u5f39\u51faTF\u5361\uff0c\u5e76\u5c06\u5176\u63d2\u5230\u5f00\u53d1\u677f\u6b63\u9762 ",(0,r.jsx)(n.code,{children:"TF\u5361\u5361\u69fd"}),"\u4f4d\u7f6e\u5904\uff0c\u4f7f\u7528\u4e32\u53e3\u8fdb\u884c\u767b\u5f55\uff0c\u4e5f\u53ef\u4ee5\u4f7f\u7528 adb shell \u76f4\u63a5\u8fde\u63a5 ADB\u8fdb\u884c\u767b\u5f55\u8bbf\u95ee\u3002"]}),"\n",(0,r.jsx)(n.p,{children:(0,r.jsx)(n.strong,{children:"\u6ce8\u610f\uff1aT113-i\u63d2\u4e0aTF\u5361\u9ed8\u8ba4TF\u5361\u4f18\u5148\u542f\u52a8"})})]})}function u(e={}){const{wrapper:n}={...(0,s.a)(),...e.components};return n?(0,r.jsx)(n,{...e,children:(0,r.jsx)(l,{...e})}):l(e)}},26301:(e,n,i)=>{i.d(n,{Z:()=>r});const r=i.p+"assets/images/PhoenixCard_Config_001-5136418c19253ab011e81195c9844b4e.png"},99474:(e,n,i)=>{i.d(n,{Z:()=>r});const r=i.p+"assets/images/PhoenixCard_Config_002-4fdbb3feec8858b4d792c906969c6ac9.png"},17485:(e,n,i)=>{i.d(n,{Z:()=>r});const r=i.p+"assets/images/SDCardFormat_001-e7db7077e44e261ec32395fae331fe0b.png"},6501:(e,n,i)=>{i.d(n,{Z:()=>r});const r=i.p+"assets/images/image-20241223165046650-6b3fd7510867dd846a6d55255c348c8d.png"},44065:(e,n,i)=>{i.d(n,{Z:()=>r});const r=i.p+"assets/images/image-20241223165324945-f072229cea7e36a47aa500081a98d6f9.png"},11151:(e,n,i)=>{i.d(n,{Z:()=>d,a:()=>o});var r=i(67294);const s={},t=r.createContext(s);function o(e){const n=r.useContext(t);return r.useMemo((function(){return"function"==typeof e?e(n):{...n,...e}}),[n,e])}function d(e){let n;return n=e.disableParentContext?"function"==typeof e.components?e.components(s):e.components||s:o(e.components),r.createElement(t.Provider,{value:n},e.children)}}}]);